<!doctype html public "-//w3c//dtd html 4.0 transitional//en">
<html><head>
<title>Static Call Graph - [.\Objects\stm32f407.axf]</title></head>
<body><HR>
<H1>Static Call Graph for image .\Objects\stm32f407.axf</H1><HR>
<BR><P>#&#060CALLGRAPH&#062# ARM Linker, 5060528: Last Updated: Wed Jan 07 21:11:09 2026
<BR><P>
<H3>Maximum Stack Usage =        544 bytes + Unknown(Cycles, Untraceable Function Pointers)</H3><H3>
Call chain for Maximum Stack Depth:</H3>
systemSchedulingLogic &rArr; updateOutdoorWeatherToScreen &rArr; parseWeatherInfo &rArr; __0sscanf &rArr; __vfscanf_char &rArr; __vfscanf &rArr; _scanf_real
<P>
<H3>
Mutually Recursive functions
</H3> <LI><a href="#[1]">NMI_Handler</a>&nbsp;&nbsp;&nbsp;&rArr;&nbsp;&nbsp;&nbsp;<a href="#[1]">NMI_Handler</a><BR>
 <LI><a href="#[2]">HardFault_Handler</a>&nbsp;&nbsp;&nbsp;&rArr;&nbsp;&nbsp;&nbsp;<a href="#[2]">HardFault_Handler</a><BR>
 <LI><a href="#[3]">MemManage_Handler</a>&nbsp;&nbsp;&nbsp;&rArr;&nbsp;&nbsp;&nbsp;<a href="#[3]">MemManage_Handler</a><BR>
 <LI><a href="#[4]">BusFault_Handler</a>&nbsp;&nbsp;&nbsp;&rArr;&nbsp;&nbsp;&nbsp;<a href="#[4]">BusFault_Handler</a><BR>
 <LI><a href="#[5]">UsageFault_Handler</a>&nbsp;&nbsp;&nbsp;&rArr;&nbsp;&nbsp;&nbsp;<a href="#[5]">UsageFault_Handler</a><BR>
 <LI><a href="#[7]">DebugMon_Handler</a>&nbsp;&nbsp;&nbsp;&rArr;&nbsp;&nbsp;&nbsp;<a href="#[7]">DebugMon_Handler</a><BR>
 <LI><a href="#[1c]">ADC_IRQHandler</a>&nbsp;&nbsp;&nbsp;&rArr;&nbsp;&nbsp;&nbsp;<a href="#[1c]">ADC_IRQHandler</a><BR>
</UL>
<P>
<H3>
Function Pointers
</H3><UL>
 <LI><a href="#[1c]">ADC_IRQHandler</a> from startup_stm32f40_41xxx.o(.text) referenced from startup_stm32f40_41xxx.o(RESET)
 <LI><a href="#[4]">BusFault_Handler</a> from startup_stm32f40_41xxx.o(.text) referenced from startup_stm32f40_41xxx.o(RESET)
 <LI><a href="#[1e]">CAN1_RX0_IRQHandler</a> from startup_stm32f40_41xxx.o(.text) referenced from startup_stm32f40_41xxx.o(RESET)
 <LI><a href="#[1f]">CAN1_RX1_IRQHandler</a> from startup_stm32f40_41xxx.o(.text) referenced from startup_stm32f40_41xxx.o(RESET)
 <LI><a href="#[20]">CAN1_SCE_IRQHandler</a> from startup_stm32f40_41xxx.o(.text) referenced from startup_stm32f40_41xxx.o(RESET)
 <LI><a href="#[1d]">CAN1_TX_IRQHandler</a> from startup_stm32f40_41xxx.o(.text) referenced from startup_stm32f40_41xxx.o(RESET)
 <LI><a href="#[4a]">CAN2_RX0_IRQHandler</a> from startup_stm32f40_41xxx.o(.text) referenced from startup_stm32f40_41xxx.o(RESET)
 <LI><a href="#[4b]">CAN2_RX1_IRQHandler</a> from startup_stm32f40_41xxx.o(.text) referenced from startup_stm32f40_41xxx.o(RESET)
 <LI><a href="#[4c]">CAN2_SCE_IRQHandler</a> from startup_stm32f40_41xxx.o(.text) referenced from startup_stm32f40_41xxx.o(RESET)
 <LI><a href="#[49]">CAN2_TX_IRQHandler</a> from startup_stm32f40_41xxx.o(.text) referenced from startup_stm32f40_41xxx.o(RESET)
 <LI><a href="#[59]">CRYP_IRQHandler</a> from startup_stm32f40_41xxx.o(.text) referenced from startup_stm32f40_41xxx.o(RESET)
 <LI><a href="#[58]">DCMI_IRQHandler</a> from startup_stm32f40_41xxx.o(.text) referenced from startup_stm32f40_41xxx.o(RESET)
 <LI><a href="#[15]">DMA1_Stream0_IRQHandler</a> from startup_stm32f40_41xxx.o(.text) referenced from startup_stm32f40_41xxx.o(RESET)
 <LI><a href="#[16]">DMA1_Stream1_IRQHandler</a> from startup_stm32f40_41xxx.o(.text) referenced from startup_stm32f40_41xxx.o(RESET)
 <LI><a href="#[17]">DMA1_Stream2_IRQHandler</a> from startup_stm32f40_41xxx.o(.text) referenced from startup_stm32f40_41xxx.o(RESET)
 <LI><a href="#[18]">DMA1_Stream3_IRQHandler</a> from startup_stm32f40_41xxx.o(.text) referenced from startup_stm32f40_41xxx.o(RESET)
 <LI><a href="#[19]">DMA1_Stream4_IRQHandler</a> from startup_stm32f40_41xxx.o(.text) referenced from startup_stm32f40_41xxx.o(RESET)
 <LI><a href="#[1a]">DMA1_Stream5_IRQHandler</a> from startup_stm32f40_41xxx.o(.text) referenced from startup_stm32f40_41xxx.o(RESET)
 <LI><a href="#[1b]">DMA1_Stream6_IRQHandler</a> from startup_stm32f40_41xxx.o(.text) referenced from startup_stm32f40_41xxx.o(RESET)
 <LI><a href="#[39]">DMA1_Stream7_IRQHandler</a> from startup_stm32f40_41xxx.o(.text) referenced from startup_stm32f40_41xxx.o(RESET)
 <LI><a href="#[42]">DMA2_Stream0_IRQHandler</a> from startup_stm32f40_41xxx.o(.text) referenced from startup_stm32f40_41xxx.o(RESET)
 <LI><a href="#[43]">DMA2_Stream1_IRQHandler</a> from startup_stm32f40_41xxx.o(.text) referenced from startup_stm32f40_41xxx.o(RESET)
 <LI><a href="#[44]">DMA2_Stream2_IRQHandler</a> from startup_stm32f40_41xxx.o(.text) referenced from startup_stm32f40_41xxx.o(RESET)
 <LI><a href="#[45]">DMA2_Stream3_IRQHandler</a> from startup_stm32f40_41xxx.o(.text) referenced from startup_stm32f40_41xxx.o(RESET)
 <LI><a href="#[46]">DMA2_Stream4_IRQHandler</a> from startup_stm32f40_41xxx.o(.text) referenced from startup_stm32f40_41xxx.o(RESET)
 <LI><a href="#[4e]">DMA2_Stream5_IRQHandler</a> from startup_stm32f40_41xxx.o(.text) referenced from startup_stm32f40_41xxx.o(RESET)
 <LI><a href="#[4f]">DMA2_Stream6_IRQHandler</a> from startup_stm32f40_41xxx.o(.text) referenced from startup_stm32f40_41xxx.o(RESET)
 <LI><a href="#[50]">DMA2_Stream7_IRQHandler</a> from startup_stm32f40_41xxx.o(.text) referenced from startup_stm32f40_41xxx.o(RESET)
 <LI><a href="#[7]">DebugMon_Handler</a> from startup_stm32f40_41xxx.o(.text) referenced from startup_stm32f40_41xxx.o(RESET)
 <LI><a href="#[47]">ETH_IRQHandler</a> from startup_stm32f40_41xxx.o(.text) referenced from startup_stm32f40_41xxx.o(RESET)
 <LI><a href="#[48]">ETH_WKUP_IRQHandler</a> from startup_stm32f40_41xxx.o(.text) referenced from startup_stm32f40_41xxx.o(RESET)
 <LI><a href="#[10]">EXTI0_IRQHandler</a> from startup_stm32f40_41xxx.o(.text) referenced from startup_stm32f40_41xxx.o(RESET)
 <LI><a href="#[32]">EXTI15_10_IRQHandler</a> from startup_stm32f40_41xxx.o(.text) referenced from startup_stm32f40_41xxx.o(RESET)
 <LI><a href="#[11]">EXTI1_IRQHandler</a> from startup_stm32f40_41xxx.o(.text) referenced from startup_stm32f40_41xxx.o(RESET)
 <LI><a href="#[12]">EXTI2_IRQHandler</a> from startup_stm32f40_41xxx.o(.text) referenced from startup_stm32f40_41xxx.o(RESET)
 <LI><a href="#[13]">EXTI3_IRQHandler</a> from startup_stm32f40_41xxx.o(.text) referenced from startup_stm32f40_41xxx.o(RESET)
 <LI><a href="#[14]">EXTI4_IRQHandler</a> from startup_stm32f40_41xxx.o(.text) referenced from startup_stm32f40_41xxx.o(RESET)
 <LI><a href="#[21]">EXTI9_5_IRQHandler</a> from startup_stm32f40_41xxx.o(.text) referenced from startup_stm32f40_41xxx.o(RESET)
 <LI><a href="#[e]">FLASH_IRQHandler</a> from startup_stm32f40_41xxx.o(.text) referenced from startup_stm32f40_41xxx.o(RESET)
 <LI><a href="#[5b]">FPU_IRQHandler</a> from startup_stm32f40_41xxx.o(.text) referenced from startup_stm32f40_41xxx.o(RESET)
 <LI><a href="#[3a]">FSMC_IRQHandler</a> from startup_stm32f40_41xxx.o(.text) referenced from startup_stm32f40_41xxx.o(RESET)
 <LI><a href="#[5a]">HASH_RNG_IRQHandler</a> from startup_stm32f40_41xxx.o(.text) referenced from startup_stm32f40_41xxx.o(RESET)
 <LI><a href="#[2]">HardFault_Handler</a> from startup_stm32f40_41xxx.o(.text) referenced from startup_stm32f40_41xxx.o(RESET)
 <LI><a href="#[2a]">I2C1_ER_IRQHandler</a> from startup_stm32f40_41xxx.o(.text) referenced from startup_stm32f40_41xxx.o(RESET)
 <LI><a href="#[29]">I2C1_EV_IRQHandler</a> from startup_stm32f40_41xxx.o(.text) referenced from startup_stm32f40_41xxx.o(RESET)
 <LI><a href="#[2c]">I2C2_ER_IRQHandler</a> from startup_stm32f40_41xxx.o(.text) referenced from startup_stm32f40_41xxx.o(RESET)
 <LI><a href="#[2b]">I2C2_EV_IRQHandler</a> from startup_stm32f40_41xxx.o(.text) referenced from startup_stm32f40_41xxx.o(RESET)
 <LI><a href="#[53]">I2C3_ER_IRQHandler</a> from startup_stm32f40_41xxx.o(.text) referenced from startup_stm32f40_41xxx.o(RESET)
 <LI><a href="#[52]">I2C3_EV_IRQHandler</a> from startup_stm32f40_41xxx.o(.text) referenced from startup_stm32f40_41xxx.o(RESET)
 <LI><a href="#[3]">MemManage_Handler</a> from startup_stm32f40_41xxx.o(.text) referenced from startup_stm32f40_41xxx.o(RESET)
 <LI><a href="#[1]">NMI_Handler</a> from startup_stm32f40_41xxx.o(.text) referenced from startup_stm32f40_41xxx.o(RESET)
 <LI><a href="#[4d]">OTG_FS_IRQHandler</a> from startup_stm32f40_41xxx.o(.text) referenced from startup_stm32f40_41xxx.o(RESET)
 <LI><a href="#[34]">OTG_FS_WKUP_IRQHandler</a> from startup_stm32f40_41xxx.o(.text) referenced from startup_stm32f40_41xxx.o(RESET)
 <LI><a href="#[55]">OTG_HS_EP1_IN_IRQHandler</a> from startup_stm32f40_41xxx.o(.text) referenced from startup_stm32f40_41xxx.o(RESET)
 <LI><a href="#[54]">OTG_HS_EP1_OUT_IRQHandler</a> from startup_stm32f40_41xxx.o(.text) referenced from startup_stm32f40_41xxx.o(RESET)
 <LI><a href="#[57]">OTG_HS_IRQHandler</a> from startup_stm32f40_41xxx.o(.text) referenced from startup_stm32f40_41xxx.o(RESET)
 <LI><a href="#[56]">OTG_HS_WKUP_IRQHandler</a> from startup_stm32f40_41xxx.o(.text) referenced from startup_stm32f40_41xxx.o(RESET)
 <LI><a href="#[b]">PVD_IRQHandler</a> from startup_stm32f40_41xxx.o(.text) referenced from startup_stm32f40_41xxx.o(RESET)
 <LI><a href="#[8]">PendSV_Handler</a> from port.o(.emb_text) referenced from startup_stm32f40_41xxx.o(RESET)
 <LI><a href="#[f]">RCC_IRQHandler</a> from startup_stm32f40_41xxx.o(.text) referenced from startup_stm32f40_41xxx.o(RESET)
 <LI><a href="#[33]">RTC_Alarm_IRQHandler</a> from startup_stm32f40_41xxx.o(.text) referenced from startup_stm32f40_41xxx.o(RESET)
 <LI><a href="#[d]">RTC_WKUP_IRQHandler</a> from startup_stm32f40_41xxx.o(.text) referenced from startup_stm32f40_41xxx.o(RESET)
 <LI><a href="#[0]">Reset_Handler</a> from startup_stm32f40_41xxx.o(.text) referenced from startup_stm32f40_41xxx.o(RESET)
 <LI><a href="#[3b]">SDIO_IRQHandler</a> from startup_stm32f40_41xxx.o(.text) referenced from startup_stm32f40_41xxx.o(RESET)
 <LI><a href="#[2d]">SPI1_IRQHandler</a> from startup_stm32f40_41xxx.o(.text) referenced from startup_stm32f40_41xxx.o(RESET)
 <LI><a href="#[2e]">SPI2_IRQHandler</a> from startup_stm32f40_41xxx.o(.text) referenced from startup_stm32f40_41xxx.o(RESET)
 <LI><a href="#[3d]">SPI3_IRQHandler</a> from startup_stm32f40_41xxx.o(.text) referenced from startup_stm32f40_41xxx.o(RESET)
 <LI><a href="#[6]">SVC_Handler</a> from port.o(.emb_text) referenced from startup_stm32f40_41xxx.o(RESET)
 <LI><a href="#[9]">SysTick_Handler</a> from port.o(i.SysTick_Handler) referenced from startup_stm32f40_41xxx.o(RESET)
 <LI><a href="#[5d]">SystemInit</a> from system_stm32f4xx.o(i.SystemInit) referenced from startup_stm32f40_41xxx.o(.text)
 <LI><a href="#[c]">TAMP_STAMP_IRQHandler</a> from startup_stm32f40_41xxx.o(.text) referenced from startup_stm32f40_41xxx.o(RESET)
 <LI><a href="#[22]">TIM1_BRK_TIM9_IRQHandler</a> from startup_stm32f40_41xxx.o(.text) referenced from startup_stm32f40_41xxx.o(RESET)
 <LI><a href="#[25]">TIM1_CC_IRQHandler</a> from startup_stm32f40_41xxx.o(.text) referenced from startup_stm32f40_41xxx.o(RESET)
 <LI><a href="#[24]">TIM1_TRG_COM_TIM11_IRQHandler</a> from startup_stm32f40_41xxx.o(.text) referenced from startup_stm32f40_41xxx.o(RESET)
 <LI><a href="#[23]">TIM1_UP_TIM10_IRQHandler</a> from startup_stm32f40_41xxx.o(.text) referenced from startup_stm32f40_41xxx.o(RESET)
 <LI><a href="#[26]">TIM2_IRQHandler</a> from startup_stm32f40_41xxx.o(.text) referenced from startup_stm32f40_41xxx.o(RESET)
 <LI><a href="#[27]">TIM3_IRQHandler</a> from startup_stm32f40_41xxx.o(.text) referenced from startup_stm32f40_41xxx.o(RESET)
 <LI><a href="#[28]">TIM4_IRQHandler</a> from startup_stm32f40_41xxx.o(.text) referenced from startup_stm32f40_41xxx.o(RESET)
 <LI><a href="#[3c]">TIM5_IRQHandler</a> from startup_stm32f40_41xxx.o(.text) referenced from startup_stm32f40_41xxx.o(RESET)
 <LI><a href="#[40]">TIM6_DAC_IRQHandler</a> from startup_stm32f40_41xxx.o(.text) referenced from startup_stm32f40_41xxx.o(RESET)
 <LI><a href="#[41]">TIM7_IRQHandler</a> from startup_stm32f40_41xxx.o(.text) referenced from startup_stm32f40_41xxx.o(RESET)
 <LI><a href="#[35]">TIM8_BRK_TIM12_IRQHandler</a> from startup_stm32f40_41xxx.o(.text) referenced from startup_stm32f40_41xxx.o(RESET)
 <LI><a href="#[38]">TIM8_CC_IRQHandler</a> from startup_stm32f40_41xxx.o(.text) referenced from startup_stm32f40_41xxx.o(RESET)
 <LI><a href="#[37]">TIM8_TRG_COM_TIM14_IRQHandler</a> from startup_stm32f40_41xxx.o(.text) referenced from startup_stm32f40_41xxx.o(RESET)
 <LI><a href="#[36]">TIM8_UP_TIM13_IRQHandler</a> from startup_stm32f40_41xxx.o(.text) referenced from startup_stm32f40_41xxx.o(RESET)
 <LI><a href="#[3e]">UART4_IRQHandler</a> from startup_stm32f40_41xxx.o(.text) referenced from startup_stm32f40_41xxx.o(RESET)
 <LI><a href="#[3f]">UART5_IRQHandler</a> from startup_stm32f40_41xxx.o(.text) referenced from startup_stm32f40_41xxx.o(RESET)
 <LI><a href="#[2f]">USART1_IRQHandler</a> from usart1.o(i.USART1_IRQHandler) referenced from startup_stm32f40_41xxx.o(RESET)
 <LI><a href="#[30]">USART2_IRQHandler</a> from startup_stm32f40_41xxx.o(.text) referenced from startup_stm32f40_41xxx.o(RESET)
 <LI><a href="#[31]">USART3_IRQHandler</a> from startup_stm32f40_41xxx.o(.text) referenced from startup_stm32f40_41xxx.o(RESET)
 <LI><a href="#[51]">USART6_IRQHandler</a> from startup_stm32f40_41xxx.o(.text) referenced from startup_stm32f40_41xxx.o(RESET)
 <LI><a href="#[5]">UsageFault_Handler</a> from startup_stm32f40_41xxx.o(.text) referenced from startup_stm32f40_41xxx.o(RESET)
 <LI><a href="#[a]">WWDG_IRQHandler</a> from startup_stm32f40_41xxx.o(.text) referenced from startup_stm32f40_41xxx.o(RESET)
 <LI><a href="#[5e]">__main</a> from entry.o(.ARM.Collect$$$$00000000) referenced from startup_stm32f40_41xxx.o(.text)
 <LI><a href="#[60]">_sbackspace</a> from _sgetc.o(.text) referenced 2 times from __0sscanf.o(.text)
 <LI><a href="#[61]">_scanf_char_input</a> from scanf_char.o(.text) referenced from scanf_char.o(.text)
 <LI><a href="#[5f]">_sgetc</a> from _sgetc.o(.text) referenced 2 times from __0sscanf.o(.text)
 <LI><a href="#[64]">_snputc</a> from printfa.o(i._snputc) referenced from printfa.o(i.__0snprintf)
 <LI><a href="#[65]">allTimerCallback</a> from system_operation_scheduling.o(i.allTimerCallback) referenced from system_operation_scheduling.o(i.creatSystemSchedulingLogic)
 <LI><a href="#[63]">fputc</a> from usart1.o(i.fputc) referenced from printfa.o(i.__0printf)
 <LI><a href="#[62]">isspace</a> from isspace_c.o(.text) referenced 2 times from scanf_char.o(.text)
 <LI><a href="#[5c]">main</a> from main.o(i.main) referenced from entry9a.o(.ARM.Collect$$$$0000000B)
 <LI><a href="#[69]">prvIdleTask</a> from tasks.o(i.prvIdleTask) referenced from tasks.o(i.vTaskStartScheduler)
 <LI><a href="#[68]">prvTaskExitError</a> from port.o(i.prvTaskExitError) referenced from port.o(i.pxPortInitialiseStack)
 <LI><a href="#[6a]">prvTimerTask</a> from timers.o(i.prvTimerTask) referenced from timers.o(i.xTimerCreateTimerTask)
 <LI><a href="#[67]">startSystem</a> from main.o(i.startSystem) referenced from main.o(i.main)
 <LI><a href="#[66]">systemSchedulingLogic</a> from system_operation_scheduling.o(i.systemSchedulingLogic) referenced from system_operation_scheduling.o(i.creatSystemSchedulingLogic)
</UL>
<P>
<H3>
Global Symbols
</H3>
<P><STRONG><a name="[5e]"></a>__main</STRONG> (Thumb, 0 bytes, Stack size unknown bytes, entry.o(.ARM.Collect$$$$00000000))
<BR>[Address Reference Count : 1]<UL><LI> startup_stm32f40_41xxx.o(.text)
</UL>
<P><STRONG><a name="[17a]"></a>_main_stk</STRONG> (Thumb, 0 bytes, Stack size unknown bytes, entry2.o(.ARM.Collect$$$$00000001))

<P><STRONG><a name="[6b]"></a>_main_scatterload</STRONG> (Thumb, 0 bytes, Stack size unknown bytes, entry5.o(.ARM.Collect$$$$00000004))
<BR><BR>[Calls]<UL><LI><a href="#[6c]">&gt;&gt;</a>&nbsp;&nbsp;&nbsp;__scatterload
</UL>

<P><STRONG><a name="[87]"></a>__main_after_scatterload</STRONG> (Thumb, 0 bytes, Stack size unknown bytes, entry5.o(.ARM.Collect$$$$00000004))
<BR><BR>[Called By]<UL><LI><a href="#[6c]">&gt;&gt;</a>&nbsp;&nbsp;&nbsp;__scatterload
</UL>

<P><STRONG><a name="[17b]"></a>_main_clock</STRONG> (Thumb, 0 bytes, Stack size unknown bytes, entry7b.o(.ARM.Collect$$$$00000008))

<P><STRONG><a name="[17c]"></a>_main_cpp_init</STRONG> (Thumb, 0 bytes, Stack size unknown bytes, entry8b.o(.ARM.Collect$$$$0000000A))

<P><STRONG><a name="[17d]"></a>_main_init</STRONG> (Thumb, 0 bytes, Stack size unknown bytes, entry9a.o(.ARM.Collect$$$$0000000B))

<P><STRONG><a name="[17e]"></a>__rt_final_cpp</STRONG> (Thumb, 0 bytes, Stack size unknown bytes, entry10a.o(.ARM.Collect$$$$0000000D))

<P><STRONG><a name="[17f]"></a>__rt_final_exit</STRONG> (Thumb, 0 bytes, Stack size unknown bytes, entry11a.o(.ARM.Collect$$$$0000000F))

<P><STRONG><a name="[6]"></a>SVC_Handler</STRONG> (Thumb, 28 bytes, Stack size 0 bytes, port.o(.emb_text))
<BR>[Address Reference Count : 1]<UL><LI> startup_stm32f40_41xxx.o(RESET)
</UL>
<P><STRONG><a name="[174]"></a>__asm___6_port_c_39a90d8d__prvStartFirstTask</STRONG> (Thumb, 36 bytes, Stack size 0 bytes, port.o(.emb_text))
<BR><BR>[Called By]<UL><LI><a href="#[16a]">&gt;&gt;</a>&nbsp;&nbsp;&nbsp;xPortStartScheduler
</UL>

<P><STRONG><a name="[173]"></a>__asm___6_port_c_39a90d8d__prvEnableVFP</STRONG> (Thumb, 16 bytes, Stack size 0 bytes, port.o(.emb_text))
<BR><BR>[Called By]<UL><LI><a href="#[16a]">&gt;&gt;</a>&nbsp;&nbsp;&nbsp;xPortStartScheduler
</UL>

<P><STRONG><a name="[8]"></a>PendSV_Handler</STRONG> (Thumb, 88 bytes, Stack size 0 bytes, port.o(.emb_text))
<BR><BR>[Stack]<UL><LI>Max Depth = 64<LI>Call Chain = PendSV_Handler &rArr; vTaskSwitchContext &rArr; vApplicationStackOverflowHook &rArr; vAssertCalled &rArr; __2printf
</UL>
<BR>[Calls]<UL><LI><a href="#[6d]">&gt;&gt;</a>&nbsp;&nbsp;&nbsp;vTaskSwitchContext
</UL>
<BR>[Address Reference Count : 1]<UL><LI> startup_stm32f40_41xxx.o(RESET)
</UL>
<P><STRONG><a name="[165]"></a>vPortGetIPSR</STRONG> (Thumb, 6 bytes, Stack size 0 bytes, port.o(.emb_text))
<BR><BR>[Called By]<UL><LI><a href="#[164]">&gt;&gt;</a>&nbsp;&nbsp;&nbsp;vPortValidateInterruptPriority
</UL>

<P><STRONG><a name="[0]"></a>Reset_Handler</STRONG> (Thumb, 8 bytes, Stack size 0 bytes, startup_stm32f40_41xxx.o(.text))
<BR>[Address Reference Count : 1]<UL><LI> startup_stm32f40_41xxx.o(RESET)
</UL>
<P><STRONG><a name="[1]"></a>NMI_Handler</STRONG> (Thumb, 2 bytes, Stack size 0 bytes, startup_stm32f40_41xxx.o(.text))
<BR><BR>[Calls]<UL><LI><a href="#[1]">&gt;&gt;</a>&nbsp;&nbsp;&nbsp;NMI_Handler
</UL>
<BR>[Called By]<UL><LI><a href="#[1]">&gt;&gt;</a>&nbsp;&nbsp;&nbsp;NMI_Handler
</UL>
<BR>[Address Reference Count : 1]<UL><LI> startup_stm32f40_41xxx.o(RESET)
</UL>
<P><STRONG><a name="[2]"></a>HardFault_Handler</STRONG> (Thumb, 2 bytes, Stack size 0 bytes, startup_stm32f40_41xxx.o(.text))
<BR><BR>[Calls]<UL><LI><a href="#[2]">&gt;&gt;</a>&nbsp;&nbsp;&nbsp;HardFault_Handler
</UL>
<BR>[Called By]<UL><LI><a href="#[2]">&gt;&gt;</a>&nbsp;&nbsp;&nbsp;HardFault_Handler
</UL>
<BR>[Address Reference Count : 1]<UL><LI> startup_stm32f40_41xxx.o(RESET)
</UL>
<P><STRONG><a name="[3]"></a>MemManage_Handler</STRONG> (Thumb, 2 bytes, Stack size 0 bytes, startup_stm32f40_41xxx.o(.text))
<BR><BR>[Calls]<UL><LI><a href="#[3]">&gt;&gt;</a>&nbsp;&nbsp;&nbsp;MemManage_Handler
</UL>
<BR>[Called By]<UL><LI><a href="#[3]">&gt;&gt;</a>&nbsp;&nbsp;&nbsp;MemManage_Handler
</UL>
<BR>[Address Reference Count : 1]<UL><LI> startup_stm32f40_41xxx.o(RESET)
</UL>
<P><STRONG><a name="[4]"></a>BusFault_Handler</STRONG> (Thumb, 2 bytes, Stack size 0 bytes, startup_stm32f40_41xxx.o(.text))
<BR><BR>[Calls]<UL><LI><a href="#[4]">&gt;&gt;</a>&nbsp;&nbsp;&nbsp;BusFault_Handler
</UL>
<BR>[Called By]<UL><LI><a href="#[4]">&gt;&gt;</a>&nbsp;&nbsp;&nbsp;BusFault_Handler
</UL>
<BR>[Address Reference Count : 1]<UL><LI> startup_stm32f40_41xxx.o(RESET)
</UL>
<P><STRONG><a name="[5]"></a>UsageFault_Handler</STRONG> (Thumb, 2 bytes, Stack size 0 bytes, startup_stm32f40_41xxx.o(.text))
<BR><BR>[Calls]<UL><LI><a href="#[5]">&gt;&gt;</a>&nbsp;&nbsp;&nbsp;UsageFault_Handler
</UL>
<BR>[Called By]<UL><LI><a href="#[5]">&gt;&gt;</a>&nbsp;&nbsp;&nbsp;UsageFault_Handler
</UL>
<BR>[Address Reference Count : 1]<UL><LI> startup_stm32f40_41xxx.o(RESET)
</UL>
<P><STRONG><a name="[7]"></a>DebugMon_Handler</STRONG> (Thumb, 2 bytes, Stack size 0 bytes, startup_stm32f40_41xxx.o(.text))
<BR><BR>[Calls]<UL><LI><a href="#[7]">&gt;&gt;</a>&nbsp;&nbsp;&nbsp;DebugMon_Handler
</UL>
<BR>[Called By]<UL><LI><a href="#[7]">&gt;&gt;</a>&nbsp;&nbsp;&nbsp;DebugMon_Handler
</UL>
<BR>[Address Reference Count : 1]<UL><LI> startup_stm32f40_41xxx.o(RESET)
</UL>
<P><STRONG><a name="[1c]"></a>ADC_IRQHandler</STRONG> (Thumb, 0 bytes, Stack size 0 bytes, startup_stm32f40_41xxx.o(.text))
<BR><BR>[Calls]<UL><LI><a href="#[1c]">&gt;&gt;</a>&nbsp;&nbsp;&nbsp;ADC_IRQHandler
</UL>
<BR>[Called By]<UL><LI><a href="#[1c]">&gt;&gt;</a>&nbsp;&nbsp;&nbsp;ADC_IRQHandler
</UL>
<BR>[Address Reference Count : 1]<UL><LI> startup_stm32f40_41xxx.o(RESET)
</UL>
<P><STRONG><a name="[1e]"></a>CAN1_RX0_IRQHandler</STRONG> (Thumb, 0 bytes, Stack size 0 bytes, startup_stm32f40_41xxx.o(.text))
<BR>[Address Reference Count : 1]<UL><LI> startup_stm32f40_41xxx.o(RESET)
</UL>
<P><STRONG><a name="[1f]"></a>CAN1_RX1_IRQHandler</STRONG> (Thumb, 0 bytes, Stack size 0 bytes, startup_stm32f40_41xxx.o(.text))
<BR>[Address Reference Count : 1]<UL><LI> startup_stm32f40_41xxx.o(RESET)
</UL>
<P><STRONG><a name="[20]"></a>CAN1_SCE_IRQHandler</STRONG> (Thumb, 0 bytes, Stack size 0 bytes, startup_stm32f40_41xxx.o(.text))
<BR>[Address Reference Count : 1]<UL><LI> startup_stm32f40_41xxx.o(RESET)
</UL>
<P><STRONG><a name="[1d]"></a>CAN1_TX_IRQHandler</STRONG> (Thumb, 0 bytes, Stack size 0 bytes, startup_stm32f40_41xxx.o(.text))
<BR>[Address Reference Count : 1]<UL><LI> startup_stm32f40_41xxx.o(RESET)
</UL>
<P><STRONG><a name="[4a]"></a>CAN2_RX0_IRQHandler</STRONG> (Thumb, 0 bytes, Stack size 0 bytes, startup_stm32f40_41xxx.o(.text))
<BR>[Address Reference Count : 1]<UL><LI> startup_stm32f40_41xxx.o(RESET)
</UL>
<P><STRONG><a name="[4b]"></a>CAN2_RX1_IRQHandler</STRONG> (Thumb, 0 bytes, Stack size 0 bytes, startup_stm32f40_41xxx.o(.text))
<BR>[Address Reference Count : 1]<UL><LI> startup_stm32f40_41xxx.o(RESET)
</UL>
<P><STRONG><a name="[4c]"></a>CAN2_SCE_IRQHandler</STRONG> (Thumb, 0 bytes, Stack size 0 bytes, startup_stm32f40_41xxx.o(.text))
<BR>[Address Reference Count : 1]<UL><LI> startup_stm32f40_41xxx.o(RESET)
</UL>
<P><STRONG><a name="[49]"></a>CAN2_TX_IRQHandler</STRONG> (Thumb, 0 bytes, Stack size 0 bytes, startup_stm32f40_41xxx.o(.text))
<BR>[Address Reference Count : 1]<UL><LI> startup_stm32f40_41xxx.o(RESET)
</UL>
<P><STRONG><a name="[59]"></a>CRYP_IRQHandler</STRONG> (Thumb, 0 bytes, Stack size 0 bytes, startup_stm32f40_41xxx.o(.text))
<BR>[Address Reference Count : 1]<UL><LI> startup_stm32f40_41xxx.o(RESET)
</UL>
<P><STRONG><a name="[58]"></a>DCMI_IRQHandler</STRONG> (Thumb, 0 bytes, Stack size 0 bytes, startup_stm32f40_41xxx.o(.text))
<BR>[Address Reference Count : 1]<UL><LI> startup_stm32f40_41xxx.o(RESET)
</UL>
<P><STRONG><a name="[15]"></a>DMA1_Stream0_IRQHandler</STRONG> (Thumb, 0 bytes, Stack size 0 bytes, startup_stm32f40_41xxx.o(.text))
<BR>[Address Reference Count : 1]<UL><LI> startup_stm32f40_41xxx.o(RESET)
</UL>
<P><STRONG><a name="[16]"></a>DMA1_Stream1_IRQHandler</STRONG> (Thumb, 0 bytes, Stack size 0 bytes, startup_stm32f40_41xxx.o(.text))
<BR>[Address Reference Count : 1]<UL><LI> startup_stm32f40_41xxx.o(RESET)
</UL>
<P><STRONG><a name="[17]"></a>DMA1_Stream2_IRQHandler</STRONG> (Thumb, 0 bytes, Stack size 0 bytes, startup_stm32f40_41xxx.o(.text))
<BR>[Address Reference Count : 1]<UL><LI> startup_stm32f40_41xxx.o(RESET)
</UL>
<P><STRONG><a name="[18]"></a>DMA1_Stream3_IRQHandler</STRONG> (Thumb, 0 bytes, Stack size 0 bytes, startup_stm32f40_41xxx.o(.text))
<BR>[Address Reference Count : 1]<UL><LI> startup_stm32f40_41xxx.o(RESET)
</UL>
<P><STRONG><a name="[19]"></a>DMA1_Stream4_IRQHandler</STRONG> (Thumb, 0 bytes, Stack size 0 bytes, startup_stm32f40_41xxx.o(.text))
<BR>[Address Reference Count : 1]<UL><LI> startup_stm32f40_41xxx.o(RESET)
</UL>
<P><STRONG><a name="[1a]"></a>DMA1_Stream5_IRQHandler</STRONG> (Thumb, 0 bytes, Stack size 0 bytes, startup_stm32f40_41xxx.o(.text))
<BR>[Address Reference Count : 1]<UL><LI> startup_stm32f40_41xxx.o(RESET)
</UL>
<P><STRONG><a name="[1b]"></a>DMA1_Stream6_IRQHandler</STRONG> (Thumb, 0 bytes, Stack size 0 bytes, startup_stm32f40_41xxx.o(.text))
<BR>[Address Reference Count : 1]<UL><LI> startup_stm32f40_41xxx.o(RESET)
</UL>
<P><STRONG><a name="[39]"></a>DMA1_Stream7_IRQHandler</STRONG> (Thumb, 0 bytes, Stack size 0 bytes, startup_stm32f40_41xxx.o(.text))
<BR>[Address Reference Count : 1]<UL><LI> startup_stm32f40_41xxx.o(RESET)
</UL>
<P><STRONG><a name="[42]"></a>DMA2_Stream0_IRQHandler</STRONG> (Thumb, 0 bytes, Stack size 0 bytes, startup_stm32f40_41xxx.o(.text))
<BR>[Address Reference Count : 1]<UL><LI> startup_stm32f40_41xxx.o(RESET)
</UL>
<P><STRONG><a name="[43]"></a>DMA2_Stream1_IRQHandler</STRONG> (Thumb, 0 bytes, Stack size 0 bytes, startup_stm32f40_41xxx.o(.text))
<BR>[Address Reference Count : 1]<UL><LI> startup_stm32f40_41xxx.o(RESET)
</UL>
<P><STRONG><a name="[44]"></a>DMA2_Stream2_IRQHandler</STRONG> (Thumb, 0 bytes, Stack size 0 bytes, startup_stm32f40_41xxx.o(.text))
<BR>[Address Reference Count : 1]<UL><LI> startup_stm32f40_41xxx.o(RESET)
</UL>
<P><STRONG><a name="[45]"></a>DMA2_Stream3_IRQHandler</STRONG> (Thumb, 0 bytes, Stack size 0 bytes, startup_stm32f40_41xxx.o(.text))
<BR>[Address Reference Count : 1]<UL><LI> startup_stm32f40_41xxx.o(RESET)
</UL>
<P><STRONG><a name="[46]"></a>DMA2_Stream4_IRQHandler</STRONG> (Thumb, 0 bytes, Stack size 0 bytes, startup_stm32f40_41xxx.o(.text))
<BR>[Address Reference Count : 1]<UL><LI> startup_stm32f40_41xxx.o(RESET)
</UL>
<P><STRONG><a name="[4e]"></a>DMA2_Stream5_IRQHandler</STRONG> (Thumb, 0 bytes, Stack size 0 bytes, startup_stm32f40_41xxx.o(.text))
<BR>[Address Reference Count : 1]<UL><LI> startup_stm32f40_41xxx.o(RESET)
</UL>
<P><STRONG><a name="[4f]"></a>DMA2_Stream6_IRQHandler</STRONG> (Thumb, 0 bytes, Stack size 0 bytes, startup_stm32f40_41xxx.o(.text))
<BR>[Address Reference Count : 1]<UL><LI> startup_stm32f40_41xxx.o(RESET)
</UL>
<P><STRONG><a name="[50]"></a>DMA2_Stream7_IRQHandler</STRONG> (Thumb, 0 bytes, Stack size 0 bytes, startup_stm32f40_41xxx.o(.text))
<BR>[Address Reference Count : 1]<UL><LI> startup_stm32f40_41xxx.o(RESET)
</UL>
<P><STRONG><a name="[47]"></a>ETH_IRQHandler</STRONG> (Thumb, 0 bytes, Stack size 0 bytes, startup_stm32f40_41xxx.o(.text))
<BR>[Address Reference Count : 1]<UL><LI> startup_stm32f40_41xxx.o(RESET)
</UL>
<P><STRONG><a name="[48]"></a>ETH_WKUP_IRQHandler</STRONG> (Thumb, 0 bytes, Stack size 0 bytes, startup_stm32f40_41xxx.o(.text))
<BR>[Address Reference Count : 1]<UL><LI> startup_stm32f40_41xxx.o(RESET)
</UL>
<P><STRONG><a name="[10]"></a>EXTI0_IRQHandler</STRONG> (Thumb, 0 bytes, Stack size 0 bytes, startup_stm32f40_41xxx.o(.text))
<BR>[Address Reference Count : 1]<UL><LI> startup_stm32f40_41xxx.o(RESET)
</UL>
<P><STRONG><a name="[32]"></a>EXTI15_10_IRQHandler</STRONG> (Thumb, 0 bytes, Stack size 0 bytes, startup_stm32f40_41xxx.o(.text))
<BR>[Address Reference Count : 1]<UL><LI> startup_stm32f40_41xxx.o(RESET)
</UL>
<P><STRONG><a name="[11]"></a>EXTI1_IRQHandler</STRONG> (Thumb, 0 bytes, Stack size 0 bytes, startup_stm32f40_41xxx.o(.text))
<BR>[Address Reference Count : 1]<UL><LI> startup_stm32f40_41xxx.o(RESET)
</UL>
<P><STRONG><a name="[12]"></a>EXTI2_IRQHandler</STRONG> (Thumb, 0 bytes, Stack size 0 bytes, startup_stm32f40_41xxx.o(.text))
<BR>[Address Reference Count : 1]<UL><LI> startup_stm32f40_41xxx.o(RESET)
</UL>
<P><STRONG><a name="[13]"></a>EXTI3_IRQHandler</STRONG> (Thumb, 0 bytes, Stack size 0 bytes, startup_stm32f40_41xxx.o(.text))
<BR>[Address Reference Count : 1]<UL><LI> startup_stm32f40_41xxx.o(RESET)
</UL>
<P><STRONG><a name="[14]"></a>EXTI4_IRQHandler</STRONG> (Thumb, 0 bytes, Stack size 0 bytes, startup_stm32f40_41xxx.o(.text))
<BR>[Address Reference Count : 1]<UL><LI> startup_stm32f40_41xxx.o(RESET)
</UL>
<P><STRONG><a name="[21]"></a>EXTI9_5_IRQHandler</STRONG> (Thumb, 0 bytes, Stack size 0 bytes, startup_stm32f40_41xxx.o(.text))
<BR>[Address Reference Count : 1]<UL><LI> startup_stm32f40_41xxx.o(RESET)
</UL>
<P><STRONG><a name="[e]"></a>FLASH_IRQHandler</STRONG> (Thumb, 0 bytes, Stack size 0 bytes, startup_stm32f40_41xxx.o(.text))
<BR>[Address Reference Count : 1]<UL><LI> startup_stm32f40_41xxx.o(RESET)
</UL>
<P><STRONG><a name="[5b]"></a>FPU_IRQHandler</STRONG> (Thumb, 0 bytes, Stack size 0 bytes, startup_stm32f40_41xxx.o(.text))
<BR>[Address Reference Count : 1]<UL><LI> startup_stm32f40_41xxx.o(RESET)
</UL>
<P><STRONG><a name="[3a]"></a>FSMC_IRQHandler</STRONG> (Thumb, 0 bytes, Stack size 0 bytes, startup_stm32f40_41xxx.o(.text))
<BR>[Address Reference Count : 1]<UL><LI> startup_stm32f40_41xxx.o(RESET)
</UL>
<P><STRONG><a name="[5a]"></a>HASH_RNG_IRQHandler</STRONG> (Thumb, 0 bytes, Stack size 0 bytes, startup_stm32f40_41xxx.o(.text))
<BR>[Address Reference Count : 1]<UL><LI> startup_stm32f40_41xxx.o(RESET)
</UL>
<P><STRONG><a name="[2a]"></a>I2C1_ER_IRQHandler</STRONG> (Thumb, 0 bytes, Stack size 0 bytes, startup_stm32f40_41xxx.o(.text))
<BR>[Address Reference Count : 1]<UL><LI> startup_stm32f40_41xxx.o(RESET)
</UL>
<P><STRONG><a name="[29]"></a>I2C1_EV_IRQHandler</STRONG> (Thumb, 0 bytes, Stack size 0 bytes, startup_stm32f40_41xxx.o(.text))
<BR>[Address Reference Count : 1]<UL><LI> startup_stm32f40_41xxx.o(RESET)
</UL>
<P><STRONG><a name="[2c]"></a>I2C2_ER_IRQHandler</STRONG> (Thumb, 0 bytes, Stack size 0 bytes, startup_stm32f40_41xxx.o(.text))
<BR>[Address Reference Count : 1]<UL><LI> startup_stm32f40_41xxx.o(RESET)
</UL>
<P><STRONG><a name="[2b]"></a>I2C2_EV_IRQHandler</STRONG> (Thumb, 0 bytes, Stack size 0 bytes, startup_stm32f40_41xxx.o(.text))
<BR>[Address Reference Count : 1]<UL><LI> startup_stm32f40_41xxx.o(RESET)
</UL>
<P><STRONG><a name="[53]"></a>I2C3_ER_IRQHandler</STRONG> (Thumb, 0 bytes, Stack size 0 bytes, startup_stm32f40_41xxx.o(.text))
<BR>[Address Reference Count : 1]<UL><LI> startup_stm32f40_41xxx.o(RESET)
</UL>
<P><STRONG><a name="[52]"></a>I2C3_EV_IRQHandler</STRONG> (Thumb, 0 bytes, Stack size 0 bytes, startup_stm32f40_41xxx.o(.text))
<BR>[Address Reference Count : 1]<UL><LI> startup_stm32f40_41xxx.o(RESET)
</UL>
<P><STRONG><a name="[4d]"></a>OTG_FS_IRQHandler</STRONG> (Thumb, 0 bytes, Stack size 0 bytes, startup_stm32f40_41xxx.o(.text))
<BR>[Address Reference Count : 1]<UL><LI> startup_stm32f40_41xxx.o(RESET)
</UL>
<P><STRONG><a name="[34]"></a>OTG_FS_WKUP_IRQHandler</STRONG> (Thumb, 0 bytes, Stack size 0 bytes, startup_stm32f40_41xxx.o(.text))
<BR>[Address Reference Count : 1]<UL><LI> startup_stm32f40_41xxx.o(RESET)
</UL>
<P><STRONG><a name="[55]"></a>OTG_HS_EP1_IN_IRQHandler</STRONG> (Thumb, 0 bytes, Stack size 0 bytes, startup_stm32f40_41xxx.o(.text))
<BR>[Address Reference Count : 1]<UL><LI> startup_stm32f40_41xxx.o(RESET)
</UL>
<P><STRONG><a name="[54]"></a>OTG_HS_EP1_OUT_IRQHandler</STRONG> (Thumb, 0 bytes, Stack size 0 bytes, startup_stm32f40_41xxx.o(.text))
<BR>[Address Reference Count : 1]<UL><LI> startup_stm32f40_41xxx.o(RESET)
</UL>
<P><STRONG><a name="[57]"></a>OTG_HS_IRQHandler</STRONG> (Thumb, 0 bytes, Stack size 0 bytes, startup_stm32f40_41xxx.o(.text))
<BR>[Address Reference Count : 1]<UL><LI> startup_stm32f40_41xxx.o(RESET)
</UL>
<P><STRONG><a name="[56]"></a>OTG_HS_WKUP_IRQHandler</STRONG> (Thumb, 0 bytes, Stack size 0 bytes, startup_stm32f40_41xxx.o(.text))
<BR>[Address Reference Count : 1]<UL><LI> startup_stm32f40_41xxx.o(RESET)
</UL>
<P><STRONG><a name="[b]"></a>PVD_IRQHandler</STRONG> (Thumb, 0 bytes, Stack size 0 bytes, startup_stm32f40_41xxx.o(.text))
<BR>[Address Reference Count : 1]<UL><LI> startup_stm32f40_41xxx.o(RESET)
</UL>
<P><STRONG><a name="[f]"></a>RCC_IRQHandler</STRONG> (Thumb, 0 bytes, Stack size 0 bytes, startup_stm32f40_41xxx.o(.text))
<BR>[Address Reference Count : 1]<UL><LI> startup_stm32f40_41xxx.o(RESET)
</UL>
<P><STRONG><a name="[33]"></a>RTC_Alarm_IRQHandler</STRONG> (Thumb, 0 bytes, Stack size 0 bytes, startup_stm32f40_41xxx.o(.text))
<BR>[Address Reference Count : 1]<UL><LI> startup_stm32f40_41xxx.o(RESET)
</UL>
<P><STRONG><a name="[d]"></a>RTC_WKUP_IRQHandler</STRONG> (Thumb, 0 bytes, Stack size 0 bytes, startup_stm32f40_41xxx.o(.text))
<BR>[Address Reference Count : 1]<UL><LI> startup_stm32f40_41xxx.o(RESET)
</UL>
<P><STRONG><a name="[3b]"></a>SDIO_IRQHandler</STRONG> (Thumb, 0 bytes, Stack size 0 bytes, startup_stm32f40_41xxx.o(.text))
<BR>[Address Reference Count : 1]<UL><LI> startup_stm32f40_41xxx.o(RESET)
</UL>
<P><STRONG><a name="[2d]"></a>SPI1_IRQHandler</STRONG> (Thumb, 0 bytes, Stack size 0 bytes, startup_stm32f40_41xxx.o(.text))
<BR>[Address Reference Count : 1]<UL><LI> startup_stm32f40_41xxx.o(RESET)
</UL>
<P><STRONG><a name="[2e]"></a>SPI2_IRQHandler</STRONG> (Thumb, 0 bytes, Stack size 0 bytes, startup_stm32f40_41xxx.o(.text))
<BR>[Address Reference Count : 1]<UL><LI> startup_stm32f40_41xxx.o(RESET)
</UL>
<P><STRONG><a name="[3d]"></a>SPI3_IRQHandler</STRONG> (Thumb, 0 bytes, Stack size 0 bytes, startup_stm32f40_41xxx.o(.text))
<BR>[Address Reference Count : 1]<UL><LI> startup_stm32f40_41xxx.o(RESET)
</UL>
<P><STRONG><a name="[c]"></a>TAMP_STAMP_IRQHandler</STRONG> (Thumb, 0 bytes, Stack size 0 bytes, startup_stm32f40_41xxx.o(.text))
<BR>[Address Reference Count : 1]<UL><LI> startup_stm32f40_41xxx.o(RESET)
</UL>
<P><STRONG><a name="[22]"></a>TIM1_BRK_TIM9_IRQHandler</STRONG> (Thumb, 0 bytes, Stack size 0 bytes, startup_stm32f40_41xxx.o(.text))
<BR>[Address Reference Count : 1]<UL><LI> startup_stm32f40_41xxx.o(RESET)
</UL>
<P><STRONG><a name="[25]"></a>TIM1_CC_IRQHandler</STRONG> (Thumb, 0 bytes, Stack size 0 bytes, startup_stm32f40_41xxx.o(.text))
<BR>[Address Reference Count : 1]<UL><LI> startup_stm32f40_41xxx.o(RESET)
</UL>
<P><STRONG><a name="[24]"></a>TIM1_TRG_COM_TIM11_IRQHandler</STRONG> (Thumb, 0 bytes, Stack size 0 bytes, startup_stm32f40_41xxx.o(.text))
<BR>[Address Reference Count : 1]<UL><LI> startup_stm32f40_41xxx.o(RESET)
</UL>
<P><STRONG><a name="[23]"></a>TIM1_UP_TIM10_IRQHandler</STRONG> (Thumb, 0 bytes, Stack size 0 bytes, startup_stm32f40_41xxx.o(.text))
<BR>[Address Reference Count : 1]<UL><LI> startup_stm32f40_41xxx.o(RESET)
</UL>
<P><STRONG><a name="[26]"></a>TIM2_IRQHandler</STRONG> (Thumb, 0 bytes, Stack size 0 bytes, startup_stm32f40_41xxx.o(.text))
<BR>[Address Reference Count : 1]<UL><LI> startup_stm32f40_41xxx.o(RESET)
</UL>
<P><STRONG><a name="[27]"></a>TIM3_IRQHandler</STRONG> (Thumb, 0 bytes, Stack size 0 bytes, startup_stm32f40_41xxx.o(.text))
<BR>[Address Reference Count : 1]<UL><LI> startup_stm32f40_41xxx.o(RESET)
</UL>
<P><STRONG><a name="[28]"></a>TIM4_IRQHandler</STRONG> (Thumb, 0 bytes, Stack size 0 bytes, startup_stm32f40_41xxx.o(.text))
<BR>[Address Reference Count : 1]<UL><LI> startup_stm32f40_41xxx.o(RESET)
</UL>
<P><STRONG><a name="[3c]"></a>TIM5_IRQHandler</STRONG> (Thumb, 0 bytes, Stack size 0 bytes, startup_stm32f40_41xxx.o(.text))
<BR>[Address Reference Count : 1]<UL><LI> startup_stm32f40_41xxx.o(RESET)
</UL>
<P><STRONG><a name="[40]"></a>TIM6_DAC_IRQHandler</STRONG> (Thumb, 0 bytes, Stack size 0 bytes, startup_stm32f40_41xxx.o(.text))
<BR>[Address Reference Count : 1]<UL><LI> startup_stm32f40_41xxx.o(RESET)
</UL>
<P><STRONG><a name="[41]"></a>TIM7_IRQHandler</STRONG> (Thumb, 0 bytes, Stack size 0 bytes, startup_stm32f40_41xxx.o(.text))
<BR>[Address Reference Count : 1]<UL><LI> startup_stm32f40_41xxx.o(RESET)
</UL>
<P><STRONG><a name="[35]"></a>TIM8_BRK_TIM12_IRQHandler</STRONG> (Thumb, 0 bytes, Stack size 0 bytes, startup_stm32f40_41xxx.o(.text))
<BR>[Address Reference Count : 1]<UL><LI> startup_stm32f40_41xxx.o(RESET)
</UL>
<P><STRONG><a name="[38]"></a>TIM8_CC_IRQHandler</STRONG> (Thumb, 0 bytes, Stack size 0 bytes, startup_stm32f40_41xxx.o(.text))
<BR>[Address Reference Count : 1]<UL><LI> startup_stm32f40_41xxx.o(RESET)
</UL>
<P><STRONG><a name="[37]"></a>TIM8_TRG_COM_TIM14_IRQHandler</STRONG> (Thumb, 0 bytes, Stack size 0 bytes, startup_stm32f40_41xxx.o(.text))
<BR>[Address Reference Count : 1]<UL><LI> startup_stm32f40_41xxx.o(RESET)
</UL>
<P><STRONG><a name="[36]"></a>TIM8_UP_TIM13_IRQHandler</STRONG> (Thumb, 0 bytes, Stack size 0 bytes, startup_stm32f40_41xxx.o(.text))
<BR>[Address Reference Count : 1]<UL><LI> startup_stm32f40_41xxx.o(RESET)
</UL>
<P><STRONG><a name="[3e]"></a>UART4_IRQHandler</STRONG> (Thumb, 0 bytes, Stack size 0 bytes, startup_stm32f40_41xxx.o(.text))
<BR>[Address Reference Count : 1]<UL><LI> startup_stm32f40_41xxx.o(RESET)
</UL>
<P><STRONG><a name="[3f]"></a>UART5_IRQHandler</STRONG> (Thumb, 0 bytes, Stack size 0 bytes, startup_stm32f40_41xxx.o(.text))
<BR>[Address Reference Count : 1]<UL><LI> startup_stm32f40_41xxx.o(RESET)
</UL>
<P><STRONG><a name="[30]"></a>USART2_IRQHandler</STRONG> (Thumb, 0 bytes, Stack size 0 bytes, startup_stm32f40_41xxx.o(.text))
<BR>[Address Reference Count : 1]<UL><LI> startup_stm32f40_41xxx.o(RESET)
</UL>
<P><STRONG><a name="[31]"></a>USART3_IRQHandler</STRONG> (Thumb, 0 bytes, Stack size 0 bytes, startup_stm32f40_41xxx.o(.text))
<BR>[Address Reference Count : 1]<UL><LI> startup_stm32f40_41xxx.o(RESET)
</UL>
<P><STRONG><a name="[51]"></a>USART6_IRQHandler</STRONG> (Thumb, 0 bytes, Stack size 0 bytes, startup_stm32f40_41xxx.o(.text))
<BR>[Address Reference Count : 1]<UL><LI> startup_stm32f40_41xxx.o(RESET)
</UL>
<P><STRONG><a name="[a]"></a>WWDG_IRQHandler</STRONG> (Thumb, 0 bytes, Stack size 0 bytes, startup_stm32f40_41xxx.o(.text))
<BR>[Address Reference Count : 1]<UL><LI> startup_stm32f40_41xxx.o(RESET)
</UL>
<P><STRONG><a name="[119]"></a>__aeabi_memcpy</STRONG> (Thumb, 36 bytes, Stack size 0 bytes, memcpya.o(.text))
<BR><BR>[Called By]<UL><LI><a href="#[11a]">&gt;&gt;</a>&nbsp;&nbsp;&nbsp;prvCopyDataToQueue
<LI><a href="#[118]">&gt;&gt;</a>&nbsp;&nbsp;&nbsp;prvCopyDataFromQueue
</UL>

<P><STRONG><a name="[162]"></a>__aeabi_memcpy4</STRONG> (Thumb, 0 bytes, Stack size 0 bytes, memcpya.o(.text))
<BR><BR>[Called By]<UL><LI><a href="#[15a]">&gt;&gt;</a>&nbsp;&nbsp;&nbsp;updateWifiInfoToScreen
<LI><a href="#[15d]">&gt;&gt;</a>&nbsp;&nbsp;&nbsp;updateOutdoorWeatherToScreen
</UL>

<P><STRONG><a name="[180]"></a>__aeabi_memcpy8</STRONG> (Thumb, 0 bytes, Stack size 0 bytes, memcpya.o(.text), UNUSED)

<P><STRONG><a name="[6f]"></a>__aeabi_memset</STRONG> (Thumb, 14 bytes, Stack size 0 bytes, memseta.o(.text))
<BR><BR>[Called By]<UL><LI><a href="#[11f]">&gt;&gt;</a>&nbsp;&nbsp;&nbsp;prvInitialiseNewTask
<LI><a href="#[70]">&gt;&gt;</a>&nbsp;&nbsp;&nbsp;_memset$wrapper
<LI><a href="#[6e]">&gt;&gt;</a>&nbsp;&nbsp;&nbsp;__aeabi_memclr
</UL>

<P><STRONG><a name="[181]"></a>__aeabi_memset4</STRONG> (Thumb, 0 bytes, Stack size 0 bytes, memseta.o(.text), UNUSED)

<P><STRONG><a name="[182]"></a>__aeabi_memset8</STRONG> (Thumb, 0 bytes, Stack size 0 bytes, memseta.o(.text), UNUSED)

<P><STRONG><a name="[6e]"></a>__aeabi_memclr</STRONG> (Thumb, 4 bytes, Stack size 0 bytes, memseta.o(.text), UNUSED)
<BR><BR>[Calls]<UL><LI><a href="#[6f]">&gt;&gt;</a>&nbsp;&nbsp;&nbsp;__aeabi_memset
</UL>

<P><STRONG><a name="[122]"></a>__aeabi_memclr4</STRONG> (Thumb, 0 bytes, Stack size 0 bytes, memseta.o(.text))
<BR><BR>[Called By]<UL><LI><a href="#[15a]">&gt;&gt;</a>&nbsp;&nbsp;&nbsp;updateWifiInfoToScreen
<LI><a href="#[dd]">&gt;&gt;</a>&nbsp;&nbsp;&nbsp;waitWifiConnect
<LI><a href="#[11f]">&gt;&gt;</a>&nbsp;&nbsp;&nbsp;prvInitialiseNewTask
</UL>

<P><STRONG><a name="[183]"></a>__aeabi_memclr8</STRONG> (Thumb, 0 bytes, Stack size 0 bytes, memseta.o(.text), UNUSED)

<P><STRONG><a name="[70]"></a>_memset$wrapper</STRONG> (Thumb, 18 bytes, Stack size 8 bytes, memseta.o(.text), UNUSED)
<BR><BR>[Calls]<UL><LI><a href="#[6f]">&gt;&gt;</a>&nbsp;&nbsp;&nbsp;__aeabi_memset
</UL>

<P><STRONG><a name="[107]"></a>strstr</STRONG> (Thumb, 36 bytes, Stack size 12 bytes, strstr.o(.text))
<BR><BR>[Stack]<UL><LI>Max Depth = 12<LI>Call Chain = strstr
</UL>
<BR>[Called By]<UL><LI><a href="#[109]">&gt;&gt;</a>&nbsp;&nbsp;&nbsp;parseWeatherInfo
<LI><a href="#[c5]">&gt;&gt;</a>&nbsp;&nbsp;&nbsp;parseSntpTimeInfo
<LI><a href="#[c8]">&gt;&gt;</a>&nbsp;&nbsp;&nbsp;parseCwstateResponseToGetWifiInfo
<LI><a href="#[c9]">&gt;&gt;</a>&nbsp;&nbsp;&nbsp;parseCwjapResponseToGetApInfo
</UL>

<P><STRONG><a name="[155]"></a>strncpy</STRONG> (Thumb, 24 bytes, Stack size 8 bytes, strncpy.o(.text))
<BR><BR>[Stack]<UL><LI>Max Depth = 8<LI>Call Chain = strncpy
</UL>
<BR>[Called By]<UL><LI><a href="#[14d]">&gt;&gt;</a>&nbsp;&nbsp;&nbsp;showString
</UL>

<P><STRONG><a name="[144]"></a>strlen</STRONG> (Thumb, 14 bytes, Stack size 0 bytes, strlen.o(.text))
<BR><BR>[Called By]<UL><LI><a href="#[143]">&gt;&gt;</a>&nbsp;&nbsp;&nbsp;searchAsciiOrChineseModel
</UL>

<P><STRONG><a name="[105]"></a>strcmp</STRONG> (Thumb, 28 bytes, Stack size 8 bytes, strcmp.o(.text))
<BR><BR>[Stack]<UL><LI>Max Depth = 8<LI>Call Chain = strcmp
</UL>
<BR>[Called By]<UL><LI><a href="#[104]">&gt;&gt;</a>&nbsp;&nbsp;&nbsp;matchEsp32sAck
<LI><a href="#[108]">&gt;&gt;</a>&nbsp;&nbsp;&nbsp;weekdayStrToNum
<LI><a href="#[106]">&gt;&gt;</a>&nbsp;&nbsp;&nbsp;monthStrToNum
<LI><a href="#[143]">&gt;&gt;</a>&nbsp;&nbsp;&nbsp;searchAsciiOrChineseModel
</UL>

<P><STRONG><a name="[161]"></a>memcmp</STRONG> (Thumb, 26 bytes, Stack size 12 bytes, memcmp.o(.text))
<BR><BR>[Stack]<UL><LI>Max Depth = 12<LI>Call Chain = memcmp
</UL>
<BR>[Called By]<UL><LI><a href="#[15a]">&gt;&gt;</a>&nbsp;&nbsp;&nbsp;updateWifiInfoToScreen
<LI><a href="#[15d]">&gt;&gt;</a>&nbsp;&nbsp;&nbsp;updateOutdoorWeatherToScreen
</UL>

<P><STRONG><a name="[71]"></a>__0sscanf</STRONG> (Thumb, 48 bytes, Stack size 72 bytes, __0sscanf.o(.text))
<BR><BR>[Stack]<UL><LI>Max Depth = 264<LI>Call Chain = __0sscanf &rArr; __vfscanf_char &rArr; __vfscanf &rArr; _scanf_real
</UL>
<BR>[Calls]<UL><LI><a href="#[72]">&gt;&gt;</a>&nbsp;&nbsp;&nbsp;__vfscanf_char
</UL>
<BR>[Called By]<UL><LI><a href="#[109]">&gt;&gt;</a>&nbsp;&nbsp;&nbsp;parseWeatherInfo
<LI><a href="#[c5]">&gt;&gt;</a>&nbsp;&nbsp;&nbsp;parseSntpTimeInfo
<LI><a href="#[c8]">&gt;&gt;</a>&nbsp;&nbsp;&nbsp;parseCwstateResponseToGetWifiInfo
<LI><a href="#[c9]">&gt;&gt;</a>&nbsp;&nbsp;&nbsp;parseCwjapResponseToGetApInfo
</UL>

<P><STRONG><a name="[73]"></a>_scanf_int</STRONG> (Thumb, 332 bytes, Stack size 56 bytes, _scanf_int.o(.text))
<BR><BR>[Stack]<UL><LI>Max Depth = 56<LI>Call Chain = _scanf_int
</UL>
<BR>[Calls]<UL><LI><a href="#[74]">&gt;&gt;</a>&nbsp;&nbsp;&nbsp;_chval
</UL>
<BR>[Called By]<UL><LI><a href="#[7a]">&gt;&gt;</a>&nbsp;&nbsp;&nbsp;__vfscanf
</UL>

<P><STRONG><a name="[89]"></a>_scanf_string</STRONG> (Thumb, 224 bytes, Stack size 56 bytes, _scanf_str.o(.text))
<BR><BR>[Stack]<UL><LI>Max Depth = 56<LI>Call Chain = _scanf_string
</UL>
<BR>[Called By]<UL><LI><a href="#[7a]">&gt;&gt;</a>&nbsp;&nbsp;&nbsp;__vfscanf
</UL>

<P><STRONG><a name="[15f]"></a>__aeabi_f2d</STRONG> (Thumb, 38 bytes, Stack size 0 bytes, f2d.o(.text))
<BR><BR>[Called By]<UL><LI><a href="#[15d]">&gt;&gt;</a>&nbsp;&nbsp;&nbsp;updateOutdoorWeatherToScreen
<LI><a href="#[151]">&gt;&gt;</a>&nbsp;&nbsp;&nbsp;updataShowOutdoorTemperature
<LI><a href="#[14e]">&gt;&gt;</a>&nbsp;&nbsp;&nbsp;updataShowInnerTemperature
<LI><a href="#[14f]">&gt;&gt;</a>&nbsp;&nbsp;&nbsp;updataShowInnerHumidity
</UL>

<P><STRONG><a name="[75]"></a>__aeabi_d2f</STRONG> (Thumb, 56 bytes, Stack size 8 bytes, d2f.o(.text))
<BR><BR>[Stack]<UL><LI>Max Depth = 8<LI>Call Chain = __aeabi_d2f
</UL>
<BR>[Calls]<UL><LI><a href="#[76]">&gt;&gt;</a>&nbsp;&nbsp;&nbsp;_float_round
</UL>
<BR>[Called By]<UL><LI><a href="#[109]">&gt;&gt;</a>&nbsp;&nbsp;&nbsp;parseWeatherInfo
<LI><a href="#[8c]">&gt;&gt;</a>&nbsp;&nbsp;&nbsp;_scanf_really_real
</UL>

<P><STRONG><a name="[184]"></a>__aeabi_uidiv</STRONG> (Thumb, 0 bytes, Stack size 12 bytes, uidiv.o(.text), UNUSED)

<P><STRONG><a name="[aa]"></a>__aeabi_uidivmod</STRONG> (Thumb, 44 bytes, Stack size 12 bytes, uidiv.o(.text), UNUSED)
<BR><BR>[Called By]<UL><LI><a href="#[a1]">&gt;&gt;</a>&nbsp;&nbsp;&nbsp;_printf_core
</UL>

<P><STRONG><a name="[77]"></a>__aeabi_uldivmod</STRONG> (Thumb, 98 bytes, Stack size 40 bytes, uldiv.o(.text), UNUSED)
<BR><BR>[Calls]<UL><LI><a href="#[78]">&gt;&gt;</a>&nbsp;&nbsp;&nbsp;__aeabi_llsr
<LI><a href="#[79]">&gt;&gt;</a>&nbsp;&nbsp;&nbsp;__aeabi_llsl
</UL>
<BR>[Called By]<UL><LI><a href="#[a1]">&gt;&gt;</a>&nbsp;&nbsp;&nbsp;_printf_core
<LI><a href="#[a6]">&gt;&gt;</a>&nbsp;&nbsp;&nbsp;_fp_digits
</UL>

<P><STRONG><a name="[74]"></a>_chval</STRONG> (Thumb, 28 bytes, Stack size 0 bytes, _chval.o(.text))
<BR><BR>[Called By]<UL><LI><a href="#[73]">&gt;&gt;</a>&nbsp;&nbsp;&nbsp;_scanf_int
</UL>

<P><STRONG><a name="[72]"></a>__vfscanf_char</STRONG> (Thumb, 20 bytes, Stack size 0 bytes, scanf_char.o(.text))
<BR><BR>[Stack]<UL><LI>Max Depth = 192<LI>Call Chain = __vfscanf_char &rArr; __vfscanf &rArr; _scanf_real
</UL>
<BR>[Calls]<UL><LI><a href="#[7a]">&gt;&gt;</a>&nbsp;&nbsp;&nbsp;__vfscanf
</UL>
<BR>[Called By]<UL><LI><a href="#[71]">&gt;&gt;</a>&nbsp;&nbsp;&nbsp;__0sscanf
</UL>

<P><STRONG><a name="[5f]"></a>_sgetc</STRONG> (Thumb, 30 bytes, Stack size 0 bytes, _sgetc.o(.text))
<BR>[Address Reference Count : 2]<UL><LI> __0sscanf.o(.text)
<LI> strtod.o(.text)
</UL>
<P><STRONG><a name="[60]"></a>_sbackspace</STRONG> (Thumb, 34 bytes, Stack size 0 bytes, _sgetc.o(.text))
<BR>[Address Reference Count : 2]<UL><LI> __0sscanf.o(.text)
<LI> strtod.o(.text)
</UL>
<P><STRONG><a name="[7d]"></a>__strtod_int</STRONG> (Thumb, 90 bytes, Stack size 40 bytes, strtod.o(.text))
<BR><BR>[Stack]<UL><LI>Max Depth = 200<LI>Call Chain = __strtod_int &rArr; _local_sscanf &rArr; _scanf_real
</UL>
<BR>[Calls]<UL><LI><a href="#[7b]">&gt;&gt;</a>&nbsp;&nbsp;&nbsp;_local_sscanf
</UL>
<BR>[Called By]<UL><LI><a href="#[a3]">&gt;&gt;</a>&nbsp;&nbsp;&nbsp;__hardfp_atof
</UL>

<P><STRONG><a name="[185]"></a>__I$use$fp</STRONG> (Thumb, 0 bytes, Stack size 0 bytes, iusefp.o(.text), UNUSED)

<P><STRONG><a name="[76]"></a>_float_round</STRONG> (Thumb, 18 bytes, Stack size 0 bytes, fepilogue.o(.text))
<BR><BR>[Called By]<UL><LI><a href="#[75]">&gt;&gt;</a>&nbsp;&nbsp;&nbsp;__aeabi_d2f
</UL>

<P><STRONG><a name="[186]"></a>_float_epilogue</STRONG> (Thumb, 92 bytes, Stack size 4 bytes, fepilogue.o(.text), UNUSED)

<P><STRONG><a name="[7e]"></a>__aeabi_dadd</STRONG> (Thumb, 322 bytes, Stack size 48 bytes, dadd.o(.text), UNUSED)
<BR><BR>[Calls]<UL><LI><a href="#[7f]">&gt;&gt;</a>&nbsp;&nbsp;&nbsp;__aeabi_lasr
<LI><a href="#[79]">&gt;&gt;</a>&nbsp;&nbsp;&nbsp;__aeabi_llsl
<LI><a href="#[81]">&gt;&gt;</a>&nbsp;&nbsp;&nbsp;_double_round
<LI><a href="#[80]">&gt;&gt;</a>&nbsp;&nbsp;&nbsp;_double_epilogue
</UL>
<BR>[Called By]<UL><LI><a href="#[a6]">&gt;&gt;</a>&nbsp;&nbsp;&nbsp;_fp_digits
<LI><a href="#[83]">&gt;&gt;</a>&nbsp;&nbsp;&nbsp;__aeabi_drsub
<LI><a href="#[82]">&gt;&gt;</a>&nbsp;&nbsp;&nbsp;__aeabi_dsub
</UL>

<P><STRONG><a name="[82]"></a>__aeabi_dsub</STRONG> (Thumb, 6 bytes, Stack size 0 bytes, dadd.o(.text), UNUSED)
<BR><BR>[Calls]<UL><LI><a href="#[7e]">&gt;&gt;</a>&nbsp;&nbsp;&nbsp;__aeabi_dadd
</UL>

<P><STRONG><a name="[83]"></a>__aeabi_drsub</STRONG> (Thumb, 6 bytes, Stack size 0 bytes, dadd.o(.text), UNUSED)
<BR><BR>[Calls]<UL><LI><a href="#[7e]">&gt;&gt;</a>&nbsp;&nbsp;&nbsp;__aeabi_dadd
</UL>

<P><STRONG><a name="[84]"></a>__aeabi_dmul</STRONG> (Thumb, 228 bytes, Stack size 48 bytes, dmul.o(.text), UNUSED)
<BR><BR>[Calls]<UL><LI><a href="#[80]">&gt;&gt;</a>&nbsp;&nbsp;&nbsp;_double_epilogue
</UL>
<BR>[Called By]<UL><LI><a href="#[a6]">&gt;&gt;</a>&nbsp;&nbsp;&nbsp;_fp_digits
<LI><a href="#[8a]">&gt;&gt;</a>&nbsp;&nbsp;&nbsp;_fp_value
</UL>

<P><STRONG><a name="[85]"></a>__aeabi_ddiv</STRONG> (Thumb, 222 bytes, Stack size 32 bytes, ddiv.o(.text), UNUSED)
<BR><BR>[Calls]<UL><LI><a href="#[81]">&gt;&gt;</a>&nbsp;&nbsp;&nbsp;_double_round
</UL>
<BR>[Called By]<UL><LI><a href="#[a6]">&gt;&gt;</a>&nbsp;&nbsp;&nbsp;_fp_digits
<LI><a href="#[8a]">&gt;&gt;</a>&nbsp;&nbsp;&nbsp;_fp_value
</UL>

<P><STRONG><a name="[86]"></a>__aeabi_d2ulz</STRONG> (Thumb, 48 bytes, Stack size 0 bytes, dfixul.o(.text), UNUSED)
<BR><BR>[Calls]<UL><LI><a href="#[78]">&gt;&gt;</a>&nbsp;&nbsp;&nbsp;__aeabi_llsr
<LI><a href="#[79]">&gt;&gt;</a>&nbsp;&nbsp;&nbsp;__aeabi_llsl
</UL>
<BR>[Called By]<UL><LI><a href="#[a6]">&gt;&gt;</a>&nbsp;&nbsp;&nbsp;_fp_digits
</UL>

<P><STRONG><a name="[a7]"></a>__aeabi_cdrcmple</STRONG> (Thumb, 48 bytes, Stack size 0 bytes, cdrcmple.o(.text), UNUSED)
<BR><BR>[Called By]<UL><LI><a href="#[a6]">&gt;&gt;</a>&nbsp;&nbsp;&nbsp;_fp_digits
</UL>

<P><STRONG><a name="[6c]"></a>__scatterload</STRONG> (Thumb, 28 bytes, Stack size 0 bytes, init.o(.text))
<BR><BR>[Calls]<UL><LI><a href="#[87]">&gt;&gt;</a>&nbsp;&nbsp;&nbsp;__main_after_scatterload
</UL>
<BR>[Called By]<UL><LI><a href="#[6b]">&gt;&gt;</a>&nbsp;&nbsp;&nbsp;_main_scatterload
</UL>

<P><STRONG><a name="[187]"></a>__scatterload_rt2</STRONG> (Thumb, 0 bytes, Stack size 0 bytes, init.o(.text), UNUSED)

<P><STRONG><a name="[79]"></a>__aeabi_llsl</STRONG> (Thumb, 30 bytes, Stack size 0 bytes, llshl.o(.text), UNUSED)
<BR><BR>[Called By]<UL><LI><a href="#[7e]">&gt;&gt;</a>&nbsp;&nbsp;&nbsp;__aeabi_dadd
<LI><a href="#[86]">&gt;&gt;</a>&nbsp;&nbsp;&nbsp;__aeabi_d2ulz
<LI><a href="#[80]">&gt;&gt;</a>&nbsp;&nbsp;&nbsp;_double_epilogue
<LI><a href="#[77]">&gt;&gt;</a>&nbsp;&nbsp;&nbsp;__aeabi_uldivmod
</UL>

<P><STRONG><a name="[188]"></a>_ll_shift_l</STRONG> (Thumb, 0 bytes, Stack size 0 bytes, llshl.o(.text), UNUSED)

<P><STRONG><a name="[78]"></a>__aeabi_llsr</STRONG> (Thumb, 32 bytes, Stack size 0 bytes, llushr.o(.text), UNUSED)
<BR><BR>[Called By]<UL><LI><a href="#[86]">&gt;&gt;</a>&nbsp;&nbsp;&nbsp;__aeabi_d2ulz
<LI><a href="#[80]">&gt;&gt;</a>&nbsp;&nbsp;&nbsp;_double_epilogue
<LI><a href="#[77]">&gt;&gt;</a>&nbsp;&nbsp;&nbsp;__aeabi_uldivmod
</UL>

<P><STRONG><a name="[189]"></a>_ll_ushift_r</STRONG> (Thumb, 0 bytes, Stack size 0 bytes, llushr.o(.text), UNUSED)

<P><STRONG><a name="[7f]"></a>__aeabi_lasr</STRONG> (Thumb, 36 bytes, Stack size 0 bytes, llsshr.o(.text), UNUSED)
<BR><BR>[Called By]<UL><LI><a href="#[7e]">&gt;&gt;</a>&nbsp;&nbsp;&nbsp;__aeabi_dadd
</UL>

<P><STRONG><a name="[18a]"></a>_ll_sshift_r</STRONG> (Thumb, 0 bytes, Stack size 0 bytes, llsshr.o(.text), UNUSED)

<P><STRONG><a name="[62]"></a>isspace</STRONG> (Thumb, 10 bytes, Stack size 0 bytes, isspace_c.o(.text))
<BR><BR>[Calls]<UL><LI><a href="#[88]">&gt;&gt;</a>&nbsp;&nbsp;&nbsp;__ctype_lookup
</UL>
<BR>[Address Reference Count : 2]<UL><LI> scanf_char.o(.text)
<LI> strtod.o(.text)
</UL>
<P><STRONG><a name="[7a]"></a>__vfscanf</STRONG> (Thumb, 808 bytes, Stack size 88 bytes, _scanf.o(.text))
<BR><BR>[Stack]<UL><LI>Max Depth = 192<LI>Call Chain = __vfscanf &rArr; _scanf_real
</UL>
<BR>[Calls]<UL><LI><a href="#[89]">&gt;&gt;</a>&nbsp;&nbsp;&nbsp;_scanf_string
<LI><a href="#[73]">&gt;&gt;</a>&nbsp;&nbsp;&nbsp;_scanf_int
<LI><a href="#[7c]">&gt;&gt;</a>&nbsp;&nbsp;&nbsp;_scanf_real
</UL>
<BR>[Called By]<UL><LI><a href="#[72]">&gt;&gt;</a>&nbsp;&nbsp;&nbsp;__vfscanf_char
</UL>

<P><STRONG><a name="[7c]"></a>_scanf_real</STRONG> (Thumb, 0 bytes, Stack size 104 bytes, scanf_fp.o(.text))
<BR><BR>[Stack]<UL><LI>Max Depth = 104<LI>Call Chain = _scanf_real
</UL>
<BR>[Called By]<UL><LI><a href="#[7a]">&gt;&gt;</a>&nbsp;&nbsp;&nbsp;__vfscanf
<LI><a href="#[7b]">&gt;&gt;</a>&nbsp;&nbsp;&nbsp;_local_sscanf
</UL>

<P><STRONG><a name="[8c]"></a>_scanf_really_real</STRONG> (Thumb, 556 bytes, Stack size 104 bytes, scanf_fp.o(.text), UNUSED)
<BR><BR>[Calls]<UL><LI><a href="#[75]">&gt;&gt;</a>&nbsp;&nbsp;&nbsp;__aeabi_d2f
<LI><a href="#[8d]">&gt;&gt;</a>&nbsp;&nbsp;&nbsp;_is_digit
<LI><a href="#[8a]">&gt;&gt;</a>&nbsp;&nbsp;&nbsp;_fp_value
</UL>

<P><STRONG><a name="[81]"></a>_double_round</STRONG> (Thumb, 30 bytes, Stack size 8 bytes, depilogue.o(.text), UNUSED)
<BR><BR>[Called By]<UL><LI><a href="#[85]">&gt;&gt;</a>&nbsp;&nbsp;&nbsp;__aeabi_ddiv
<LI><a href="#[7e]">&gt;&gt;</a>&nbsp;&nbsp;&nbsp;__aeabi_dadd
<LI><a href="#[80]">&gt;&gt;</a>&nbsp;&nbsp;&nbsp;_double_epilogue
</UL>

<P><STRONG><a name="[80]"></a>_double_epilogue</STRONG> (Thumb, 156 bytes, Stack size 32 bytes, depilogue.o(.text), UNUSED)
<BR><BR>[Calls]<UL><LI><a href="#[78]">&gt;&gt;</a>&nbsp;&nbsp;&nbsp;__aeabi_llsr
<LI><a href="#[79]">&gt;&gt;</a>&nbsp;&nbsp;&nbsp;__aeabi_llsl
<LI><a href="#[81]">&gt;&gt;</a>&nbsp;&nbsp;&nbsp;_double_round
</UL>
<BR>[Called By]<UL><LI><a href="#[84]">&gt;&gt;</a>&nbsp;&nbsp;&nbsp;__aeabi_dmul
<LI><a href="#[7e]">&gt;&gt;</a>&nbsp;&nbsp;&nbsp;__aeabi_dadd
<LI><a href="#[8b]">&gt;&gt;</a>&nbsp;&nbsp;&nbsp;__aeabi_ul2d
</UL>

<P><STRONG><a name="[88]"></a>__ctype_lookup</STRONG> (Thumb, 34 bytes, Stack size 0 bytes, ctype_c.o(.text))
<BR><BR>[Called By]<UL><LI><a href="#[62]">&gt;&gt;</a>&nbsp;&nbsp;&nbsp;isspace
</UL>

<P><STRONG><a name="[8b]"></a>__aeabi_ul2d</STRONG> (Thumb, 24 bytes, Stack size 16 bytes, dfltul.o(.text), UNUSED)
<BR><BR>[Calls]<UL><LI><a href="#[80]">&gt;&gt;</a>&nbsp;&nbsp;&nbsp;_double_epilogue
</UL>
<BR>[Called By]<UL><LI><a href="#[8a]">&gt;&gt;</a>&nbsp;&nbsp;&nbsp;_fp_value
</UL>

<P><STRONG><a name="[170]"></a>DMA_ClearFlag</STRONG> (Thumb, 38 bytes, Stack size 0 bytes, stm32f4xx_dma.o(i.DMA_ClearFlag))
<BR><BR>[Called By]<UL><LI><a href="#[be]">&gt;&gt;</a>&nbsp;&nbsp;&nbsp;writeDataToSt7789UseDma
</UL>

<P><STRONG><a name="[16e]"></a>DMA_Cmd</STRONG> (Thumb, 22 bytes, Stack size 0 bytes, stm32f4xx_dma.o(i.DMA_Cmd))
<BR><BR>[Called By]<UL><LI><a href="#[be]">&gt;&gt;</a>&nbsp;&nbsp;&nbsp;writeDataToSt7789UseDma
</UL>

<P><STRONG><a name="[16f]"></a>DMA_GetFlagStatus</STRONG> (Thumb, 54 bytes, Stack size 12 bytes, stm32f4xx_dma.o(i.DMA_GetFlagStatus))
<BR><BR>[Stack]<UL><LI>Max Depth = 12<LI>Call Chain = DMA_GetFlagStatus
</UL>
<BR>[Called By]<UL><LI><a href="#[be]">&gt;&gt;</a>&nbsp;&nbsp;&nbsp;writeDataToSt7789UseDma
</UL>

<P><STRONG><a name="[d1]"></a>DMA_Init</STRONG> (Thumb, 82 bytes, Stack size 8 bytes, stm32f4xx_dma.o(i.DMA_Init))
<BR><BR>[Stack]<UL><LI>Max Depth = 8<LI>Call Chain = DMA_Init
</UL>
<BR>[Called By]<UL><LI><a href="#[cf]">&gt;&gt;</a>&nbsp;&nbsp;&nbsp;initDma1Stream4
</UL>

<P><STRONG><a name="[d0]"></a>DMA_StructInit</STRONG> (Thumb, 34 bytes, Stack size 0 bytes, stm32f4xx_dma.o(i.DMA_StructInit))
<BR><BR>[Called By]<UL><LI><a href="#[cf]">&gt;&gt;</a>&nbsp;&nbsp;&nbsp;initDma1Stream4
</UL>

<P><STRONG><a name="[e1]"></a>GPIO_Init</STRONG> (Thumb, 144 bytes, Stack size 20 bytes, stm32f4xx_gpio.o(i.GPIO_Init))
<BR><BR>[Stack]<UL><LI>Max Depth = 20<LI>Call Chain = GPIO_Init
</UL>
<BR>[Called By]<UL><LI><a href="#[cb]">&gt;&gt;</a>&nbsp;&nbsp;&nbsp;initI2c2
<LI><a href="#[d7]">&gt;&gt;</a>&nbsp;&nbsp;&nbsp;initUsart1
<LI><a href="#[d3]">&gt;&gt;</a>&nbsp;&nbsp;&nbsp;initUsart2
<LI><a href="#[f0]">&gt;&gt;</a>&nbsp;&nbsp;&nbsp;initSpi2
</UL>

<P><STRONG><a name="[df]"></a>GPIO_PinAFConfig</STRONG> (Thumb, 70 bytes, Stack size 20 bytes, stm32f4xx_gpio.o(i.GPIO_PinAFConfig))
<BR><BR>[Stack]<UL><LI>Max Depth = 20<LI>Call Chain = GPIO_PinAFConfig
</UL>
<BR>[Called By]<UL><LI><a href="#[cb]">&gt;&gt;</a>&nbsp;&nbsp;&nbsp;initI2c2
<LI><a href="#[d7]">&gt;&gt;</a>&nbsp;&nbsp;&nbsp;initUsart1
<LI><a href="#[d3]">&gt;&gt;</a>&nbsp;&nbsp;&nbsp;initUsart2
<LI><a href="#[f0]">&gt;&gt;</a>&nbsp;&nbsp;&nbsp;initSpi2
</UL>

<P><STRONG><a name="[f2]"></a>GPIO_ResetBits</STRONG> (Thumb, 6 bytes, Stack size 0 bytes, stm32f4xx_gpio.o(i.GPIO_ResetBits))
<BR><BR>[Called By]<UL><LI><a href="#[f0]">&gt;&gt;</a>&nbsp;&nbsp;&nbsp;initSpi2
</UL>

<P><STRONG><a name="[f1]"></a>GPIO_SetBits</STRONG> (Thumb, 4 bytes, Stack size 0 bytes, stm32f4xx_gpio.o(i.GPIO_SetBits))
<BR><BR>[Called By]<UL><LI><a href="#[f0]">&gt;&gt;</a>&nbsp;&nbsp;&nbsp;initSpi2
</UL>

<P><STRONG><a name="[e0]"></a>GPIO_StructInit</STRONG> (Thumb, 18 bytes, Stack size 0 bytes, stm32f4xx_gpio.o(i.GPIO_StructInit))
<BR><BR>[Called By]<UL><LI><a href="#[cb]">&gt;&gt;</a>&nbsp;&nbsp;&nbsp;initI2c2
<LI><a href="#[d7]">&gt;&gt;</a>&nbsp;&nbsp;&nbsp;initUsart1
<LI><a href="#[d3]">&gt;&gt;</a>&nbsp;&nbsp;&nbsp;initUsart2
</UL>

<P><STRONG><a name="[142]"></a>GPIO_WriteBit</STRONG> (Thumb, 12 bytes, Stack size 0 bytes, stm32f4xx_gpio.o(i.GPIO_WriteBit))
<BR><BR>[Called By]<UL><LI><a href="#[be]">&gt;&gt;</a>&nbsp;&nbsp;&nbsp;writeDataToSt7789UseDma
<LI><a href="#[f8]">&gt;&gt;</a>&nbsp;&nbsp;&nbsp;writeDataToSt7789
<LI><a href="#[f9]">&gt;&gt;</a>&nbsp;&nbsp;&nbsp;setBackGroundLed
<LI><a href="#[f7]">&gt;&gt;</a>&nbsp;&nbsp;&nbsp;resetSt7789
</UL>

<P><STRONG><a name="[13e]"></a>I2C_AcknowledgeConfig</STRONG> (Thumb, 24 bytes, Stack size 0 bytes, stm32f4xx_i2c.o(i.I2C_AcknowledgeConfig))
<BR><BR>[Called By]<UL><LI><a href="#[ae]">&gt;&gt;</a>&nbsp;&nbsp;&nbsp;writeMulByteByI2c2
<LI><a href="#[13b]">&gt;&gt;</a>&nbsp;&nbsp;&nbsp;readMulByteByI2c2
</UL>

<P><STRONG><a name="[b2]"></a>I2C_CheckEvent</STRONG> (Thumb, 62 bytes, Stack size 16 bytes, stm32f4xx_i2c.o(i.I2C_CheckEvent))
<BR><BR>[Stack]<UL><LI>Max Depth = 16<LI>Call Chain = I2C_CheckEvent
</UL>
<BR>[Called By]<UL><LI><a href="#[b1]">&gt;&gt;</a>&nbsp;&nbsp;&nbsp;checkI2cEvent
</UL>

<P><STRONG><a name="[e3]"></a>I2C_Cmd</STRONG> (Thumb, 24 bytes, Stack size 0 bytes, stm32f4xx_i2c.o(i.I2C_Cmd))
<BR><BR>[Called By]<UL><LI><a href="#[cb]">&gt;&gt;</a>&nbsp;&nbsp;&nbsp;initI2c2
</UL>

<P><STRONG><a name="[13c]"></a>I2C_GenerateSTART</STRONG> (Thumb, 24 bytes, Stack size 0 bytes, stm32f4xx_i2c.o(i.I2C_GenerateSTART))
<BR><BR>[Called By]<UL><LI><a href="#[ae]">&gt;&gt;</a>&nbsp;&nbsp;&nbsp;writeMulByteByI2c2
<LI><a href="#[13b]">&gt;&gt;</a>&nbsp;&nbsp;&nbsp;readMulByteByI2c2
</UL>

<P><STRONG><a name="[140]"></a>I2C_GenerateSTOP</STRONG> (Thumb, 24 bytes, Stack size 0 bytes, stm32f4xx_i2c.o(i.I2C_GenerateSTOP))
<BR><BR>[Called By]<UL><LI><a href="#[ae]">&gt;&gt;</a>&nbsp;&nbsp;&nbsp;writeMulByteByI2c2
<LI><a href="#[13b]">&gt;&gt;</a>&nbsp;&nbsp;&nbsp;readMulByteByI2c2
</UL>

<P><STRONG><a name="[8e]"></a>I2C_Init</STRONG> (Thumb, 218 bytes, Stack size 48 bytes, stm32f4xx_i2c.o(i.I2C_Init))
<BR><BR>[Stack]<UL><LI>Max Depth = 68<LI>Call Chain = I2C_Init &rArr; RCC_GetClocksFreq
</UL>
<BR>[Calls]<UL><LI><a href="#[8f]">&gt;&gt;</a>&nbsp;&nbsp;&nbsp;RCC_GetClocksFreq
</UL>
<BR>[Called By]<UL><LI><a href="#[cb]">&gt;&gt;</a>&nbsp;&nbsp;&nbsp;initI2c2
</UL>

<P><STRONG><a name="[13f]"></a>I2C_ReceiveData</STRONG> (Thumb, 8 bytes, Stack size 0 bytes, stm32f4xx_i2c.o(i.I2C_ReceiveData))
<BR><BR>[Called By]<UL><LI><a href="#[13b]">&gt;&gt;</a>&nbsp;&nbsp;&nbsp;readMulByteByI2c2
</UL>

<P><STRONG><a name="[13d]"></a>I2C_Send7bitAddress</STRONG> (Thumb, 16 bytes, Stack size 0 bytes, stm32f4xx_i2c.o(i.I2C_Send7bitAddress))
<BR><BR>[Called By]<UL><LI><a href="#[ae]">&gt;&gt;</a>&nbsp;&nbsp;&nbsp;writeMulByteByI2c2
<LI><a href="#[13b]">&gt;&gt;</a>&nbsp;&nbsp;&nbsp;readMulByteByI2c2
</UL>

<P><STRONG><a name="[171]"></a>I2C_SendData</STRONG> (Thumb, 4 bytes, Stack size 0 bytes, stm32f4xx_i2c.o(i.I2C_SendData))
<BR><BR>[Called By]<UL><LI><a href="#[ae]">&gt;&gt;</a>&nbsp;&nbsp;&nbsp;writeMulByteByI2c2
</UL>

<P><STRONG><a name="[e2]"></a>I2C_StructInit</STRONG> (Thumb, 30 bytes, Stack size 0 bytes, stm32f4xx_i2c.o(i.I2C_StructInit))
<BR><BR>[Called By]<UL><LI><a href="#[cb]">&gt;&gt;</a>&nbsp;&nbsp;&nbsp;initI2c2
</UL>

<P><STRONG><a name="[e5]"></a>NVIC_Init</STRONG> (Thumb, 106 bytes, Stack size 16 bytes, misc.o(i.NVIC_Init))
<BR><BR>[Stack]<UL><LI>Max Depth = 16<LI>Call Chain = NVIC_Init
</UL>
<BR>[Called By]<UL><LI><a href="#[ce]">&gt;&gt;</a>&nbsp;&nbsp;&nbsp;initPeripheralNvic
</UL>

<P><STRONG><a name="[e4]"></a>NVIC_PriorityGroupConfig</STRONG> (Thumb, 10 bytes, Stack size 0 bytes, misc.o(i.NVIC_PriorityGroupConfig))
<BR><BR>[Called By]<UL><LI><a href="#[ce]">&gt;&gt;</a>&nbsp;&nbsp;&nbsp;initPeripheralNvic
</UL>

<P><STRONG><a name="[e9]"></a>PWR_BackupAccessCmd</STRONG> (Thumb, 6 bytes, Stack size 0 bytes, stm32f4xx_pwr.o(i.PWR_BackupAccessCmd))
<BR><BR>[Called By]<UL><LI><a href="#[cd]">&gt;&gt;</a>&nbsp;&nbsp;&nbsp;initPeripheralRccClock
</UL>

<P><STRONG><a name="[e6]"></a>RCC_AHB1PeriphClockCmd</STRONG> (Thumb, 26 bytes, Stack size 0 bytes, stm32f4xx_rcc.o(i.RCC_AHB1PeriphClockCmd))
<BR><BR>[Called By]<UL><LI><a href="#[cd]">&gt;&gt;</a>&nbsp;&nbsp;&nbsp;initPeripheralRccClock
</UL>

<P><STRONG><a name="[e8]"></a>RCC_APB1PeriphClockCmd</STRONG> (Thumb, 26 bytes, Stack size 0 bytes, stm32f4xx_rcc.o(i.RCC_APB1PeriphClockCmd))
<BR><BR>[Called By]<UL><LI><a href="#[cd]">&gt;&gt;</a>&nbsp;&nbsp;&nbsp;initPeripheralRccClock
</UL>

<P><STRONG><a name="[e7]"></a>RCC_APB2PeriphClockCmd</STRONG> (Thumb, 26 bytes, Stack size 0 bytes, stm32f4xx_rcc.o(i.RCC_APB2PeriphClockCmd))
<BR><BR>[Called By]<UL><LI><a href="#[cd]">&gt;&gt;</a>&nbsp;&nbsp;&nbsp;initPeripheralRccClock
</UL>

<P><STRONG><a name="[ea]"></a>RCC_BackupResetCmd</STRONG> (Thumb, 6 bytes, Stack size 0 bytes, stm32f4xx_rcc.o(i.RCC_BackupResetCmd))
<BR><BR>[Called By]<UL><LI><a href="#[cd]">&gt;&gt;</a>&nbsp;&nbsp;&nbsp;initPeripheralRccClock
</UL>

<P><STRONG><a name="[8f]"></a>RCC_GetClocksFreq</STRONG> (Thumb, 214 bytes, Stack size 20 bytes, stm32f4xx_rcc.o(i.RCC_GetClocksFreq))
<BR><BR>[Stack]<UL><LI>Max Depth = 20<LI>Call Chain = RCC_GetClocksFreq
</UL>
<BR>[Called By]<UL><LI><a href="#[8e]">&gt;&gt;</a>&nbsp;&nbsp;&nbsp;I2C_Init
<LI><a href="#[9f]">&gt;&gt;</a>&nbsp;&nbsp;&nbsp;USART_Init
</UL>

<P><STRONG><a name="[ec]"></a>RCC_GetFlagStatus</STRONG> (Thumb, 60 bytes, Stack size 8 bytes, stm32f4xx_rcc.o(i.RCC_GetFlagStatus))
<BR><BR>[Stack]<UL><LI>Max Depth = 8<LI>Call Chain = RCC_GetFlagStatus
</UL>
<BR>[Called By]<UL><LI><a href="#[cd]">&gt;&gt;</a>&nbsp;&nbsp;&nbsp;initPeripheralRccClock
</UL>

<P><STRONG><a name="[eb]"></a>RCC_LSEConfig</STRONG> (Thumb, 40 bytes, Stack size 0 bytes, stm32f4xx_rcc.o(i.RCC_LSEConfig))
<BR><BR>[Called By]<UL><LI><a href="#[cd]">&gt;&gt;</a>&nbsp;&nbsp;&nbsp;initPeripheralRccClock
</UL>

<P><STRONG><a name="[ee]"></a>RCC_RTCCLKCmd</STRONG> (Thumb, 6 bytes, Stack size 0 bytes, stm32f4xx_rcc.o(i.RCC_RTCCLKCmd))
<BR><BR>[Called By]<UL><LI><a href="#[cd]">&gt;&gt;</a>&nbsp;&nbsp;&nbsp;initPeripheralRccClock
</UL>

<P><STRONG><a name="[ed]"></a>RCC_RTCCLKConfig</STRONG> (Thumb, 50 bytes, Stack size 0 bytes, stm32f4xx_rcc.o(i.RCC_RTCCLKConfig))
<BR><BR>[Called By]<UL><LI><a href="#[cd]">&gt;&gt;</a>&nbsp;&nbsp;&nbsp;initPeripheralRccClock
</UL>

<P><STRONG><a name="[148]"></a>RTC_DateStructInit</STRONG> (Thumb, 14 bytes, Stack size 0 bytes, stm32f4xx_rtc.o(i.RTC_DateStructInit))
<BR><BR>[Called By]<UL><LI><a href="#[147]">&gt;&gt;</a>&nbsp;&nbsp;&nbsp;setRtcTime
</UL>

<P><STRONG><a name="[94]"></a>RTC_EnterInitMode</STRONG> (Thumb, 76 bytes, Stack size 8 bytes, stm32f4xx_rtc.o(i.RTC_EnterInitMode))
<BR><BR>[Stack]<UL><LI>Max Depth = 8<LI>Call Chain = RTC_EnterInitMode
</UL>
<BR>[Called By]<UL><LI><a href="#[99]">&gt;&gt;</a>&nbsp;&nbsp;&nbsp;RTC_SetTime
<LI><a href="#[96]">&gt;&gt;</a>&nbsp;&nbsp;&nbsp;RTC_SetDate
<LI><a href="#[93]">&gt;&gt;</a>&nbsp;&nbsp;&nbsp;RTC_Init
</UL>

<P><STRONG><a name="[95]"></a>RTC_ExitInitMode</STRONG> (Thumb, 14 bytes, Stack size 0 bytes, stm32f4xx_rtc.o(i.RTC_ExitInitMode))
<BR><BR>[Called By]<UL><LI><a href="#[99]">&gt;&gt;</a>&nbsp;&nbsp;&nbsp;RTC_SetTime
<LI><a href="#[96]">&gt;&gt;</a>&nbsp;&nbsp;&nbsp;RTC_SetDate
<LI><a href="#[93]">&gt;&gt;</a>&nbsp;&nbsp;&nbsp;RTC_Init
</UL>

<P><STRONG><a name="[90]"></a>RTC_GetDate</STRONG> (Thumb, 68 bytes, Stack size 16 bytes, stm32f4xx_rtc.o(i.RTC_GetDate))
<BR><BR>[Stack]<UL><LI>Max Depth = 16<LI>Call Chain = RTC_GetDate
</UL>
<BR>[Calls]<UL><LI><a href="#[91]">&gt;&gt;</a>&nbsp;&nbsp;&nbsp;RTC_Bcd2ToByte
</UL>
<BR>[Called By]<UL><LI><a href="#[c2]">&gt;&gt;</a>&nbsp;&nbsp;&nbsp;getRtcTime
</UL>

<P><STRONG><a name="[92]"></a>RTC_GetTime</STRONG> (Thumb, 72 bytes, Stack size 16 bytes, stm32f4xx_rtc.o(i.RTC_GetTime))
<BR><BR>[Stack]<UL><LI>Max Depth = 16<LI>Call Chain = RTC_GetTime
</UL>
<BR>[Calls]<UL><LI><a href="#[91]">&gt;&gt;</a>&nbsp;&nbsp;&nbsp;RTC_Bcd2ToByte
</UL>
<BR>[Called By]<UL><LI><a href="#[c2]">&gt;&gt;</a>&nbsp;&nbsp;&nbsp;getRtcTime
</UL>

<P><STRONG><a name="[93]"></a>RTC_Init</STRONG> (Thumb, 94 bytes, Stack size 12 bytes, stm32f4xx_rtc.o(i.RTC_Init))
<BR><BR>[Stack]<UL><LI>Max Depth = 20<LI>Call Chain = RTC_Init &rArr; RTC_EnterInitMode
</UL>
<BR>[Calls]<UL><LI><a href="#[95]">&gt;&gt;</a>&nbsp;&nbsp;&nbsp;RTC_ExitInitMode
<LI><a href="#[94]">&gt;&gt;</a>&nbsp;&nbsp;&nbsp;RTC_EnterInitMode
</UL>
<BR>[Called By]<UL><LI><a href="#[d8]">&gt;&gt;</a>&nbsp;&nbsp;&nbsp;initRtc
</UL>

<P><STRONG><a name="[96]"></a>RTC_SetDate</STRONG> (Thumb, 190 bytes, Stack size 24 bytes, stm32f4xx_rtc.o(i.RTC_SetDate))
<BR><BR>[Stack]<UL><LI>Max Depth = 32<LI>Call Chain = RTC_SetDate &rArr; RTC_WaitForSynchro
</UL>
<BR>[Calls]<UL><LI><a href="#[98]">&gt;&gt;</a>&nbsp;&nbsp;&nbsp;RTC_WaitForSynchro
<LI><a href="#[97]">&gt;&gt;</a>&nbsp;&nbsp;&nbsp;RTC_ByteToBcd2
<LI><a href="#[91]">&gt;&gt;</a>&nbsp;&nbsp;&nbsp;RTC_Bcd2ToByte
<LI><a href="#[95]">&gt;&gt;</a>&nbsp;&nbsp;&nbsp;RTC_ExitInitMode
<LI><a href="#[94]">&gt;&gt;</a>&nbsp;&nbsp;&nbsp;RTC_EnterInitMode
</UL>
<BR>[Called By]<UL><LI><a href="#[147]">&gt;&gt;</a>&nbsp;&nbsp;&nbsp;setRtcTime
</UL>

<P><STRONG><a name="[99]"></a>RTC_SetTime</STRONG> (Thumb, 198 bytes, Stack size 24 bytes, stm32f4xx_rtc.o(i.RTC_SetTime))
<BR><BR>[Stack]<UL><LI>Max Depth = 32<LI>Call Chain = RTC_SetTime &rArr; RTC_WaitForSynchro
</UL>
<BR>[Calls]<UL><LI><a href="#[98]">&gt;&gt;</a>&nbsp;&nbsp;&nbsp;RTC_WaitForSynchro
<LI><a href="#[97]">&gt;&gt;</a>&nbsp;&nbsp;&nbsp;RTC_ByteToBcd2
<LI><a href="#[91]">&gt;&gt;</a>&nbsp;&nbsp;&nbsp;RTC_Bcd2ToByte
<LI><a href="#[95]">&gt;&gt;</a>&nbsp;&nbsp;&nbsp;RTC_ExitInitMode
<LI><a href="#[94]">&gt;&gt;</a>&nbsp;&nbsp;&nbsp;RTC_EnterInitMode
</UL>
<BR>[Called By]<UL><LI><a href="#[147]">&gt;&gt;</a>&nbsp;&nbsp;&nbsp;setRtcTime
</UL>

<P><STRONG><a name="[ef]"></a>RTC_StructInit</STRONG> (Thumb, 14 bytes, Stack size 0 bytes, stm32f4xx_rtc.o(i.RTC_StructInit))
<BR><BR>[Called By]<UL><LI><a href="#[d8]">&gt;&gt;</a>&nbsp;&nbsp;&nbsp;initRtc
</UL>

<P><STRONG><a name="[149]"></a>RTC_TimeStructInit</STRONG> (Thumb, 12 bytes, Stack size 0 bytes, stm32f4xx_rtc.o(i.RTC_TimeStructInit))
<BR><BR>[Called By]<UL><LI><a href="#[147]">&gt;&gt;</a>&nbsp;&nbsp;&nbsp;setRtcTime
</UL>

<P><STRONG><a name="[98]"></a>RTC_WaitForSynchro</STRONG> (Thumb, 92 bytes, Stack size 8 bytes, stm32f4xx_rtc.o(i.RTC_WaitForSynchro))
<BR><BR>[Stack]<UL><LI>Max Depth = 8<LI>Call Chain = RTC_WaitForSynchro
</UL>
<BR>[Called By]<UL><LI><a href="#[99]">&gt;&gt;</a>&nbsp;&nbsp;&nbsp;RTC_SetTime
<LI><a href="#[96]">&gt;&gt;</a>&nbsp;&nbsp;&nbsp;RTC_SetDate
<LI><a href="#[cd]">&gt;&gt;</a>&nbsp;&nbsp;&nbsp;initPeripheralRccClock
</UL>

<P><STRONG><a name="[f6]"></a>SPI_Cmd</STRONG> (Thumb, 24 bytes, Stack size 0 bytes, stm32f4xx_spi.o(i.SPI_Cmd))
<BR><BR>[Called By]<UL><LI><a href="#[f0]">&gt;&gt;</a>&nbsp;&nbsp;&nbsp;initSpi2
</UL>

<P><STRONG><a name="[16b]"></a>SPI_DataSizeConfig</STRONG> (Thumb, 18 bytes, Stack size 0 bytes, stm32f4xx_spi.o(i.SPI_DataSizeConfig))
<BR><BR>[Called By]<UL><LI><a href="#[be]">&gt;&gt;</a>&nbsp;&nbsp;&nbsp;writeDataToSt7789UseDma
<LI><a href="#[f8]">&gt;&gt;</a>&nbsp;&nbsp;&nbsp;writeDataToSt7789
</UL>

<P><STRONG><a name="[f5]"></a>SPI_I2S_DMACmd</STRONG> (Thumb, 18 bytes, Stack size 0 bytes, stm32f4xx_spi.o(i.SPI_I2S_DMACmd))
<BR><BR>[Called By]<UL><LI><a href="#[f0]">&gt;&gt;</a>&nbsp;&nbsp;&nbsp;initSpi2
</UL>

<P><STRONG><a name="[16c]"></a>SPI_I2S_GetFlagStatus</STRONG> (Thumb, 18 bytes, Stack size 0 bytes, stm32f4xx_spi.o(i.SPI_I2S_GetFlagStatus))
<BR><BR>[Called By]<UL><LI><a href="#[be]">&gt;&gt;</a>&nbsp;&nbsp;&nbsp;writeDataToSt7789UseDma
<LI><a href="#[f8]">&gt;&gt;</a>&nbsp;&nbsp;&nbsp;writeDataToSt7789
</UL>

<P><STRONG><a name="[16d]"></a>SPI_I2S_SendData</STRONG> (Thumb, 4 bytes, Stack size 0 bytes, stm32f4xx_spi.o(i.SPI_I2S_SendData))
<BR><BR>[Called By]<UL><LI><a href="#[f8]">&gt;&gt;</a>&nbsp;&nbsp;&nbsp;writeDataToSt7789
</UL>

<P><STRONG><a name="[f4]"></a>SPI_Init</STRONG> (Thumb, 60 bytes, Stack size 8 bytes, stm32f4xx_spi.o(i.SPI_Init))
<BR><BR>[Stack]<UL><LI>Max Depth = 8<LI>Call Chain = SPI_Init
</UL>
<BR>[Called By]<UL><LI><a href="#[f0]">&gt;&gt;</a>&nbsp;&nbsp;&nbsp;initSpi2
</UL>

<P><STRONG><a name="[f3]"></a>SPI_StructInit</STRONG> (Thumb, 24 bytes, Stack size 0 bytes, stm32f4xx_spi.o(i.SPI_StructInit))
<BR><BR>[Called By]<UL><LI><a href="#[f0]">&gt;&gt;</a>&nbsp;&nbsp;&nbsp;initSpi2
</UL>

<P><STRONG><a name="[9]"></a>SysTick_Handler</STRONG> (Thumb, 46 bytes, Stack size 8 bytes, port.o(i.SysTick_Handler))
<BR><BR>[Stack]<UL><LI>Max Depth = 72<LI>Call Chain = SysTick_Handler &rArr; xTaskIncrementTick &rArr; vAssertCalled &rArr; __2printf
</UL>
<BR>[Calls]<UL><LI><a href="#[9a]">&gt;&gt;</a>&nbsp;&nbsp;&nbsp;xTaskIncrementTick
</UL>
<BR>[Address Reference Count : 1]<UL><LI> startup_stm32f40_41xxx.o(RESET)
</UL>
<P><STRONG><a name="[5d]"></a>SystemInit</STRONG> (Thumb, 88 bytes, Stack size 8 bytes, system_stm32f4xx.o(i.SystemInit))
<BR><BR>[Stack]<UL><LI>Max Depth = 20<LI>Call Chain = SystemInit &rArr; SetSysClock
</UL>
<BR>[Calls]<UL><LI><a href="#[9b]">&gt;&gt;</a>&nbsp;&nbsp;&nbsp;SetSysClock
</UL>
<BR>[Address Reference Count : 1]<UL><LI> startup_stm32f40_41xxx.o(.text)
</UL>
<P><STRONG><a name="[2f]"></a>USART1_IRQHandler</STRONG> (Thumb, 50 bytes, Stack size 8 bytes, usart1.o(i.USART1_IRQHandler))
<BR><BR>[Stack]<UL><LI>Max Depth = 24<LI>Call Chain = USART1_IRQHandler &rArr; USART_GetITStatus
</UL>
<BR>[Calls]<UL><LI><a href="#[9d]">&gt;&gt;</a>&nbsp;&nbsp;&nbsp;USART_ReceiveData
<LI><a href="#[9c]">&gt;&gt;</a>&nbsp;&nbsp;&nbsp;USART_GetITStatus
<LI><a href="#[9e]">&gt;&gt;</a>&nbsp;&nbsp;&nbsp;USART_ClearITPendingBit
</UL>
<BR>[Address Reference Count : 1]<UL><LI> startup_stm32f40_41xxx.o(RESET)
</UL>
<P><STRONG><a name="[bf]"></a>USART_ClearFlag</STRONG> (Thumb, 18 bytes, Stack size 0 bytes, stm32f4xx_usart.o(i.USART_ClearFlag))
<BR><BR>[Called By]<UL><LI><a href="#[63]">&gt;&gt;</a>&nbsp;&nbsp;&nbsp;fputc
</UL>

<P><STRONG><a name="[9e]"></a>USART_ClearITPendingBit</STRONG> (Thumb, 30 bytes, Stack size 8 bytes, stm32f4xx_usart.o(i.USART_ClearITPendingBit))
<BR><BR>[Stack]<UL><LI>Max Depth = 8<LI>Call Chain = USART_ClearITPendingBit
</UL>
<BR>[Called By]<UL><LI><a href="#[2f]">&gt;&gt;</a>&nbsp;&nbsp;&nbsp;USART1_IRQHandler
</UL>

<P><STRONG><a name="[fd]"></a>USART_Cmd</STRONG> (Thumb, 24 bytes, Stack size 0 bytes, stm32f4xx_usart.o(i.USART_Cmd))
<BR><BR>[Called By]<UL><LI><a href="#[d7]">&gt;&gt;</a>&nbsp;&nbsp;&nbsp;initUsart1
<LI><a href="#[d3]">&gt;&gt;</a>&nbsp;&nbsp;&nbsp;initUsart2
</UL>

<P><STRONG><a name="[fc]"></a>USART_DMACmd</STRONG> (Thumb, 18 bytes, Stack size 0 bytes, stm32f4xx_usart.o(i.USART_DMACmd))
<BR><BR>[Called By]<UL><LI><a href="#[d7]">&gt;&gt;</a>&nbsp;&nbsp;&nbsp;initUsart1
</UL>

<P><STRONG><a name="[c1]"></a>USART_GetFlagStatus</STRONG> (Thumb, 26 bytes, Stack size 0 bytes, stm32f4xx_usart.o(i.USART_GetFlagStatus))
<BR><BR>[Called By]<UL><LI><a href="#[63]">&gt;&gt;</a>&nbsp;&nbsp;&nbsp;fputc
<LI><a href="#[145]">&gt;&gt;</a>&nbsp;&nbsp;&nbsp;sendDataToEsp32ByUsart2
<LI><a href="#[141]">&gt;&gt;</a>&nbsp;&nbsp;&nbsp;receiveAndRecognizeResponseMsgFromEsp32ByUsart2
</UL>

<P><STRONG><a name="[9c]"></a>USART_GetITStatus</STRONG> (Thumb, 84 bytes, Stack size 16 bytes, stm32f4xx_usart.o(i.USART_GetITStatus))
<BR><BR>[Stack]<UL><LI>Max Depth = 16<LI>Call Chain = USART_GetITStatus
</UL>
<BR>[Called By]<UL><LI><a href="#[2f]">&gt;&gt;</a>&nbsp;&nbsp;&nbsp;USART1_IRQHandler
</UL>

<P><STRONG><a name="[fb]"></a>USART_ITConfig</STRONG> (Thumb, 74 bytes, Stack size 20 bytes, stm32f4xx_usart.o(i.USART_ITConfig))
<BR><BR>[Stack]<UL><LI>Max Depth = 20<LI>Call Chain = USART_ITConfig
</UL>
<BR>[Called By]<UL><LI><a href="#[d7]">&gt;&gt;</a>&nbsp;&nbsp;&nbsp;initUsart1
</UL>

<P><STRONG><a name="[9f]"></a>USART_Init</STRONG> (Thumb, 204 bytes, Stack size 48 bytes, stm32f4xx_usart.o(i.USART_Init))
<BR><BR>[Stack]<UL><LI>Max Depth = 68<LI>Call Chain = USART_Init &rArr; RCC_GetClocksFreq
</UL>
<BR>[Calls]<UL><LI><a href="#[8f]">&gt;&gt;</a>&nbsp;&nbsp;&nbsp;RCC_GetClocksFreq
</UL>
<BR>[Called By]<UL><LI><a href="#[d7]">&gt;&gt;</a>&nbsp;&nbsp;&nbsp;initUsart1
<LI><a href="#[d3]">&gt;&gt;</a>&nbsp;&nbsp;&nbsp;initUsart2
</UL>

<P><STRONG><a name="[9d]"></a>USART_ReceiveData</STRONG> (Thumb, 10 bytes, Stack size 0 bytes, stm32f4xx_usart.o(i.USART_ReceiveData))
<BR><BR>[Called By]<UL><LI><a href="#[2f]">&gt;&gt;</a>&nbsp;&nbsp;&nbsp;USART1_IRQHandler
<LI><a href="#[141]">&gt;&gt;</a>&nbsp;&nbsp;&nbsp;receiveAndRecognizeResponseMsgFromEsp32ByUsart2
</UL>

<P><STRONG><a name="[c0]"></a>USART_SendData</STRONG> (Thumb, 8 bytes, Stack size 0 bytes, stm32f4xx_usart.o(i.USART_SendData))
<BR><BR>[Called By]<UL><LI><a href="#[63]">&gt;&gt;</a>&nbsp;&nbsp;&nbsp;fputc
<LI><a href="#[145]">&gt;&gt;</a>&nbsp;&nbsp;&nbsp;sendDataToEsp32ByUsart2
</UL>

<P><STRONG><a name="[fa]"></a>USART_StructInit</STRONG> (Thumb, 24 bytes, Stack size 0 bytes, stm32f4xx_usart.o(i.USART_StructInit))
<BR><BR>[Called By]<UL><LI><a href="#[d7]">&gt;&gt;</a>&nbsp;&nbsp;&nbsp;initUsart1
<LI><a href="#[d3]">&gt;&gt;</a>&nbsp;&nbsp;&nbsp;initUsart2
</UL>

<P><STRONG><a name="[a0]"></a>__0printf</STRONG> (Thumb, 22 bytes, Stack size 24 bytes, printfa.o(i.__0printf), UNUSED)
<BR><BR>[Calls]<UL><LI><a href="#[a1]">&gt;&gt;</a>&nbsp;&nbsp;&nbsp;_printf_core
</UL>

<P><STRONG><a name="[18b]"></a>__1printf</STRONG> (Thumb, 0 bytes, Stack size 24 bytes, printfa.o(i.__0printf), UNUSED)

<P><STRONG><a name="[de]"></a>__2printf</STRONG> (Thumb, 0 bytes, Stack size 24 bytes, printfa.o(i.__0printf))
<BR><BR>[Stack]<UL><LI>Max Depth = 24<LI>Call Chain = __2printf
</UL>
<BR>[Called By]<UL><LI><a href="#[15a]">&gt;&gt;</a>&nbsp;&nbsp;&nbsp;updateWifiInfoToScreen
<LI><a href="#[15d]">&gt;&gt;</a>&nbsp;&nbsp;&nbsp;updateOutdoorWeatherToScreen
<LI><a href="#[15c]">&gt;&gt;</a>&nbsp;&nbsp;&nbsp;updateInnorTemperatureHumidityToScreen
<LI><a href="#[158]">&gt;&gt;</a>&nbsp;&nbsp;&nbsp;syncSntpTimeToRtcTime
<LI><a href="#[dd]">&gt;&gt;</a>&nbsp;&nbsp;&nbsp;waitWifiConnect
<LI><a href="#[db]">&gt;&gt;</a>&nbsp;&nbsp;&nbsp;initWirelessUseEsp32
<LI><a href="#[d6]">&gt;&gt;</a>&nbsp;&nbsp;&nbsp;initExternalDevices
<LI><a href="#[120]">&gt;&gt;</a>&nbsp;&nbsp;&nbsp;vAssertCalled
<LI><a href="#[163]">&gt;&gt;</a>&nbsp;&nbsp;&nbsp;vApplicationStackOverflowHook
<LI><a href="#[139]">&gt;&gt;</a>&nbsp;&nbsp;&nbsp;vApplicationMallocFailedHook
</UL>

<P><STRONG><a name="[18c]"></a>__c89printf</STRONG> (Thumb, 0 bytes, Stack size 24 bytes, printfa.o(i.__0printf), UNUSED)

<P><STRONG><a name="[18d]"></a>printf</STRONG> (Thumb, 0 bytes, Stack size 24 bytes, printfa.o(i.__0printf), UNUSED)

<P><STRONG><a name="[a2]"></a>__0snprintf</STRONG> (Thumb, 44 bytes, Stack size 32 bytes, printfa.o(i.__0snprintf), UNUSED)
<BR><BR>[Calls]<UL><LI><a href="#[a1]">&gt;&gt;</a>&nbsp;&nbsp;&nbsp;_printf_core
</UL>

<P><STRONG><a name="[18e]"></a>__1snprintf</STRONG> (Thumb, 0 bytes, Stack size 32 bytes, printfa.o(i.__0snprintf), UNUSED)

<P><STRONG><a name="[b4]"></a>__2snprintf</STRONG> (Thumb, 0 bytes, Stack size 32 bytes, printfa.o(i.__0snprintf))
<BR><BR>[Stack]<UL><LI>Max Depth = 32<LI>Call Chain = __2snprintf
</UL>
<BR>[Called By]<UL><LI><a href="#[c6]">&gt;&gt;</a>&nbsp;&nbsp;&nbsp;getUrlInfoByHttp
<LI><a href="#[14c]">&gt;&gt;</a>&nbsp;&nbsp;&nbsp;updataShowWifiSsid
<LI><a href="#[160]">&gt;&gt;</a>&nbsp;&nbsp;&nbsp;updataShowTime
<LI><a href="#[151]">&gt;&gt;</a>&nbsp;&nbsp;&nbsp;updataShowOutdoorTemperature
<LI><a href="#[150]">&gt;&gt;</a>&nbsp;&nbsp;&nbsp;updataShowOutdoorCity
<LI><a href="#[14e]">&gt;&gt;</a>&nbsp;&nbsp;&nbsp;updataShowInnerTemperature
<LI><a href="#[14f]">&gt;&gt;</a>&nbsp;&nbsp;&nbsp;updataShowInnerHumidity
<LI><a href="#[15e]">&gt;&gt;</a>&nbsp;&nbsp;&nbsp;updataShowDate
<LI><a href="#[b3]">&gt;&gt;</a>&nbsp;&nbsp;&nbsp;connectWifiUseEsp32
</UL>

<P><STRONG><a name="[18f]"></a>__c89snprintf</STRONG> (Thumb, 0 bytes, Stack size 32 bytes, printfa.o(i.__0snprintf), UNUSED)

<P><STRONG><a name="[190]"></a>snprintf</STRONG> (Thumb, 0 bytes, Stack size 32 bytes, printfa.o(i.__0snprintf), UNUSED)

<P><STRONG><a name="[a3]"></a>__hardfp_atof</STRONG> (Thumb, 44 bytes, Stack size 24 bytes, atof.o(i.__hardfp_atof))
<BR><BR>[Stack]<UL><LI>Max Depth = 224<LI>Call Chain = __hardfp_atof &rArr; __strtod_int &rArr; _local_sscanf &rArr; _scanf_real
</UL>
<BR>[Calls]<UL><LI><a href="#[7d]">&gt;&gt;</a>&nbsp;&nbsp;&nbsp;__strtod_int
<LI><a href="#[a5]">&gt;&gt;</a>&nbsp;&nbsp;&nbsp;__set_errno
<LI><a href="#[a4]">&gt;&gt;</a>&nbsp;&nbsp;&nbsp;__read_errno
</UL>
<BR>[Called By]<UL><LI><a href="#[109]">&gt;&gt;</a>&nbsp;&nbsp;&nbsp;parseWeatherInfo
</UL>

<P><STRONG><a name="[a4]"></a>__read_errno</STRONG> (Thumb, 6 bytes, Stack size 0 bytes, errno.o(i.__read_errno))
<BR><BR>[Called By]<UL><LI><a href="#[a3]">&gt;&gt;</a>&nbsp;&nbsp;&nbsp;__hardfp_atof
</UL>

<P><STRONG><a name="[191]"></a>__scatterload_copy</STRONG> (Thumb, 14 bytes, Stack size unknown bytes, handlers.o(i.__scatterload_copy), UNUSED)

<P><STRONG><a name="[192]"></a>__scatterload_null</STRONG> (Thumb, 2 bytes, Stack size unknown bytes, handlers.o(i.__scatterload_null), UNUSED)

<P><STRONG><a name="[193]"></a>__scatterload_zeroinit</STRONG> (Thumb, 14 bytes, Stack size unknown bytes, handlers.o(i.__scatterload_zeroinit), UNUSED)

<P><STRONG><a name="[a5]"></a>__set_errno</STRONG> (Thumb, 6 bytes, Stack size 0 bytes, errno.o(i.__set_errno))
<BR><BR>[Called By]<UL><LI><a href="#[a3]">&gt;&gt;</a>&nbsp;&nbsp;&nbsp;__hardfp_atof
</UL>

<P><STRONG><a name="[8d]"></a>_is_digit</STRONG> (Thumb, 14 bytes, Stack size 0 bytes, scanf_fp.o(i._is_digit), UNUSED)
<BR><BR>[Called By]<UL><LI><a href="#[8c]">&gt;&gt;</a>&nbsp;&nbsp;&nbsp;_scanf_really_real
</UL>

<P><STRONG><a name="[ad]"></a>calibrateAht20</STRONG> (Thumb, 58 bytes, Stack size 16 bytes, aht20.o(i.calibrateAht20))
<BR><BR>[Stack]<UL><LI>Max Depth = 168<LI>Call Chain = calibrateAht20 &rArr; isCalibrateOfAht20 &rArr; readStateOfAht20 &rArr; writeMulByteByI2c2 &rArr; checkI2cEvent &rArr; vTaskDelay &rArr; xTaskResumeAll &rArr; xTaskIncrementTick &rArr; vAssertCalled &rArr; __2printf
</UL>
<BR>[Calls]<UL><LI><a href="#[ae]">&gt;&gt;</a>&nbsp;&nbsp;&nbsp;writeMulByteByI2c2
<LI><a href="#[b0]">&gt;&gt;</a>&nbsp;&nbsp;&nbsp;isCalibrateOfAht20
<LI><a href="#[af]">&gt;&gt;</a>&nbsp;&nbsp;&nbsp;vTaskDelay
</UL>
<BR>[Called By]<UL><LI><a href="#[ca]">&gt;&gt;</a>&nbsp;&nbsp;&nbsp;initAht20
</UL>

<P><STRONG><a name="[b1]"></a>checkI2cEvent</STRONG> (Thumb, 46 bytes, Stack size 16 bytes, aht20.o(i.checkI2cEvent))
[...]
<LI><a href="#[168]">&gt;&gt;</a>&nbsp;&nbsp;&nbsp;vTaskPlaceOnEventList
</UL>

<P><STRONG><a name="[10e]"></a>prvAddNewTaskToReadyList</STRONG> (Thumb, 150 bytes, Stack size 8 bytes, tasks.o(i.prvAddNewTaskToReadyList))
<BR><BR>[Stack]<UL><LI>Max Depth = 56<LI>Call Chain = prvAddNewTaskToReadyList &rArr; vPortExitCritical &rArr; vAssertCalled &rArr; __2printf
</UL>
<BR>[Calls]<UL><LI><a href="#[110]">&gt;&gt;</a>&nbsp;&nbsp;&nbsp;prvInitialiseTaskLists
<LI><a href="#[111]">&gt;&gt;</a>&nbsp;&nbsp;&nbsp;vPortExitCritical
<LI><a href="#[10f]">&gt;&gt;</a>&nbsp;&nbsp;&nbsp;vPortEnterCritical
<LI><a href="#[10c]">&gt;&gt;</a>&nbsp;&nbsp;&nbsp;vListInsertEnd
</UL>
<BR>[Called By]<UL><LI><a href="#[b8]">&gt;&gt;</a>&nbsp;&nbsp;&nbsp;xTaskCreate
</UL>

<P><STRONG><a name="[116]"></a>prvCheckTasksWaitingTermination</STRONG> (Thumb, 60 bytes, Stack size 8 bytes, tasks.o(i.prvCheckTasksWaitingTermination))
<BR><BR>[Stack]<UL><LI>Max Depth = 112<LI>Call Chain = prvCheckTasksWaitingTermination &rArr; prvDeleteTCB &rArr; vPortFree &rArr; xTaskResumeAll &rArr; xTaskIncrementTick &rArr; vAssertCalled &rArr; __2printf
</UL>
<BR>[Calls]<UL><LI><a href="#[117]">&gt;&gt;</a>&nbsp;&nbsp;&nbsp;prvDeleteTCB
<LI><a href="#[111]">&gt;&gt;</a>&nbsp;&nbsp;&nbsp;vPortExitCritical
<LI><a href="#[10f]">&gt;&gt;</a>&nbsp;&nbsp;&nbsp;vPortEnterCritical
<LI><a href="#[10b]">&gt;&gt;</a>&nbsp;&nbsp;&nbsp;uxListRemove
</UL>
<BR>[Called By]<UL><LI><a href="#[69]">&gt;&gt;</a>&nbsp;&nbsp;&nbsp;prvIdleTask
</UL>

<P><STRONG><a name="[117]"></a>prvDeleteTCB</STRONG> (Thumb, 18 bytes, Stack size 8 bytes, tasks.o(i.prvDeleteTCB))
<BR><BR>[Stack]<UL><LI>Max Depth = 104<LI>Call Chain = prvDeleteTCB &rArr; vPortFree &rArr; xTaskResumeAll &rArr; xTaskIncrementTick &rArr; vAssertCalled &rArr; __2printf
</UL>
<BR>[Calls]<UL><LI><a href="#[11c]">&gt;&gt;</a>&nbsp;&nbsp;&nbsp;vPortFree
</UL>
<BR>[Called By]<UL><LI><a href="#[157]">&gt;&gt;</a>&nbsp;&nbsp;&nbsp;vTaskDelete
<LI><a href="#[116]">&gt;&gt;</a>&nbsp;&nbsp;&nbsp;prvCheckTasksWaitingTermination
</UL>

<P><STRONG><a name="[69]"></a>prvIdleTask</STRONG> (Thumb, 32 bytes, Stack size 0 bytes, tasks.o(i.prvIdleTask))
<BR><BR>[Stack]<UL><LI>Max Depth = 112<LI>Call Chain = prvIdleTask &rArr; prvCheckTasksWaitingTermination &rArr; prvDeleteTCB &rArr; vPortFree &rArr; xTaskResumeAll &rArr; xTaskIncrementTick &rArr; vAssertCalled &rArr; __2printf
</UL>
<BR>[Calls]<UL><LI><a href="#[116]">&gt;&gt;</a>&nbsp;&nbsp;&nbsp;prvCheckTasksWaitingTermination
</UL>
<BR>[Address Reference Count : 1]<UL><LI> tasks.o(i.vTaskStartScheduler)
</UL>
<P><STRONG><a name="[11f]"></a>prvInitialiseNewTask</STRONG> (Thumb, 196 bytes, Stack size 40 bytes, tasks.o(i.prvInitialiseNewTask))
<BR><BR>[Stack]<UL><LI>Max Depth = 80<LI>Call Chain = prvInitialiseNewTask &rArr; vAssertCalled &rArr; __2printf
</UL>
<BR>[Calls]<UL><LI><a href="#[120]">&gt;&gt;</a>&nbsp;&nbsp;&nbsp;vAssertCalled
<LI><a href="#[123]">&gt;&gt;</a>&nbsp;&nbsp;&nbsp;pxPortInitialiseStack
<LI><a href="#[121]">&gt;&gt;</a>&nbsp;&nbsp;&nbsp;vListInitialiseItem
<LI><a href="#[122]">&gt;&gt;</a>&nbsp;&nbsp;&nbsp;__aeabi_memclr4
<LI><a href="#[6f]">&gt;&gt;</a>&nbsp;&nbsp;&nbsp;__aeabi_memset
</UL>
<BR>[Called By]<UL><LI><a href="#[b8]">&gt;&gt;</a>&nbsp;&nbsp;&nbsp;xTaskCreate
</UL>

<P><STRONG><a name="[110]"></a>prvInitialiseTaskLists</STRONG> (Thumb, 70 bytes, Stack size 8 bytes, tasks.o(i.prvInitialiseTaskLists))
<BR><BR>[Stack]<UL><LI>Max Depth = 8<LI>Call Chain = prvInitialiseTaskLists
</UL>
<BR>[Calls]<UL><LI><a href="#[113]">&gt;&gt;</a>&nbsp;&nbsp;&nbsp;vListInitialise
</UL>
<BR>[Called By]<UL><LI><a href="#[10e]">&gt;&gt;</a>&nbsp;&nbsp;&nbsp;prvAddNewTaskToReadyList
</UL>

<P><STRONG><a name="[167]"></a>prvResetNextTaskUnblockTime</STRONG> (Thumb, 40 bytes, Stack size 0 bytes, tasks.o(i.prvResetNextTaskUnblockTime))
<BR><BR>[Called By]<UL><LI><a href="#[157]">&gt;&gt;</a>&nbsp;&nbsp;&nbsp;vTaskDelete
<LI><a href="#[130]">&gt;&gt;</a>&nbsp;&nbsp;&nbsp;xTaskResumeAll
<LI><a href="#[9a]">&gt;&gt;</a>&nbsp;&nbsp;&nbsp;xTaskIncrementTick
</UL>

<P><STRONG><a name="[112]"></a>prvCheckForValidListAndQueue</STRONG> (Thumb, 72 bytes, Stack size 8 bytes, timers.o(i.prvCheckForValidListAndQueue))
<BR><BR>[Stack]<UL><LI>Max Depth = 144<LI>Call Chain = prvCheckForValidListAndQueue &rArr; xQueueGenericCreate &rArr; pvPortMalloc &rArr; xTaskResumeAll &rArr; xTaskIncrementTick &rArr; vAssertCalled &rArr; __2printf
</UL>
<BR>[Calls]<UL><LI><a href="#[114]">&gt;&gt;</a>&nbsp;&nbsp;&nbsp;xQueueGenericCreate
<LI><a href="#[115]">&gt;&gt;</a>&nbsp;&nbsp;&nbsp;vQueueAddToRegistry
<LI><a href="#[111]">&gt;&gt;</a>&nbsp;&nbsp;&nbsp;vPortExitCritical
<LI><a href="#[10f]">&gt;&gt;</a>&nbsp;&nbsp;&nbsp;vPortEnterCritical
<LI><a href="#[113]">&gt;&gt;</a>&nbsp;&nbsp;&nbsp;vListInitialise
</UL>
<BR>[Called By]<UL><LI><a href="#[124]">&gt;&gt;</a>&nbsp;&nbsp;&nbsp;prvInitialiseNewTimer
<LI><a href="#[169]">&gt;&gt;</a>&nbsp;&nbsp;&nbsp;xTimerCreateTimerTask
</UL>

<P><STRONG><a name="[133]"></a>prvGetNextExpireTime</STRONG> (Thumb, 36 bytes, Stack size 0 bytes, timers.o(i.prvGetNextExpireTime))
<BR><BR>[Called By]<UL><LI><a href="#[6a]">&gt;&gt;</a>&nbsp;&nbsp;&nbsp;prvTimerTask
</UL>

<P><STRONG><a name="[124]"></a>prvInitialiseNewTimer</STRONG> (Thumb, 78 bytes, Stack size 32 bytes, timers.o(i.prvInitialiseNewTimer))
<BR><BR>[Stack]<UL><LI>Max Depth = 176<LI>Call Chain = prvInitialiseNewTimer &rArr; prvCheckForValidListAndQueue &rArr; xQueueGenericCreate &rArr; pvPortMalloc &rArr; xTaskResumeAll &rArr; xTaskIncrementTick &rArr; vAssertCalled &rArr; __2printf
</UL>
<BR>[Calls]<UL><LI><a href="#[120]">&gt;&gt;</a>&nbsp;&nbsp;&nbsp;vAssertCalled
<LI><a href="#[112]">&gt;&gt;</a>&nbsp;&nbsp;&nbsp;prvCheckForValidListAndQueue
<LI><a href="#[121]">&gt;&gt;</a>&nbsp;&nbsp;&nbsp;vListInitialiseItem
</UL>
<BR>[Called By]<UL><LI><a href="#[b7]">&gt;&gt;</a>&nbsp;&nbsp;&nbsp;xTimerCreate
</UL>

<P><STRONG><a name="[125]"></a>prvInsertTimerInActiveList</STRONG> (Thumb, 80 bytes, Stack size 24 bytes, timers.o(i.prvInsertTimerInActiveList))
<BR><BR>[Stack]<UL><LI>Max Depth = 32<LI>Call Chain = prvInsertTimerInActiveList &rArr; vListInsert
</UL>
<BR>[Calls]<UL><LI><a href="#[10d]">&gt;&gt;</a>&nbsp;&nbsp;&nbsp;vListInsert
</UL>
<BR>[Called By]<UL><LI><a href="#[12b]">&gt;&gt;</a>&nbsp;&nbsp;&nbsp;prvProcessReceivedCommands
<LI><a href="#[12a]">&gt;&gt;</a>&nbsp;&nbsp;&nbsp;prvProcessExpiredTimer
</UL>

<P><STRONG><a name="[12a]"></a>prvProcessExpiredTimer</STRONG> (Thumb, 98 bytes, Stack size 24 bytes, timers.o(i.prvProcessExpiredTimer))
<BR><BR>[Stack]<UL><LI>Max Depth = 240<LI>Call Chain = prvProcessExpiredTimer &rArr; xTimerGenericCommand &rArr; xQueueGenericSend &rArr; prvUnlockQueue &rArr; prvNotifyQueueSetContainer &rArr; prvCopyDataToQueue &rArr; xTaskPriorityDisinherit &rArr; vAssertCalled &rArr; __2printf
</UL>
<BR>[Calls]<UL><LI><a href="#[ba]">&gt;&gt;</a>&nbsp;&nbsp;&nbsp;xTimerGenericCommand
<LI><a href="#[120]">&gt;&gt;</a>&nbsp;&nbsp;&nbsp;vAssertCalled
<LI><a href="#[125]">&gt;&gt;</a>&nbsp;&nbsp;&nbsp;prvInsertTimerInActiveList
<LI><a href="#[10b]">&gt;&gt;</a>&nbsp;&nbsp;&nbsp;uxListRemove
</UL>
<BR>[Called By]<UL><LI><a href="#[12e]">&gt;&gt;</a>&nbsp;&nbsp;&nbsp;prvProcessTimerOrBlockTask
</UL>

<P><STRONG><a name="[12b]"></a>prvProcessReceivedCommands</STRONG> (Thumb, 282 bytes, Stack size 40 bytes, timers.o(i.prvProcessReceivedCommands))
<BR><BR>[Stack]<UL><LI>Max Depth = 304<LI>Call Chain = prvProcessReceivedCommands &rArr; prvSampleTimeNow &rArr; prvSwitchTimerLists &rArr; xTimerGenericCommand &rArr; xQueueGenericSend &rArr; prvUnlockQueue &rArr; prvNotifyQueueSetContainer &rArr; prvCopyDataToQueue &rArr; xTaskPriorityDisinherit &rArr; vAssertCalled &rArr; __2printf
</UL>
<BR>[Calls]<UL><LI><a href="#[ba]">&gt;&gt;</a>&nbsp;&nbsp;&nbsp;xTimerGenericCommand
<LI><a href="#[120]">&gt;&gt;</a>&nbsp;&nbsp;&nbsp;vAssertCalled
<LI><a href="#[12d]">&gt;&gt;</a>&nbsp;&nbsp;&nbsp;xQueueReceive
<LI><a href="#[12c]">&gt;&gt;</a>&nbsp;&nbsp;&nbsp;prvSampleTimeNow
<LI><a href="#[125]">&gt;&gt;</a>&nbsp;&nbsp;&nbsp;prvInsertTimerInActiveList
<LI><a href="#[11c]">&gt;&gt;</a>&nbsp;&nbsp;&nbsp;vPortFree
<LI><a href="#[10b]">&gt;&gt;</a>&nbsp;&nbsp;&nbsp;uxListRemove
</UL>
<BR>[Called By]<UL><LI><a href="#[6a]">&gt;&gt;</a>&nbsp;&nbsp;&nbsp;prvTimerTask
</UL>

<P><STRONG><a name="[12e]"></a>prvProcessTimerOrBlockTask</STRONG> (Thumb, 102 bytes, Stack size 24 bytes, timers.o(i.prvProcessTimerOrBlockTask))
<BR><BR>[Stack]<UL><LI>Max Depth = 288<LI>Call Chain = prvProcessTimerOrBlockTask &rArr; prvSampleTimeNow &rArr; prvSwitchTimerLists &rArr; xTimerGenericCommand &rArr; xQueueGenericSend &rArr; prvUnlockQueue &rArr; prvNotifyQueueSetContainer &rArr; prvCopyDataToQueue &rArr; xTaskPriorityDisinherit &rArr; vAssertCalled &rArr; __2printf
</UL>
<BR>[Calls]<UL><LI><a href="#[131]">&gt;&gt;</a>&nbsp;&nbsp;&nbsp;vQueueWaitForMessageRestricted
<LI><a href="#[12c]">&gt;&gt;</a>&nbsp;&nbsp;&nbsp;prvSampleTimeNow
<LI><a href="#[12a]">&gt;&gt;</a>&nbsp;&nbsp;&nbsp;prvProcessExpiredTimer
<LI><a href="#[130]">&gt;&gt;</a>&nbsp;&nbsp;&nbsp;xTaskResumeAll
<LI><a href="#[12f]">&gt;&gt;</a>&nbsp;&nbsp;&nbsp;vTaskSuspendAll
</UL>
<BR>[Called By]<UL><LI><a href="#[6a]">&gt;&gt;</a>&nbsp;&nbsp;&nbsp;prvTimerTask
</UL>

<P><STRONG><a name="[12c]"></a>prvSampleTimeNow</STRONG> (Thumb, 40 bytes, Stack size 16 bytes, timers.o(i.prvSampleTimeNow))
<BR><BR>[Stack]<UL><LI>Max Depth = 264<LI>Call Chain = prvSampleTimeNow &rArr; prvSwitchTimerLists &rArr; xTimerGenericCommand &rArr; xQueueGenericSend &rArr; prvUnlockQueue &rArr; prvNotifyQueueSetContainer &rArr; prvCopyDataToQueue &rArr; xTaskPriorityDisinherit &rArr; vAssertCalled &rArr; __2printf
</UL>
<BR>[Calls]<UL><LI><a href="#[b9]">&gt;&gt;</a>&nbsp;&nbsp;&nbsp;xTaskGetTickCount
<LI><a href="#[132]">&gt;&gt;</a>&nbsp;&nbsp;&nbsp;prvSwitchTimerLists
</UL>
<BR>[Called By]<UL><LI><a href="#[12e]">&gt;&gt;</a>&nbsp;&nbsp;&nbsp;prvProcessTimerOrBlockTask
<LI><a href="#[12b]">&gt;&gt;</a>&nbsp;&nbsp;&nbsp;prvProcessReceivedCommands
</UL>

<P><STRONG><a name="[132]"></a>prvSwitchTimerLists</STRONG> (Thumb, 142 bytes, Stack size 32 bytes, timers.o(i.prvSwitchTimerLists))
<BR><BR>[Stack]<UL><LI>Max Depth = 248<LI>Call Chain = prvSwitchTimerLists &rArr; xTimerGenericCommand &rArr; xQueueGenericSend &rArr; prvUnlockQueue &rArr; prvNotifyQueueSetContainer &rArr; prvCopyDataToQueue &rArr; xTaskPriorityDisinherit &rArr; vAssertCalled &rArr; __2printf
</UL>
<BR>[Calls]<UL><LI><a href="#[ba]">&gt;&gt;</a>&nbsp;&nbsp;&nbsp;xTimerGenericCommand
<LI><a href="#[120]">&gt;&gt;</a>&nbsp;&nbsp;&nbsp;vAssertCalled
<LI><a href="#[10d]">&gt;&gt;</a>&nbsp;&nbsp;&nbsp;vListInsert
<LI><a href="#[10b]">&gt;&gt;</a>&nbsp;&nbsp;&nbsp;uxListRemove
</UL>
<BR>[Called By]<UL><LI><a href="#[12c]">&gt;&gt;</a>&nbsp;&nbsp;&nbsp;prvSampleTimeNow
</UL>

<P><STRONG><a name="[6a]"></a>prvTimerTask</STRONG> (Thumb, 26 bytes, Stack size 8 bytes, timers.o(i.prvTimerTask))
<BR><BR>[Stack]<UL><LI>Max Depth = 312<LI>Call Chain = prvTimerTask &rArr; prvProcessReceivedCommands &rArr; prvSampleTimeNow &rArr; prvSwitchTimerLists &rArr; xTimerGenericCommand &rArr; xQueueGenericSend &rArr; prvUnlockQueue &rArr; prvNotifyQueueSetContainer &rArr; prvCopyDataToQueue &rArr; xTaskPriorityDisinherit &rArr; vAssertCalled &rArr; __2printf
</UL>
<BR>[Calls]<UL><LI><a href="#[12e]">&gt;&gt;</a>&nbsp;&nbsp;&nbsp;prvProcessTimerOrBlockTask
<LI><a href="#[12b]">&gt;&gt;</a>&nbsp;&nbsp;&nbsp;prvProcessReceivedCommands
<LI><a href="#[133]">&gt;&gt;</a>&nbsp;&nbsp;&nbsp;prvGetNextExpireTime
</UL>
<BR>[Address Reference Count : 1]<UL><LI> timers.o(i.xTimerCreateTimerTask)
</UL>
<P><STRONG><a name="[118]"></a>prvCopyDataFromQueue</STRONG> (Thumb, 42 bytes, Stack size 16 bytes, queue.o(i.prvCopyDataFromQueue))
<BR><BR>[Stack]<UL><LI>Max Depth = 16<LI>Call Chain = prvCopyDataFromQueue
</UL>
<BR>[Calls]<UL><LI><a href="#[119]">&gt;&gt;</a>&nbsp;&nbsp;&nbsp;__aeabi_memcpy
</UL>
<BR>[Called By]<UL><LI><a href="#[12d]">&gt;&gt;</a>&nbsp;&nbsp;&nbsp;xQueueReceive
</UL>

<P><STRONG><a name="[11a]"></a>prvCopyDataToQueue</STRONG> (Thumb, 126 bytes, Stack size 24 bytes, queue.o(i.prvCopyDataToQueue))
<BR><BR>[Stack]<UL><LI>Max Depth = 80<LI>Call Chain = prvCopyDataToQueue &rArr; xTaskPriorityDisinherit &rArr; vAssertCalled &rArr; __2printf
</UL>
<BR>[Calls]<UL><LI><a href="#[11b]">&gt;&gt;</a>&nbsp;&nbsp;&nbsp;xTaskPriorityDisinherit
<LI><a href="#[119]">&gt;&gt;</a>&nbsp;&nbsp;&nbsp;__aeabi_memcpy
</UL>
<BR>[Called By]<UL><LI><a href="#[128]">&gt;&gt;</a>&nbsp;&nbsp;&nbsp;prvNotifyQueueSetContainer
<LI><a href="#[179]">&gt;&gt;</a>&nbsp;&nbsp;&nbsp;xQueueGenericSendFromISR
<LI><a href="#[175]">&gt;&gt;</a>&nbsp;&nbsp;&nbsp;xQueueGenericSend
</UL>

<P><STRONG><a name="[11d]"></a>prvInitialiseNewQueue</STRONG> (Thumb, 42 bytes, Stack size 24 bytes, queue.o(i.prvInitialiseNewQueue))
<BR><BR>[Stack]<UL><LI>Max Depth = 96<LI>Call Chain = prvInitialiseNewQueue &rArr; xQueueGenericReset &rArr; xTaskRemoveFromEventList &rArr; vAssertCalled &rArr; __2printf
</UL>
<BR>[Calls]<UL><LI><a href="#[11e]">&gt;&gt;</a>&nbsp;&nbsp;&nbsp;xQueueGenericReset
</UL>
<BR>[Called By]<UL><LI><a href="#[114]">&gt;&gt;</a>&nbsp;&nbsp;&nbsp;xQueueGenericCreate
</UL>

<P><STRONG><a name="[126]"></a>prvIsQueueEmpty</STRONG> (Thumb, 26 bytes, Stack size 16 bytes, queue.o(i.prvIsQueueEmpty))
<BR><BR>[Stack]<UL><LI>Max Depth = 64<LI>Call Chain = prvIsQueueEmpty &rArr; vPortExitCritical &rArr; vAssertCalled &rArr; __2printf
</UL>
<BR>[Calls]<UL><LI><a href="#[111]">&gt;&gt;</a>&nbsp;&nbsp;&nbsp;vPortExitCritical
<LI><a href="#[10f]">&gt;&gt;</a>&nbsp;&nbsp;&nbsp;vPortEnterCritical
</UL>
<BR>[Called By]<UL><LI><a href="#[12d]">&gt;&gt;</a>&nbsp;&nbsp;&nbsp;xQueueReceive
</UL>

<P><STRONG><a name="[127]"></a>prvIsQueueFull</STRONG> (Thumb, 30 bytes, Stack size 16 bytes, queue.o(i.prvIsQueueFull))
<BR><BR>[Stack]<UL><LI>Max Depth = 64<LI>Call Chain = prvIsQueueFull &rArr; vPortExitCritical &rArr; vAssertCalled &rArr; __2printf
</UL>
<BR>[Calls]<UL><LI><a href="#[111]">&gt;&gt;</a>&nbsp;&nbsp;&nbsp;vPortExitCritical
<LI><a href="#[10f]">&gt;&gt;</a>&nbsp;&nbsp;&nbsp;vPortEnterCritical
</UL>
<BR>[Called By]<UL><LI><a href="#[175]">&gt;&gt;</a>&nbsp;&nbsp;&nbsp;xQueueGenericSend
</UL>

<P><STRONG><a name="[128]"></a>prvNotifyQueueSetContainer</STRONG> (Thumb, 136 bytes, Stack size 24 bytes, queue.o(i.prvNotifyQueueSetContainer))
<BR><BR>[Stack]<UL><LI>Max Depth = 104<LI>Call Chain = prvNotifyQueueSetContainer &rArr; prvCopyDataToQueue &rArr; xTaskPriorityDisinherit &rArr; vAssertCalled &rArr; __2printf
</UL>
<BR>[Calls]<UL><LI><a href="#[120]">&gt;&gt;</a>&nbsp;&nbsp;&nbsp;vAssertCalled
<LI><a href="#[11a]">&gt;&gt;</a>&nbsp;&nbsp;&nbsp;prvCopyDataToQueue
<LI><a href="#[129]">&gt;&gt;</a>&nbsp;&nbsp;&nbsp;xTaskRemoveFromEventList
</UL>
<BR>[Called By]<UL><LI><a href="#[134]">&gt;&gt;</a>&nbsp;&nbsp;&nbsp;prvUnlockQueue
<LI><a href="#[179]">&gt;&gt;</a>&nbsp;&nbsp;&nbsp;xQueueGenericSendFromISR
<LI><a href="#[175]">&gt;&gt;</a>&nbsp;&nbsp;&nbsp;xQueueGenericSend
</UL>

<P><STRONG><a name="[134]"></a>prvUnlockQueue</STRONG> (Thumb, 144 bytes, Stack size 16 bytes, queue.o(i.prvUnlockQueue))
<BR><BR>[Stack]<UL><LI>Max Depth = 120<LI>Call Chain = prvUnlockQueue &rArr; prvNotifyQueueSetContainer &rArr; prvCopyDataToQueue &rArr; xTaskPriorityDisinherit &rArr; vAssertCalled &rArr; __2printf
</UL>
<BR>[Calls]<UL><LI><a href="#[128]">&gt;&gt;</a>&nbsp;&nbsp;&nbsp;prvNotifyQueueSetContainer
<LI><a href="#[129]">&gt;&gt;</a>&nbsp;&nbsp;&nbsp;xTaskRemoveFromEventList
<LI><a href="#[135]">&gt;&gt;</a>&nbsp;&nbsp;&nbsp;vTaskMissedYield
<LI><a href="#[111]">&gt;&gt;</a>&nbsp;&nbsp;&nbsp;vPortExitCritical
<LI><a href="#[10f]">&gt;&gt;</a>&nbsp;&nbsp;&nbsp;vPortEnterCritical
</UL>
<BR>[Called By]<UL><LI><a href="#[12d]">&gt;&gt;</a>&nbsp;&nbsp;&nbsp;xQueueReceive
<LI><a href="#[175]">&gt;&gt;</a>&nbsp;&nbsp;&nbsp;xQueueGenericSend
<LI><a href="#[131]">&gt;&gt;</a>&nbsp;&nbsp;&nbsp;vQueueWaitForMessageRestricted
</UL>

<P><STRONG><a name="[137]"></a>prvHeapInit</STRONG> (Thumb, 98 bytes, Stack size 12 bytes, heap_4.o(i.prvHeapInit))
<BR><BR>[Stack]<UL><LI>Max Depth = 12<LI>Call Chain = prvHeapInit
</UL>
<BR>[Called By]<UL><LI><a href="#[136]">&gt;&gt;</a>&nbsp;&nbsp;&nbsp;pvPortMalloc
</UL>

<P><STRONG><a name="[138]"></a>prvInsertBlockIntoFreeList</STRONG> (Thumb, 96 bytes, Stack size 8 bytes, heap_4.o(i.prvInsertBlockIntoFreeList))
<BR><BR>[Stack]<UL><LI>Max Depth = 8<LI>Call Chain = prvInsertBlockIntoFreeList
</UL>
<BR>[Called By]<UL><LI><a href="#[11c]">&gt;&gt;</a>&nbsp;&nbsp;&nbsp;vPortFree
<LI><a href="#[136]">&gt;&gt;</a>&nbsp;&nbsp;&nbsp;pvPortMalloc
</UL>

<P><STRONG><a name="[a6]"></a>_fp_digits</STRONG> (Thumb, 366 bytes, Stack size 64 bytes, printfa.o(i._fp_digits), UNUSED)
<BR><BR>[Calls]<UL><LI><a href="#[84]">&gt;&gt;</a>&nbsp;&nbsp;&nbsp;__aeabi_dmul
<LI><a href="#[85]">&gt;&gt;</a>&nbsp;&nbsp;&nbsp;__aeabi_ddiv
<LI><a href="#[7e]">&gt;&gt;</a>&nbsp;&nbsp;&nbsp;__aeabi_dadd
<LI><a href="#[86]">&gt;&gt;</a>&nbsp;&nbsp;&nbsp;__aeabi_d2ulz
<LI><a href="#[a7]">&gt;&gt;</a>&nbsp;&nbsp;&nbsp;__aeabi_cdrcmple
<LI><a href="#[77]">&gt;&gt;</a>&nbsp;&nbsp;&nbsp;__aeabi_uldivmod
</UL>
<BR>[Called By]<UL><LI><a href="#[a1]">&gt;&gt;</a>&nbsp;&nbsp;&nbsp;_printf_core
</UL>

<P><STRONG><a name="[a1]"></a>_printf_core</STRONG> (Thumb, 1744 bytes, Stack size 136 bytes, printfa.o(i._printf_core), UNUSED)
<BR><BR>[Calls]<UL><LI><a href="#[a8]">&gt;&gt;</a>&nbsp;&nbsp;&nbsp;_printf_pre_padding
<LI><a href="#[a9]">&gt;&gt;</a>&nbsp;&nbsp;&nbsp;_printf_post_padding
<LI><a href="#[a6]">&gt;&gt;</a>&nbsp;&nbsp;&nbsp;_fp_digits
<LI><a href="#[77]">&gt;&gt;</a>&nbsp;&nbsp;&nbsp;__aeabi_uldivmod
<LI><a href="#[aa]">&gt;&gt;</a>&nbsp;&nbsp;&nbsp;__aeabi_uidivmod
</UL>
<BR>[Called By]<UL><LI><a href="#[a2]">&gt;&gt;</a>&nbsp;&nbsp;&nbsp;__0snprintf
<LI><a href="#[a0]">&gt;&gt;</a>&nbsp;&nbsp;&nbsp;__0printf
</UL>

<P><STRONG><a name="[a9]"></a>_printf_post_padding</STRONG> (Thumb, 36 bytes, Stack size 24 bytes, printfa.o(i._printf_post_padding), UNUSED)
<BR><BR>[Called By]<UL><LI><a href="#[a1]">&gt;&gt;</a>&nbsp;&nbsp;&nbsp;_printf_core
</UL>

<P><STRONG><a name="[a8]"></a>_printf_pre_padding</STRONG> (Thumb, 46 bytes, Stack size 24 bytes, printfa.o(i._printf_pre_padding), UNUSED)
<BR><BR>[Called By]<UL><LI><a href="#[a1]">&gt;&gt;</a>&nbsp;&nbsp;&nbsp;_printf_core
</UL>

<P><STRONG><a name="[64]"></a>_snputc</STRONG> (Thumb, 22 bytes, Stack size 0 bytes, printfa.o(i._snputc))
<BR>[Address Reference Count : 1]<UL><LI> printfa.o(i.__0snprintf)
</UL>
<P><STRONG><a name="[61]"></a>_scanf_char_input</STRONG> (Thumb, 12 bytes, Stack size 0 bytes, scanf_char.o(.text))
<BR>[Address Reference Count : 1]<UL><LI> scanf_char.o(.text)
</UL>
<P><STRONG><a name="[7b]"></a>_local_sscanf</STRONG> (Thumb, 54 bytes, Stack size 56 bytes, strtod.o(.text))
<BR><BR>[Stack]<UL><LI>Max Depth = 160<LI>Call Chain = _local_sscanf &rArr; _scanf_real
</UL>
<BR>[Calls]<UL><LI><a href="#[7c]">&gt;&gt;</a>&nbsp;&nbsp;&nbsp;_scanf_real
</UL>
<BR>[Called By]<UL><LI><a href="#[7d]">&gt;&gt;</a>&nbsp;&nbsp;&nbsp;__strtod_int
</UL>

<P><STRONG><a name="[8a]"></a>_fp_value</STRONG> (Thumb, 296 bytes, Stack size 64 bytes, scanf_fp.o(.text), UNUSED)
<BR><BR>[Calls]<UL><LI><a href="#[84]">&gt;&gt;</a>&nbsp;&nbsp;&nbsp;__aeabi_dmul
<LI><a href="#[85]">&gt;&gt;</a>&nbsp;&nbsp;&nbsp;__aeabi_ddiv
<LI><a href="#[8b]">&gt;&gt;</a>&nbsp;&nbsp;&nbsp;__aeabi_ul2d
</UL>
<BR>[Called By]<UL><LI><a href="#[8c]">&gt;&gt;</a>&nbsp;&nbsp;&nbsp;_scanf_really_real
</UL>
<P>
<H3>
Undefined Global Symbols
</H3><HR></body></html>
