Component: ARM Compiler 5.06 update 5 (build 528) Tool: armlink [4d35e2]

==============================================================================

Section Cross References

    main.o(i.main) refers to board.o(i.initBoardOnLowLevel) for initBoardOnLowLevel
    main.o(i.main) refers to tasks.o(i.xTaskCreate) for xTaskCreate
    main.o(i.main) refers to tasks.o(i.vTaskStartScheduler) for vTaskStartScheduler
    main.o(i.main) refers to main.o(i.startSystem) for startSystem
    main.o(i.startSystem) refers to board.o(i.initExternalDevices) for initExternalDevices
    main.o(i.startSystem) refers to show_page.o(i.showMainPage) for showMainPage
    main.o(i.startSystem) refers to system_operation_scheduling.o(i.creatSystemSchedulingLogic) for creatSystemSchedulingLogic
    main.o(i.startSystem) refers to tasks.o(i.vTaskDelete) for vTaskDelete
    main.o(i.vApplicationMallocFailedHook) refers to printfa.o(i.__0printf) for __2printf
    main.o(i.vApplicationMallocFailedHook) refers to main.o(i.vAssertCalled) for vAssertCalled
    main.o(i.vApplicationStackOverflowHook) refers to printfa.o(i.__0printf) for __2printf
    main.o(i.vApplicationStackOverflowHook) refers to main.o(i.vAssertCalled) for vAssertCalled
    main.o(i.vAssertCalled) refers to printfa.o(i.__0printf) for __2printf
    board.o(i.initBoardOnLowLevel) refers to board.o(i.initPeripheralRccClock) for initPeripheralRccClock
    board.o(i.initBoardOnLowLevel) refers to board.o(i.initPeripheralNvic) for initPeripheralNvic
    board.o(i.initExternalDevices) refers to usart1.o(i.initUsart1) for initUsart1
    board.o(i.initExternalDevices) refers to rtc.o(i.initRtc) for initRtc
    board.o(i.initExternalDevices) refers to aht20.o(i.initAht20) for initAht20
    board.o(i.initExternalDevices) refers to st7789.o(i.initSt7798) for initSt7798
    board.o(i.initExternalDevices) refers to show_page.o(i.showWelcomePage) for showWelcomePage
    board.o(i.initExternalDevices) refers to board.o(i.initWirelessUseEsp32) for initWirelessUseEsp32
    board.o(i.initExternalDevices) refers to show_page.o(i.showWaitWifiConnectPage) for showWaitWifiConnectPage
    board.o(i.initExternalDevices) refers to board.o(i.waitWifiConnect) for waitWifiConnect
    board.o(i.initExternalDevices) refers to printfa.o(i.__0printf) for __2printf
    board.o(i.initPeripheralNvic) refers to misc.o(i.NVIC_PriorityGroupConfig) for NVIC_PriorityGroupConfig
    board.o(i.initPeripheralNvic) refers to misc.o(i.NVIC_Init) for NVIC_Init
    board.o(i.initPeripheralRccClock) refers to stm32f4xx_rcc.o(i.RCC_AHB1PeriphClockCmd) for RCC_AHB1PeriphClockCmd
    board.o(i.initPeripheralRccClock) refers to stm32f4xx_rcc.o(i.RCC_APB2PeriphClockCmd) for RCC_APB2PeriphClockCmd
    board.o(i.initPeripheralRccClock) refers to stm32f4xx_rcc.o(i.RCC_APB1PeriphClockCmd) for RCC_APB1PeriphClockCmd
    board.o(i.initPeripheralRccClock) refers to stm32f4xx_pwr.o(i.PWR_BackupAccessCmd) for PWR_BackupAccessCmd
    board.o(i.initPeripheralRccClock) refers to stm32f4xx_rcc.o(i.RCC_BackupResetCmd) for RCC_BackupResetCmd
    board.o(i.initPeripheralRccClock) refers to stm32f4xx_rcc.o(i.RCC_LSEConfig) for RCC_LSEConfig
    board.o(i.initPeripheralRccClock) refers to stm32f4xx_rcc.o(i.RCC_GetFlagStatus) for RCC_GetFlagStatus
    board.o(i.initPeripheralRccClock) refers to stm32f4xx_rcc.o(i.RCC_RTCCLKConfig) for RCC_RTCCLKConfig
    board.o(i.initPeripheralRccClock) refers to stm32f4xx_rcc.o(i.RCC_RTCCLKCmd) for RCC_RTCCLKCmd
    board.o(i.initPeripheralRccClock) refers to stm32f4xx_rtc.o(i.RTC_WaitForSynchro) for RTC_WaitForSynchro
    board.o(i.initWirelessUseEsp32) refers to esp_at.o(i.initEsp32) for initEsp32
    board.o(i.initWirelessUseEsp32) refers to printfa.o(i.__0printf) for __2printf
    board.o(i.initWirelessUseEsp32) refers to esp_at.o(i.setWifiModeToStation) for setWifiModeToStation
    board.o(i.initWirelessUseEsp32) refers to esp_at.o(i.setTimeZoneAndSntpServer) for setTimeZoneAndSntpServer
    board.o(i.initWirelessUseEsp32) refers to show_page.o(i.showWirelessErrorPage) for showWirelessErrorPage
    board.o(i.initWirelessUseEsp32) refers to tasks.o(i.vTaskDelay) for vTaskDelay
    board.o(i.waitWifiConnect) refers to esp_at.o(i.connectWifiUseEsp32) for connectWifiUseEsp32
    board.o(i.waitWifiConnect) refers to printfa.o(i.__0printf) for __2printf
    board.o(i.waitWifiConnect) refers to tasks.o(i.vTaskDelay) for vTaskDelay
    board.o(i.waitWifiConnect) refers to memseta.o(.text) for __aeabi_memclr4
    board.o(i.waitWifiConnect) refers to esp_at.o(i.getWifiInfo) for getWifiInfo
    board.o(i.waitWifiConnect) refers to show_page.o(i.showWirelessErrorPage) for showWirelessErrorPage
    show_page.o(i.showMainPage) refers to st7789.o(i.fillColorForSt7789) for fillColorForSt7789
    show_page.o(i.showMainPage) refers to st7789.o(i.showImage) for showImage
[...]
    .bss                                     0x20003464   Section       80  queue.o(.bss)
    .bss                                     0x200034b4   Section    94208  heap_4.o(.bss)
    ucHeap                                   0x200034b4   Data       94208  heap_4.o(.bss)
    STACK                                    0x2001a4b8   Section     1024  startup_stm32f40_41xxx.o(STACK)

    Global Symbols

    Symbol Name                              Value     Ov Type        Size  Object(Section)

    BuildAttributes$$THM_ISAv4$E$P$D$K$B$S$7EM$VFPi3$EXTD16$VFPS$VFMA$PE$A:L22UL41UL21$X:L11$S22US41US21$IEEE1$IW$USESV6$~STKCKD$USESV7$~SHL$OTIME$ROPI$IEEEJ$EBA8$MICROLIB$REQ8$PRES8$EABIv2 0x00000000   Number         0  anon$$obj.o ABSOLUTE
    __ARM_use_no_argv                        0x00000000   Number         0  main.o ABSOLUTE
    _printf_a                                0x00000000   Number         0  stubs.o ABSOLUTE
    _printf_c                                0x00000000   Number         0  stubs.o ABSOLUTE
    _printf_charcount                        0x00000000   Number         0  stubs.o ABSOLUTE
    _printf_d                                0x00000000   Number         0  stubs.o ABSOLUTE
    _printf_e                                0x00000000   Number         0  stubs.o ABSOLUTE
    _printf_f                                0x00000000   Number         0  stubs.o ABSOLUTE
    _printf_flags                            0x00000000   Number         0  stubs.o ABSOLUTE
    _printf_fp_dec                           0x00000000   Number         0  stubs.o ABSOLUTE
    _printf_fp_hex                           0x00000000   Number         0  stubs.o ABSOLUTE
    _printf_g                                0x00000000   Number         0  stubs.o ABSOLUTE
    _printf_i                                0x00000000   Number         0  stubs.o ABSOLUTE
    _printf_int_dec                          0x00000000   Number         0  stubs.o ABSOLUTE
    _printf_l                                0x00000000   Number         0  stubs.o ABSOLUTE
    _printf_lc                               0x00000000   Number         0  stubs.o ABSOLUTE
    _printf_ll                               0x00000000   Number         0  stubs.o ABSOLUTE
    _printf_lld                              0x00000000   Number         0  stubs.o ABSOLUTE
    _printf_lli                              0x00000000   Number         0  stubs.o ABSOLUTE
    _printf_llo                              0x00000000   Number         0  stubs.o ABSOLUTE
    _printf_llu                              0x00000000   Number         0  stubs.o ABSOLUTE
    _printf_llx                              0x00000000   Number         0  stubs.o ABSOLUTE
    _printf_longlong_dec                     0x00000000   Number         0  stubs.o ABSOLUTE
    _printf_longlong_hex                     0x00000000   Number         0  stubs.o ABSOLUTE
    _printf_longlong_oct                     0x00000000   Number         0  stubs.o ABSOLUTE
    _printf_ls                               0x00000000   Number         0  stubs.o ABSOLUTE
    _printf_mbtowc                           0x00000000   Number         0  stubs.o ABSOLUTE
    _printf_n                                0x00000000   Number         0  stubs.o ABSOLUTE
    _printf_o                                0x00000000   Number         0  stubs.o ABSOLUTE
    _printf_p                                0x00000000   Number         0  stubs.o ABSOLUTE
    _printf_percent                          0x00000000   Number         0  stubs.o ABSOLUTE
    _printf_pre_padding                      0x00000000   Number         0  stubs.o ABSOLUTE
    _printf_return_value                     0x00000000   Number         0  stubs.o ABSOLUTE
    _printf_s                                0x00000000   Number         0  stubs.o ABSOLUTE
    _printf_sizespec                         0x00000000   Number         0  stubs.o ABSOLUTE
    _printf_str                              0x00000000   Number         0  stubs.o ABSOLUTE
    _printf_truncate_signed                  0x00000000   Number         0  stubs.o ABSOLUTE
    _printf_truncate_unsigned                0x00000000   Number         0  stubs.o ABSOLUTE
    _printf_u                                0x00000000   Number         0  stubs.o ABSOLUTE
    _printf_wc                               0x00000000   Number         0  stubs.o ABSOLUTE
    _printf_wctomb                           0x00000000   Number         0  stubs.o ABSOLUTE
    _printf_widthprec                        0x00000000   Number         0  stubs.o ABSOLUTE
    _printf_x                                0x00000000   Number         0  stubs.o ABSOLUTE
    __cpp_initialize__aeabi_                  - Undefined Weak Reference
    __cxa_finalize                            - Undefined Weak Reference
    __decompress                              - Undefined Weak Reference
    _clock_init                               - Undefined Weak Reference
    _microlib_exit                            - Undefined Weak Reference
    _scanf_longlong                           - Undefined Weak Reference
    __Vectors_Size                           0x00000188   Number         0  startup_stm32f40_41xxx.o ABSOLUTE
    __Vectors                                0x08000000   Data           4  startup_stm32f40_41xxx.o(RESET)
    __Vectors_End                            0x08000188   Data           0  startup_stm32f40_41xxx.o(RESET)
    __main                                   0x08000189   Thumb Code     0  entry.o(.ARM.Collect$$$$00000000)
    _main_stk                                0x08000189   Thumb Code     0  entry2.o(.ARM.Collect$$$$00000001)
    _main_scatterload                        0x0800018d   Thumb Code     0  entry5.o(.ARM.Collect$$$$00000004)
    __main_after_scatterload                 0x08000191   Thumb Code     0  entry5.o(.ARM.Collect$$$$00000004)
    _main_clock                              0x08000191   Thumb Code     0  entry7b.o(.ARM.Collect$$$$00000008)
    _main_cpp_init                           0x08000191   Thumb Code     0  entry8b.o(.ARM.Collect$$$$0000000A)
    _main_init                               0x08000191   Thumb Code     0  entry9a.o(.ARM.Collect$$$$0000000B)
    __rt_final_cpp                           0x08000199   Thumb Code     0  entry10a.o(.ARM.Collect$$$$0000000D)
    __rt_final_exit                          0x08000199   Thumb Code     0  entry11a.o(.ARM.Collect$$$$0000000F)
    SVC_Handler                              0x0800019d   Thumb Code    28  port.o(.emb_text)
    __asm___6_port_c_39a90d8d__prvStartFirstTask 0x080001bd   Thumb Code    36  port.o(.emb_text)
    __asm___6_port_c_39a90d8d__prvEnableVFP  0x080001e5   Thumb Code    16  port.o(.emb_text)
    PendSV_Handler                           0x080001f9   Thumb Code    88  port.o(.emb_text)
    vPortGetIPSR                             0x08000255   Thumb Code     6  port.o(.emb_text)
    Reset_Handler                            0x0800025d   Thumb Code     8  startup_stm32f40_41xxx.o(.text)
    NMI_Handler                              0x08000265   Thumb Code     2  startup_stm32f40_41xxx.o(.text)
    HardFault_Handler                        0x08000267   Thumb Code     2  startup_stm32f40_41xxx.o(.text)
    MemManage_Handler                        0x08000269   Thumb Code     2  startup_stm32f40_41xxx.o(.text)
    BusFault_Handler                         0x0800026b   Thumb Code     2  startup_stm32f40_41xxx.o(.text)
    UsageFault_Handler                       0x0800026d   Thumb Code     2  startup_stm32f40_41xxx.o(.text)
    DebugMon_Handler                         0x08000271   Thumb Code     2  startup_stm32f40_41xxx.o(.text)
    ADC_IRQHandler                           0x08000277   Thumb Code     0  startup_stm32f40_41xxx.o(.text)
    CAN1_RX0_IRQHandler                      0x08000277   Thumb Code     0  startup_stm32f40_41xxx.o(.text)
    CAN1_RX1_IRQHandler                      0x08000277   Thumb Code     0  startup_stm32f40_41xxx.o(.text)
    CAN1_SCE_IRQHandler                      0x08000277   Thumb Code     0  startup_stm32f40_41xxx.o(.text)
    CAN1_TX_IRQHandler                       0x08000277   Thumb Code     0  startup_stm32f40_41xxx.o(.text)
    CAN2_RX0_IRQHandler                      0x08000277   Thumb Code     0  startup_stm32f40_41xxx.o(.text)
    CAN2_RX1_IRQHandler                      0x08000277   Thumb Code     0  startup_stm32f40_41xxx.o(.text)
    CAN2_SCE_IRQHandler                      0x08000277   Thumb Code     0  startup_stm32f40_41xxx.o(.text)
    CAN2_TX_IRQHandler                       0x08000277   Thumb Code     0  startup_stm32f40_41xxx.o(.text)
    CRYP_IRQHandler                          0x08000277   Thumb Code     0  startup_stm32f40_41xxx.o(.text)
    DCMI_IRQHandler                          0x08000277   Thumb Code     0  startup_stm32f40_41xxx.o(.text)
    DMA1_Stream0_IRQHandler                  0x08000277   Thumb Code     0  startup_stm32f40_41xxx.o(.text)
    DMA1_Stream1_IRQHandler                  0x08000277   Thumb Code     0  startup_stm32f40_41xxx.o(.text)
    DMA1_Stream2_IRQHandler                  0x08000277   Thumb Code     0  startup_stm32f40_41xxx.o(.text)
    DMA1_Stream3_IRQHandler                  0x08000277   Thumb Code     0  startup_stm32f40_41xxx.o(.text)
    DMA1_Stream4_IRQHandler                  0x08000277   Thumb Code     0  startup_stm32f40_41xxx.o(.text)
    DMA1_Stream5_IRQHandler                  0x08000277   Thumb Code     0  startup_stm32f40_41xxx.o(.text)
    DMA1_Stream6_IRQHandler                  0x08000277   Thumb Code     0  startup_stm32f40_41xxx.o(.text)
    DMA1_Stream7_IRQHandler                  0x08000277   Thumb Code     0  startup_stm32f40_41xxx.o(.text)
    DMA2_Stream0_IRQHandler                  0x08000277   Thumb Code     0  startup_stm32f40_41xxx.o(.text)
    DMA2_Stream1_IRQHandler                  0x08000277   Thumb Code     0  startup_stm32f40_41xxx.o(.text)
    DMA2_Stream2_IRQHandler                  0x08000277   Thumb Code     0  startup_stm32f40_41xxx.o(.text)
    DMA2_Stream3_IRQHandler                  0x08000277   Thumb Code     0  startup_stm32f40_41xxx.o(.text)
    DMA2_Stream4_IRQHandler                  0x08000277   Thumb Code     0  startup_stm32f40_41xxx.o(.text)
    DMA2_Stream5_IRQHandler                  0x08000277   Thumb Code     0  startup_stm32f40_41xxx.o(.text)
    DMA2_Stream6_IRQHandler                  0x08000277   Thumb Code     0  startup_stm32f40_41xxx.o(.text)
    DMA2_Stream7_IRQHandler                  0x08000277   Thumb Code     0  startup_stm32f40_41xxx.o(.text)
    ETH_IRQHandler                           0x08000277   Thumb Code     0  startup_stm32f40_41xxx.o(.text)
    ETH_WKUP_IRQHandler                      0x08000277   Thumb Code     0  startup_stm32f40_41xxx.o(.text)
    EXTI0_IRQHandler                         0x08000277   Thumb Code     0  startup_stm32f40_41xxx.o(.text)
    EXTI15_10_IRQHandler                     0x08000277   Thumb Code     0  startup_stm32f40_41xxx.o(.text)
    EXTI1_IRQHandler                         0x08000277   Thumb Code     0  startup_stm32f40_41xxx.o(.text)
    EXTI2_IRQHandler                         0x08000277   Thumb Code     0  startup_stm32f40_41xxx.o(.text)
    EXTI3_IRQHandler                         0x08000277   Thumb Code     0  startup_stm32f40_41xxx.o(.text)
    EXTI4_IRQHandler                         0x08000277   Thumb Code     0  startup_stm32f40_41xxx.o(.text)
    EXTI9_5_IRQHandler                       0x08000277   Thumb Code     0  startup_stm32f40_41xxx.o(.text)
    FLASH_IRQHandler                         0x08000277   Thumb Code     0  startup_stm32f40_41xxx.o(.text)
    FPU_IRQHandler                           0x08000277   Thumb Code     0  startup_stm32f40_41xxx.o(.text)
    FSMC_IRQHandler                          0x08000277   Thumb Code     0  startup_stm32f40_41xxx.o(.text)
    HASH_RNG_IRQHandler                      0x08000277   Thumb Code     0  startup_stm32f40_41xxx.o(.text)
    I2C1_ER_IRQHandler                       0x08000277   Thumb Code     0  startup_stm32f40_41xxx.o(.text)
    I2C1_EV_IRQHandler                       0x08000277   Thumb Code     0  startup_stm32f40_41xxx.o(.text)
    I2C2_ER_IRQHandler                       0x08000277   Thumb Code     0  startup_stm32f40_41xxx.o(.text)
    I2C2_EV_IRQHandler                       0x08000277   Thumb Code     0  startup_stm32f40_41xxx.o(.text)
    I2C3_ER_IRQHandler                       0x08000277   Thumb Code     0  startup_stm32f40_41xxx.o(.text)
    I2C3_EV_IRQHandler                       0x08000277   Thumb Code     0  startup_stm32f40_41xxx.o(.text)
    OTG_FS_IRQHandler                        0x08000277   Thumb Code     0  startup_stm32f40_41xxx.o(.text)
    OTG_FS_WKUP_IRQHandler                   0x08000277   Thumb Code     0  startup_stm32f40_41xxx.o(.text)
    OTG_HS_EP1_IN_IRQHandler                 0x08000277   Thumb Code     0  startup_stm32f40_41xxx.o(.text)
    OTG_HS_EP1_OUT_IRQHandler                0x08000277   Thumb Code     0  startup_stm32f40_41xxx.o(.text)
    OTG_HS_IRQHandler                        0x08000277   Thumb Code     0  startup_stm32f40_41xxx.o(.text)
    OTG_HS_WKUP_IRQHandler                   0x08000277   Thumb Code     0  startup_stm32f40_41xxx.o(.text)
    PVD_IRQHandler                           0x08000277   Thumb Code     0  startup_stm32f40_41xxx.o(.text)
    RCC_IRQHandler                           0x08000277   Thumb Code     0  startup_stm32f40_41xxx.o(.text)
    RTC_Alarm_IRQHandler                     0x08000277   Thumb Code     0  startup_stm32f40_41xxx.o(.text)
    RTC_WKUP_IRQHandler                      0x08000277   Thumb Code     0  startup_stm32f40_41xxx.o(.text)
    SDIO_IRQHandler                          0x08000277   Thumb Code     0  startup_stm32f40_41xxx.o(.text)
    SPI1_IRQHandler                          0x08000277   Thumb Code     0  startup_stm32f40_41xxx.o(.text)
    SPI2_IRQHandler                          0x08000277   Thumb Code     0  startup_stm32f40_41xxx.o(.text)
    SPI3_IRQHandler                          0x08000277   Thumb Code     0  startup_stm32f40_41xxx.o(.text)
    TAMP_STAMP_IRQHandler                    0x08000277   Thumb Code     0  startup_stm32f40_41xxx.o(.text)
    TIM1_BRK_TIM9_IRQHandler                 0x08000277   Thumb Code     0  startup_stm32f40_41xxx.o(.text)
    TIM1_CC_IRQHandler                       0x08000277   Thumb Code     0  startup_stm32f40_41xxx.o(.text)
    TIM1_TRG_COM_TIM11_IRQHandler            0x08000277   Thumb Code     0  startup_stm32f40_41xxx.o(.text)
    TIM1_UP_TIM10_IRQHandler                 0x08000277   Thumb Code     0  startup_stm32f40_41xxx.o(.text)
    TIM2_IRQHandler                          0x08000277   Thumb Code     0  startup_stm32f40_41xxx.o(.text)
    TIM3_IRQHandler                          0x08000277   Thumb Code     0  startup_stm32f40_41xxx.o(.text)
    TIM4_IRQHandler                          0x08000277   Thumb Code     0  startup_stm32f40_41xxx.o(.text)
    TIM5_IRQHandler                          0x08000277   Thumb Code     0  startup_stm32f40_41xxx.o(.text)
    TIM6_DAC_IRQHandler                      0x08000277   Thumb Code     0  startup_stm32f40_41xxx.o(.text)
    TIM7_IRQHandler                          0x08000277   Thumb Code     0  startup_stm32f40_41xxx.o(.text)
    TIM8_BRK_TIM12_IRQHandler                0x08000277   Thumb Code     0  startup_stm32f40_41xxx.o(.text)
    TIM8_CC_IRQHandler                       0x08000277   Thumb Code     0  startup_stm32f40_41xxx.o(.text)
    TIM8_TRG_COM_TIM14_IRQHandler            0x08000277   Thumb Code     0  startup_stm32f40_41xxx.o(.text)
    TIM8_UP_TIM13_IRQHandler                 0x08000277   Thumb Code     0  startup_stm32f40_41xxx.o(.text)
    UART4_IRQHandler                         0x08000277   Thumb Code     0  startup_stm32f40_41xxx.o(.text)
    UART5_IRQHandler                         0x08000277   Thumb Code     0  startup_stm32f40_41xxx.o(.text)
    USART2_IRQHandler                        0x08000277   Thumb Code     0  startup_stm32f40_41xxx.o(.text)
    USART3_IRQHandler                        0x08000277   Thumb Code     0  startup_stm32f40_41xxx.o(.text)
    USART6_IRQHandler                        0x08000277   Thumb Code     0  startup_stm32f40_41xxx.o(.text)
    WWDG_IRQHandler                          0x08000277   Thumb Code     0  startup_stm32f40_41xxx.o(.text)
    __aeabi_memcpy                           0x08000281   Thumb Code    36  memcpya.o(.text)
    __aeabi_memcpy4                          0x08000281   Thumb Code     0  memcpya.o(.text)
    __aeabi_memcpy8                          0x08000281   Thumb Code     0  memcpya.o(.text)
    __aeabi_memset                           0x080002a5   Thumb Code    14  memseta.o(.text)
    __aeabi_memset4                          0x080002a5   Thumb Code     0  memseta.o(.text)
    __aeabi_memset8                          0x080002a5   Thumb Code     0  memseta.o(.text)
    __aeabi_memclr                           0x080002b3   Thumb Code     4  memseta.o(.text)
    __aeabi_memclr4                          0x080002b3   Thumb Code     0  memseta.o(.text)
    __aeabi_memclr8                          0x080002b3   Thumb Code     0  memseta.o(.text)
    _memset$wrapper                          0x080002b7   Thumb Code    18  memseta.o(.text)
    strstr                                   0x080002c9   Thumb Code    36  strstr.o(.text)
    strncpy                                  0x080002ed   Thumb Code    24  strncpy.o(.text)
    strlen                                   0x08000305   Thumb Code    14  strlen.o(.text)
    strcmp                                   0x08000313   Thumb Code    28  strcmp.o(.text)
    memcmp                                   0x0800032f   Thumb Code    26  memcmp.o(.text)
    __0sscanf                                0x08000349   Thumb Code    48  __0sscanf.o(.text)
    _scanf_int                               0x08000381   Thumb Code   332  _scanf_int.o(.text)
    _scanf_string                            0x080004cd   Thumb Code   224  _scanf_str.o(.text)
    __aeabi_f2d                              0x080005ad   Thumb Code    38  f2d.o(.text)
    __aeabi_d2f                              0x080005d3   Thumb Code    56  d2f.o(.text)
    __aeabi_uidiv                            0x0800060b   Thumb Code     0  uidiv.o(.text)
    __aeabi_uidivmod                         0x0800060b   Thumb Code    44  uidiv.o(.text)
    __aeabi_uldivmod                         0x08000637   Thumb Code    98  uldiv.o(.text)
    _chval                                   0x08000699   Thumb Code    28  _chval.o(.text)
    __vfscanf_char                           0x080006c1   Thumb Code    20  scanf_char.o(.text)
    _sgetc                                   0x080006dd   Thumb Code    30  _sgetc.o(.text)
    _sbackspace                              0x080006fb   Thumb Code    34  _sgetc.o(.text)
    __strtod_int                             0x08000753   Thumb Code    90  strtod.o(.text)
    __I$use$fp                               0x080007b9   Thumb Code     0  iusefp.o(.text)
    _float_round                             0x080007b9   Thumb Code    18  fepilogue.o(.text)
    _float_epilogue                          0x080007cb   Thumb Code    92  fepilogue.o(.text)
    __aeabi_dadd                             0x08000827   Thumb Code   322  dadd.o(.text)
    __aeabi_dsub                             0x08000969   Thumb Code     6  dadd.o(.text)
    __aeabi_drsub                            0x0800096f   Thumb Code     6  dadd.o(.text)
    __aeabi_dmul                             0x08000975   Thumb Code   228  dmul.o(.text)
    __aeabi_ddiv                             0x08000a59   Thumb Code   222  ddiv.o(.text)
    __aeabi_d2ulz                            0x08000b37   Thumb Code    48  dfixul.o(.text)
    __aeabi_cdrcmple                         0x08000b69   Thumb Code    48  cdrcmple.o(.text)
    __scatterload                            0x08000b99   Thumb Code    28  init.o(.text)
    __scatterload_rt2                        0x08000b99   Thumb Code     0  init.o(.text)
    __aeabi_llsl                             0x08000bbd   Thumb Code    30  llshl.o(.text)
    _ll_shift_l                              0x08000bbd   Thumb Code     0  llshl.o(.text)
    __aeabi_llsr                             0x08000bdb   Thumb Code    32  llushr.o(.text)
    _ll_ushift_r                             0x08000bdb   Thumb Code     0  llushr.o(.text)
    __aeabi_lasr                             0x08000bfb   Thumb Code    36  llsshr.o(.text)
    _ll_sshift_r                             0x08000bfb   Thumb Code     0  llsshr.o(.text)
    isspace                                  0x08000c1f   Thumb Code    10  isspace_c.o(.text)
    __vfscanf                                0x08000c29   Thumb Code   808  _scanf.o(.text)
    _scanf_real                              0x0800107d   Thumb Code     0  scanf_fp.o(.text)
    _scanf_really_real                       0x0800107d   Thumb Code   556  scanf_fp.o(.text)
    _double_round                            0x080012b5   Thumb Code    30  depilogue.o(.text)
    _double_epilogue                         0x080012d3   Thumb Code   156  depilogue.o(.text)
    __ctype_lookup                           0x08001371   Thumb Code    34  ctype_c.o(.text)
    __aeabi_ul2d                             0x08001399   Thumb Code    24  dfltul.o(.text)
    DMA_ClearFlag                            0x080013b1   Thumb Code    38  stm32f4xx_dma.o(i.DMA_ClearFlag)
    DMA_Cmd                                  0x080013e5   Thumb Code    22  stm32f4xx_dma.o(i.DMA_Cmd)
    DMA_GetFlagStatus                        0x080013fd   Thumb Code    54  stm32f4xx_dma.o(i.DMA_GetFlagStatus)
    DMA_Init                                 0x08001441   Thumb Code    82  stm32f4xx_dma.o(i.DMA_Init)
    DMA_StructInit                           0x08001499   Thumb Code    34  stm32f4xx_dma.o(i.DMA_StructInit)
    GPIO_Init                                0x080014bb   Thumb Code   144  stm32f4xx_gpio.o(i.GPIO_Init)
    GPIO_PinAFConfig                         0x0800154b   Thumb Code    70  stm32f4xx_gpio.o(i.GPIO_PinAFConfig)
    GPIO_ResetBits                           0x08001591   Thumb Code     6  stm32f4xx_gpio.o(i.GPIO_ResetBits)
    GPIO_SetBits                             0x08001597   Thumb Code     4  stm32f4xx_gpio.o(i.GPIO_SetBits)
    GPIO_StructInit                          0x0800159b   Thumb Code    18  stm32f4xx_gpio.o(i.GPIO_StructInit)
    GPIO_WriteBit                            0x080015ad   Thumb Code    12  stm32f4xx_gpio.o(i.GPIO_WriteBit)
    I2C_AcknowledgeConfig                    0x080015b9   Thumb Code    24  stm32f4xx_i2c.o(i.I2C_AcknowledgeConfig)
    I2C_CheckEvent                           0x080015d1   Thumb Code    62  stm32f4xx_i2c.o(i.I2C_CheckEvent)
    I2C_Cmd                                  0x0800160f   Thumb Code    24  stm32f4xx_i2c.o(i.I2C_Cmd)
    I2C_GenerateSTART                        0x08001627   Thumb Code    24  stm32f4xx_i2c.o(i.I2C_GenerateSTART)
    I2C_GenerateSTOP                         0x0800163f   Thumb Code    24  stm32f4xx_i2c.o(i.I2C_GenerateSTOP)
    I2C_Init                                 0x08001659   Thumb Code   218  stm32f4xx_i2c.o(i.I2C_Init)
    I2C_ReceiveData                          0x08001741   Thumb Code     8  stm32f4xx_i2c.o(i.I2C_ReceiveData)
    I2C_Send7bitAddress                      0x08001749   Thumb Code    16  stm32f4xx_i2c.o(i.I2C_Send7bitAddress)
    I2C_SendData                             0x08001759   Thumb Code     4  stm32f4xx_i2c.o(i.I2C_SendData)
    I2C_StructInit                           0x0800175d   Thumb Code    30  stm32f4xx_i2c.o(i.I2C_StructInit)
    NVIC_Init                                0x0800177d   Thumb Code   106  misc.o(i.NVIC_Init)
    NVIC_PriorityGroupConfig                 0x080017f5   Thumb Code    10  misc.o(i.NVIC_PriorityGroupConfig)
    PWR_BackupAccessCmd                      0x08001809   Thumb Code     6  stm32f4xx_pwr.o(i.PWR_BackupAccessCmd)
    RCC_AHB1PeriphClockCmd                   0x08001815   Thumb Code    26  stm32f4xx_rcc.o(i.RCC_AHB1PeriphClockCmd)
    RCC_APB1PeriphClockCmd                   0x08001835   Thumb Code    26  stm32f4xx_rcc.o(i.RCC_APB1PeriphClockCmd)
    RCC_APB2PeriphClockCmd                   0x08001855   Thumb Code    26  stm32f4xx_rcc.o(i.RCC_APB2PeriphClockCmd)
    RCC_BackupResetCmd                       0x08001875   Thumb Code     6  stm32f4xx_rcc.o(i.RCC_BackupResetCmd)
    RCC_GetClocksFreq                        0x08001881   Thumb Code   214  stm32f4xx_rcc.o(i.RCC_GetClocksFreq)
    RCC_GetFlagStatus                        0x08001969   Thumb Code    60  stm32f4xx_rcc.o(i.RCC_GetFlagStatus)
    RCC_LSEConfig                            0x080019a9   Thumb Code    40  stm32f4xx_rcc.o(i.RCC_LSEConfig)
    RCC_RTCCLKCmd                            0x080019d5   Thumb Code     6  stm32f4xx_rcc.o(i.RCC_RTCCLKCmd)
    RCC_RTCCLKConfig                         0x080019e1   Thumb Code    50  stm32f4xx_rcc.o(i.RCC_RTCCLKConfig)
    RTC_DateStructInit                       0x08001a4f   Thumb Code    14  stm32f4xx_rtc.o(i.RTC_DateStructInit)
    RTC_EnterInitMode                        0x08001a5d   Thumb Code    76  stm32f4xx_rtc.o(i.RTC_EnterInitMode)
    RTC_ExitInitMode                         0x08001aad   Thumb Code    14  stm32f4xx_rtc.o(i.RTC_ExitInitMode)
    RTC_GetDate                              0x08001ac1   Thumb Code    68  stm32f4xx_rtc.o(i.RTC_GetDate)
    RTC_GetTime                              0x08001b0d   Thumb Code    72  stm32f4xx_rtc.o(i.RTC_GetTime)
    RTC_Init                                 0x08001b5d   Thumb Code    94  stm32f4xx_rtc.o(i.RTC_Init)
    RTC_SetDate                              0x08001bc1   Thumb Code   190  stm32f4xx_rtc.o(i.RTC_SetDate)
    RTC_SetTime                              0x08001c89   Thumb Code   198  stm32f4xx_rtc.o(i.RTC_SetTime)
    RTC_StructInit                           0x08001d59   Thumb Code    14  stm32f4xx_rtc.o(i.RTC_StructInit)
    RTC_TimeStructInit                       0x08001d67   Thumb Code    12  stm32f4xx_rtc.o(i.RTC_TimeStructInit)
    RTC_WaitForSynchro                       0x08001d75   Thumb Code    92  stm32f4xx_rtc.o(i.RTC_WaitForSynchro)
    SPI_Cmd                                  0x08001dd5   Thumb Code    24  stm32f4xx_spi.o(i.SPI_Cmd)
    SPI_DataSizeConfig                       0x08001ded   Thumb Code    18  stm32f4xx_spi.o(i.SPI_DataSizeConfig)
    SPI_I2S_DMACmd                           0x08001dff   Thumb Code    18  stm32f4xx_spi.o(i.SPI_I2S_DMACmd)
    SPI_I2S_GetFlagStatus                    0x08001e11   Thumb Code    18  stm32f4xx_spi.o(i.SPI_I2S_GetFlagStatus)
    SPI_I2S_SendData                         0x08001e23   Thumb Code     4  stm32f4xx_spi.o(i.SPI_I2S_SendData)
    SPI_Init                                 0x08001e27   Thumb Code    60  stm32f4xx_spi.o(i.SPI_Init)
    SPI_StructInit                           0x08001e63   Thumb Code    24  stm32f4xx_spi.o(i.SPI_StructInit)
    SysTick_Handler                          0x08001f69   Thumb Code    46  port.o(i.SysTick_Handler)
    SystemInit                               0x08001f9d   Thumb Code    88  system_stm32f4xx.o(i.SystemInit)
    USART1_IRQHandler                        0x08002005   Thumb Code    50  usart1.o(i.USART1_IRQHandler)
    USART_ClearFlag                          0x08002041   Thumb Code    18  stm32f4xx_usart.o(i.USART_ClearFlag)
    USART_ClearITPendingBit                  0x08002053   Thumb Code    30  stm32f4xx_usart.o(i.USART_ClearITPendingBit)
    USART_Cmd                                0x08002071   Thumb Code    24  stm32f4xx_usart.o(i.USART_Cmd)
    USART_DMACmd                             0x08002089   Thumb Code    18  stm32f4xx_usart.o(i.USART_DMACmd)
    USART_GetFlagStatus                      0x0800209b   Thumb Code    26  stm32f4xx_usart.o(i.USART_GetFlagStatus)
    USART_GetITStatus                        0x080020b5   Thumb Code    84  stm32f4xx_usart.o(i.USART_GetITStatus)
    USART_ITConfig                           0x08002109   Thumb Code    74  stm32f4xx_usart.o(i.USART_ITConfig)
    USART_Init                               0x08002155   Thumb Code   204  stm32f4xx_usart.o(i.USART_Init)
    USART_ReceiveData                        0x08002229   Thumb Code    10  stm32f4xx_usart.o(i.USART_ReceiveData)
    USART_SendData                           0x08002233   Thumb Code     8  stm32f4xx_usart.o(i.USART_SendData)
    USART_StructInit                         0x0800223b   Thumb Code    24  stm32f4xx_usart.o(i.USART_StructInit)
    __0printf                                0x08002255   Thumb Code    22  printfa.o(i.__0printf)
    __1printf                                0x08002255   Thumb Code     0  printfa.o(i.__0printf)
    __2printf                                0x08002255   Thumb Code     0  printfa.o(i.__0printf)
    __c89printf                              0x08002255   Thumb Code     0  printfa.o(i.__0printf)
    printf                                   0x08002255   Thumb Code     0  printfa.o(i.__0printf)
    __0snprintf                              0x08002275   Thumb Code    44  printfa.o(i.__0snprintf)
    __1snprintf                              0x08002275   Thumb Code     0  printfa.o(i.__0snprintf)
    __2snprintf                              0x08002275   Thumb Code     0  printfa.o(i.__0snprintf)
    __c89snprintf                            0x08002275   Thumb Code     0  printfa.o(i.__0snprintf)
    snprintf                                 0x08002275   Thumb Code     0  printfa.o(i.__0snprintf)
    __hardfp_atof                            0x080022a9   Thumb Code    44  atof.o(i.__hardfp_atof)
    __read_errno                             0x080022e1   Thumb Code     6  errno.o(i.__read_errno)
    __scatterload_copy                       0x080022ed   Thumb Code    14  handlers.o(i.__scatterload_copy)
    __scatterload_null                       0x080022fb   Thumb Code     2  handlers.o(i.__scatterload_null)
    __scatterload_zeroinit                   0x080022fd   Thumb Code    14  handlers.o(i.__scatterload_zeroinit)
    __set_errno                              0x0800230d   Thumb Code     6  errno.o(i.__set_errno)
    _is_digit                                0x0800249d   Thumb Code    14  scanf_fp.o(i._is_digit)
    calibrateAht20                           0x08002c15   Thumb Code    58  aht20.o(i.calibrateAht20)
    checkI2cEvent                            0x08002c55   Thumb Code    46  aht20.o(i.checkI2cEvent)
    connectWifiUseEsp32                      0x08002c89   Thumb Code    82  esp_at.o(i.connectWifiUseEsp32)
    creatSystemSchedulingLogic               0x08002cf9   Thumb Code   248  system_operation_scheduling.o(i.creatSystemSchedulingLogic)
    fillColorForSt7789                       0x08002e6d   Thumb Code    72  st7789.o(i.fillColorForSt7789)
    fputc                                    0x08002eb5   Thumb Code    40  usart1.o(i.fputc)
    getEsp32sRsponseStr                      0x08002ee1   Thumb Code     4  esp_at.o(i.getEsp32sRsponseStr)
    getRtcTime                               0x08002ee9   Thumb Code    68  rtc.o(i.getRtcTime)
    getSntpTime                              0x08002f2d   Thumb Code    42  esp_at.o(i.getSntpTime)
    getUrlInfoByHttp                         0x08002f6d   Thumb Code    46  esp_at.o(i.getUrlInfoByHttp)
    getWifiInfo                              0x08002fc1   Thumb Code    76  esp_at.o(i.getWifiInfo)
    initAht20                                0x08003029   Thumb Code    34  aht20.o(i.initAht20)
    initBoardOnLowLevel                      0x0800304b   Thumb Code    12  board.o(i.initBoardOnLowLevel)
    initDma1Stream4                          0x08003059   Thumb Code    96  st7789.o(i.initDma1Stream4)
    initEsp32                                0x080030c1   Thumb Code    54  esp_at.o(i.initEsp32)
    initExternalDevices                      0x08003109   Thumb Code    46  board.o(i.initExternalDevices)
    initI2c2                                 0x0800316d   Thumb Code   142  aht20.o(i.initI2c2)
    initPeripheralNvic                       0x08003209   Thumb Code    42  board.o(i.initPeripheralNvic)
    initPeripheralRccClock                   0x08003233   Thumb Code   154  board.o(i.initPeripheralRccClock)
    initRtc                                  0x080032cd   Thumb Code    28  rtc.o(i.initRtc)
    initSpi2                                 0x080032e9   Thumb Code   248  st7789.o(i.initSpi2)
    initSt7798                               0x080033f1   Thumb Code   304  st7789.o(i.initSt7798)
    initUsart1                               0x0800356d   Thumb Code   148  usart1.o(i.initUsart1)
    initUsart2                               0x08003609   Thumb Code   124  esp_at.o(i.initUsart2)
    initWirelessUseEsp32                     0x0800368d   Thumb Code    86  board.o(i.initWirelessUseEsp32)
    isBusyOfAht20                            0x08003769   Thumb Code    34  aht20.o(i.isBusyOfAht20)
    isCalibrateOfAht20                       0x0800378b   Thumb Code    34  aht20.o(i.isCalibrateOfAht20)
    isExceedsScreenBoundary                  0x080037ad   Thumb Code    32  st7789.o(i.isExceedsScreenBoundary)
    main                                     0x080037cd   Thumb Code    36  main.o(i.main)
    matchEsp32sAck                           0x08003809   Thumb Code    46  esp_at.o(i.matchEsp32sAck)
    parseCwjapResponseToGetApInfo            0x0800391d   Thumb Code    64  esp_at.o(i.parseCwjapResponseToGetApInfo)
    parseCwstateResponseToGetWifiInfo        0x08003989   Thumb Code    68  esp_at.o(i.parseCwstateResponseToGetWifiInfo)
    parseSntpTimeInfo                        0x080039f1   Thumb Code   162  esp_at.o(i.parseSntpTimeInfo)
    parseWeatherInfo                         0x08003ac5   Thumb Code   246  esp_at.o(i.parseWeatherInfo)
    pvPortMalloc                             0x080047d5   Thumb Code   306  heap_4.o(i.pvPortMalloc)
    pvTimerGetTimerID                        0x08004949   Thumb Code    32  timers.o(i.pvTimerGetTimerID)
    pxPortInitialiseStack                    0x08004989   Thumb Code    38  port.o(i.pxPortInitialiseStack)
    readMeasureData                          0x080049b5   Thumb Code   152  aht20.o(i.readMeasureData)
    readMulByteByI2c2                        0x08004a5d   Thumb Code   124  aht20.o(i.readMulByteByI2c2)
    readStateOfAht20                         0x08004ae1   Thumb Code    40  aht20.o(i.readStateOfAht20)
    receiveAndRecognizeResponseMsgFromEsp32ByUsart2 0x08004b09   Thumb Code   130  esp_at.o(i.receiveAndRecognizeResponseMsgFromEsp32ByUsart2)
    resetSt7789                              0x08004b95   Thumb Code    36  st7789.o(i.resetSt7789)
    searchAsciiOrChineseModel                0x08004bbd   Thumb Code   172  st7789.o(i.searchAsciiOrChineseModel)
    sendCommandAndReceiveRespondMsg          0x08004c69   Thumb Code    30  esp_at.o(i.sendCommandAndReceiveRespondMsg)
    sendDataToEsp32ByUsart2                  0x08004c89   Thumb Code    40  esp_at.o(i.sendDataToEsp32ByUsart2)
    sendFontDataToSt7789                     0x08004cb5   Thumb Code   284  st7789.o(i.sendFontDataToSt7789)
    setBackGroundLed                         0x08004dd5   Thumb Code    26  st7789.o(i.setBackGroundLed)
    setRangeForSt7789                        0x08004df5   Thumb Code    94  st7789.o(i.setRangeForSt7789)
    setRtcTime                               0x08004e53   Thumb Code    82  rtc.o(i.setRtcTime)
    setTimeZoneAndSntpServer                 0x08004ea5   Thumb Code    14  esp_at.o(i.setTimeZoneAndSntpServer)
    setWifiModeToStation                     0x08004ec9   Thumb Code    14  esp_at.o(i.setWifiModeToStation)
    showImage                                0x08004ee9   Thumb Code    88  st7789.o(i.showImage)
    showMainPage                             0x08004f41   Thumb Code   274  show_page.o(i.showMainPage)
    showOneAscii                             0x080050b9   Thumb Code    52  st7789.o(i.showOneAscii)
    showOneChinese                           0x080050ed   Thumb Code    54  st7789.o(i.showOneChinese)
    showString                               0x08005123   Thumb Code   150  st7789.o(i.showString)
    showWaitWifiConnectPage                  0x080051b9   Thumb Code    96  show_page.o(i.showWaitWifiConnectPage)
    showWelcomePage                          0x08005245   Thumb Code   100  show_page.o(i.showWelcomePage)
    showWirelessErrorPage                    0x080052d9   Thumb Code    52  show_page.o(i.showWirelessErrorPage)
    startMeasureOfAht20                      0x08005329   Thumb Code    60  aht20.o(i.startMeasureOfAht20)
    syncSntpTimeToRtcTime                    0x08005381   Thumb Code   196  system_operation_scheduling.o(i.syncSntpTimeToRtcTime)
    systemSchedulingLogic                    0x080054b9   Thumb Code    68  system_operation_scheduling.o(i.systemSchedulingLogic)
    ulTaskGenericNotifyTake                  0x080054fd   Thumb Code   150  tasks.o(i.ulTaskGenericNotifyTake)
    updataShowDate                           0x080055bd   Thumb Code   126  show_page.o(i.updataShowDate)
    updataShowInnerHumidity                  0x08005679   Thumb Code    92  show_page.o(i.updataShowInnerHumidity)
    updataShowInnerTemperature               0x080056e5   Thumb Code   102  show_page.o(i.updataShowInnerTemperature)
    updataShowOutdoorCity                    0x08005761   Thumb Code    44  show_page.o(i.updataShowOutdoorCity)
    updataShowOutdoorTemperature             0x08005795   Thumb Code   102  show_page.o(i.updataShowOutdoorTemperature)
    updataShowOutdoorWeatherIcon             0x08005811   Thumb Code   152  show_page.o(i.updataShowOutdoorWeatherIcon)
    updataShowTime                           0x080058c9   Thumb Code    68  show_page.o(i.updataShowTime)
    updataShowWifiSsid                       0x0800591d   Thumb Code    46  show_page.o(i.updataShowWifiSsid)
    updateInnorTemperatureHumidityToScreen   0x08005959   Thumb Code   136  system_operation_scheduling.o(i.updateInnorTemperatureHumidityToScreen)
    updateOutdoorWeatherToScreen             0x08005a39   Thumb Code   148  system_operation_scheduling.o(i.updateOutdoorWeatherToScreen)
    updateRtcTimeToScreen                    0x08005b29   Thumb Code    96  system_operation_scheduling.o(i.updateRtcTimeToScreen)
    updateWifiInfoToScreen                   0x08005b91   Thumb Code   136  system_operation_scheduling.o(i.updateWifiInfoToScreen)
    uxListRemove                             0x08005cd1   Thumb Code    40  list.o(i.uxListRemove)
    vApplicationMallocFailedHook             0x08005cf9   Thumb Code    18  main.o(i.vApplicationMallocFailedHook)
    vApplicationStackOverflowHook            0x08005d2d   Thumb Code    24  main.o(i.vApplicationStackOverflowHook)
    vAssertCalled                            0x08005d6d   Thumb Code    18  main.o(i.vAssertCalled)
    vListInitialise                          0x08005d99   Thumb Code    26  list.o(i.vListInitialise)
    vListInitialiseItem                      0x08005db3   Thumb Code     6  list.o(i.vListInitialiseItem)
    vListInsert                              0x08005db9   Thumb Code    52  list.o(i.vListInsert)
    vListInsertEnd                           0x08005ded   Thumb Code    24  list.o(i.vListInsertEnd)
    vPortEnterCritical                       0x08005e05   Thumb Code    66  port.o(i.vPortEnterCritical)
    vPortExitCritical                        0x08005e79   Thumb Code    46  port.o(i.vPortExitCritical)
    vPortFree                                0x08005ed5   Thumb Code   126  heap_4.o(i.vPortFree)
    vPortSetupTimerInterrupt                 0x08005f89   Thumb Code    36  port.o(i.vPortSetupTimerInterrupt)
    vPortValidateInterruptPriority           0x08005fb1   Thumb Code    82  port.o(i.vPortValidateInterruptPriority)
    vQueueAddToRegistry                      0x08006039   Thumb Code    38  queue.o(i.vQueueAddToRegistry)
    vQueueWaitForMessageRestricted           0x08006065   Thumb Code    74  queue.o(i.vQueueWaitForMessageRestricted)
    vTaskDelay                               0x080060b1   Thumb Code    70  tasks.o(i.vTaskDelay)
    vTaskDelete                              0x08006121   Thumb Code   198  tasks.o(i.vTaskDelete)
    vTaskInternalSetTimeOutState             0x08006231   Thumb Code    14  tasks.o(i.vTaskInternalSetTimeOutState)
    vTaskMissedYield                         0x08006249   Thumb Code     8  tasks.o(i.vTaskMissedYield)
    vTaskPlaceOnEventList                    0x08006255   Thumb Code    40  tasks.o(i.vTaskPlaceOnEventList)
    vTaskPlaceOnEventListRestricted          0x080062a1   Thumb Code    48  tasks.o(i.vTaskPlaceOnEventListRestricted)
    vTaskStartScheduler                      0x080062f5   Thumb Code   110  tasks.o(i.vTaskStartScheduler)
    vTaskSuspendAll                          0x080063a5   Thumb Code    12  tasks.o(i.vTaskSuspendAll)
    vTaskSwitchContext                       0x080063b5   Thumb Code   136  tasks.o(i.vTaskSwitchContext)
    waitEsp32Restart                         0x08006471   Thumb Code    36  esp_at.o(i.waitEsp32Restart)
    waitReadyResponseMsg                     0x0800649d   Thumb Code    22  esp_at.o(i.waitReadyResponseMsg)
    waitWifiConnect                          0x080064b5   Thumb Code   114  board.o(i.waitWifiConnect)
    writeDataToSt7789                        0x08006665   Thumb Code   174  st7789.o(i.writeDataToSt7789)
    writeDataToSt7789UseDma                  0x0800671d   Thumb Code   180  st7789.o(i.writeDataToSt7789UseDma)
    writeMulByteByI2c2                       0x080067e1   Thumb Code   110  aht20.o(i.writeMulByteByI2c2)
    xPortStartScheduler                      0x0800685d   Thumb Code   312  port.o(i.xPortStartScheduler)
    xQueueGenericCreate                      0x080069d9   Thumb Code   126  queue.o(i.xQueueGenericCreate)
    xQueueGenericReset                       0x08006a79   Thumb Code   134  queue.o(i.xQueueGenericReset)
    xQueueGenericSend                        0x08006b25   Thumb Code   418  queue.o(i.xQueueGenericSend)
    xQueueGenericSendFromISR                 0x08006ced   Thumb Code   262  queue.o(i.xQueueGenericSendFromISR)
    xQueueReceive                            0x08006e15   Thumb Code   320  queue.o(i.xQueueReceive)
    xTaskCheckForTimeOut                     0x08006f79   Thumb Code   112  tasks.o(i.xTaskCheckForTimeOut)
    xTaskCreate                              0x08007011   Thumb Code    96  tasks.o(i.xTaskCreate)
    xTaskGenericNotify                       0x08007071   Thumb Code   316  tasks.o(i.xTaskGenericNotify)
    xTaskGetSchedulerState                   0x080071e1   Thumb Code    24  tasks.o(i.xTaskGetSchedulerState)
    xTaskGetTickCount                        0x08007201   Thumb Code     6  tasks.o(i.xTaskGetTickCount)
    xTaskIncrementTick                       0x0800720d   Thumb Code   270  tasks.o(i.xTaskIncrementTick)
    xTaskPriorityDisinherit                  0x08007369   Thumb Code   150  tasks.o(i.xTaskPriorityDisinherit)
    xTaskRemoveFromEventList                 0x0800742d   Thumb Code   116  tasks.o(i.xTaskRemoveFromEventList)
    xTaskResumeAll                           0x080074d9   Thumb Code   212  tasks.o(i.xTaskResumeAll)
    xTimerCreate                             0x080075f1   Thumb Code    54  timers.o(i.xTimerCreate)
    xTimerCreateTimerTask                    0x08007629   Thumb Code    52  timers.o(i.xTimerCreateTimerTask)
    xTimerGenericCommand                     0x08007691   Thumb Code   114  timers.o(i.xTimerGenericCommand)
    font16_maple                             0x08007d40   Data          16  font16_maple.o(.constdata)
    font20_maple_bold                        0x08009208   Data          16  font20_maple_bold.o(.constdata)
    font24_maple_bold                        0x0800a940   Data          16  font24_maple_bold.o(.constdata)
    font24_maple_semibold                    0x0800adb8   Data          16  font24_maple_semibold.o(.constdata)
    font32_maple_bold                        0x0800ca58   Data          16  font32_maple_bold.o(.constdata)
    font54_maple_bold                        0x0800d560   Data          16  font54_maple_bold.o(.constdata)
    font54_maple_semibold                    0x0800e068   Data          16  font54_maple_semibold.o(.constdata)
    font64_maple_extrabold                   0x0800ed78   Data          16  font64_maple_extrabold.o(.constdata)
    font76_maple_extrabold                   0x080100d4   Data          16  font76_maple_extrabold.o(.constdata)
    img_meihua                               0x0801fe04   Data           8  img_meihua.o(.constdata)
    img_error                                0x0802c60c   Data           8  img_error.o(.constdata)
    img_wifi                                 0x0803acb4   Data           8  img_wifi.o(.constdata)
    icon_wifi                                0x0803b13c   Data           8  icon_wifi.o(.constdata)
    icon_wenduji                             0x0803b9a4   Data           8  icon_wenduji.o(.constdata)
    icon_qing                                0x0803d074   Data           8  icon_qing.o(.constdata)
    icon_duoyun                              0x0803e744   Data           8  icon_duoyun.o(.constdata)
    icon_leizhenyu                           0x0803fe14   Data           8  icon_leizhenyu.o(.constdata)
    icon_na                                  0x080414e4   Data           8  icon_na.o(.constdata)
    icon_yintian                             0x08042bb4   Data           8  icon_yintian.o(.constdata)
    icon_yueliang                            0x08044284   Data           8  icon_yueliang.o(.constdata)
    icon_zhongxue                            0x08045954   Data           8  icon_zhongxue.o(.constdata)
    icon_zhongyu                             0x08047024   Data           8  icon_zhongyu.o(.constdata)
    __ctype_categories                       0x0804702c   Data          64  ctype_c.o(.constdata)
    Region$$Table$$Base                      0x080471a0   Number         0  anon$$obj.o(Region$$Table)
    Region$$Table$$Limit                     0x080471c0   Number         0  anon$$obj.o(Region$$Table)
    SystemCoreClock                          0x2000002c   Data           4  system_stm32f4xx.o(.data)
    AHBPrescTable                            0x20000030   Data          16  system_stm32f4xx.o(.data)
    pxCurrentTCB                             0x2000005c   Data           4  tasks.o(.data)
    uxTopUsedPriority                        0x20000094   Data           4  tasks.o(.data)
    __stdout                                 0x200000d0   Data           4  stdout.o(.data)
    xQueueRegistry                           0x20003464   Data          80  queue.o(.bss)
    __initial_sp                             0x2001a8b8   Data           0  startup_stm32f40_41xxx.o(STACK)



==============================================================================

Memory Map of the image

  Image Entry point : 0x08000189

  Load Region LR_IROM1 (Base: 0x08000000, Size: 0x00047298, Max: 0x00080000, ABSOLUTE)

    Execution Region ER_IROM1 (Exec base: 0x08000000, Load base: 0x08000000, Size: 0x000471c0, Max: 0x00080000, ABSOLUTE)

    Exec Addr    Load Addr    Size         Type   Attr      Idx    E Section Name        Object

    0x08000000   0x08000000   0x00000188   Data   RO         1224    RESET               startup_stm32f40_41xxx.o
    0x08000188   0x08000188   0x00000000   Code   RO         7302  * .ARM.Collect$$$$00000000  mc_w.l(entry.o)
    0x08000188   0x08000188   0x00000004   Code   RO         7592    .ARM.Collect$$$$00000001  mc_w.l(entry2.o)
    0x0800018c   0x0800018c   0x00000004   Code   RO         7595    .ARM.Collect$$$$00000004  mc_w.l(entry5.o)
    0x08000190   0x08000190   0x00000000   Code   RO         7597    .ARM.Collect$$$$00000008  mc_w.l(entry7b.o)
    0x08000190   0x08000190   0x00000000   Code   RO         7599    .ARM.Collect$$$$0000000A  mc_w.l(entry8b.o)
    0x08000190   0x08000190   0x00000008   Code   RO         7600    .ARM.Collect$$$$0000000B  mc_w.l(entry9a.o)
    0x08000198   0x08000198   0x00000000   Code   RO         7602    .ARM.Collect$$$$0000000D  mc_w.l(entry10a.o)
    0x08000198   0x08000198   0x00000000   Code   RO         7604    .ARM.Collect$$$$0000000F  mc_w.l(entry11a.o)
    0x08000198   0x08000198   0x00000004   Code   RO         7593    .ARM.Collect$$$$00002712  mc_w.l(entry2.o)
    0x0800019c   0x0800019c   0x000000be   Code   RO         6338    .emb_text           port.o
    0x0800025a   0x0800025a   0x00000002   PAD
    0x0800025c   0x0800025c   0x00000024   Code   RO         1225    .text               startup_stm32f40_41xxx.o
    0x08000280   0x08000280   0x00000024   Code   RO         7305    .text               mc_w.l(memcpya.o)
    0x080002a4   0x080002a4   0x00000024   Code   RO         7307    .text               mc_w.l(memseta.o)
    0x080002c8   0x080002c8   0x00000024   Code   RO         7309    .text               mc_w.l(strstr.o)
    0x080002ec   0x080002ec   0x00000018   Code   RO         7311    .text               mc_w.l(strncpy.o)
    0x08000304   0x08000304   0x0000000e   Code   RO         7313    .text               mc_w.l(strlen.o)
    0x08000312   0x08000312   0x0000001c   Code   RO         7315    .text               mc_w.l(strcmp.o)
    0x0800032e   0x0800032e   0x0000001a   Code   RO         7317    .text               mc_w.l(memcmp.o)
    0x08000348   0x08000348   0x00000038   Code   RO         7582    .text               mc_w.l(__0sscanf.o)
    0x08000380   0x08000380   0x0000014c   Code   RO         7584    .text               mc_w.l(_scanf_int.o)
    0x080004cc   0x080004cc   0x000000e0   Code   RO         7586    .text               mc_w.l(_scanf_str.o)
    0x080005ac   0x080005ac   0x00000026   Code   RO         7588    .text               mf_w.l(f2d.o)
    0x080005d2   0x080005d2   0x00000038   Code   RO         7590    .text               mf_w.l(d2f.o)
    0x0800060a   0x0800060a   0x0000002c   Code   RO         7607    .text               mc_w.l(uidiv.o)
    0x08000636   0x08000636   0x00000062   Code   RO         7609    .text               mc_w.l(uldiv.o)
    0x08000698   0x08000698   0x0000001c   Code   RO         7618    .text               mc_w.l(_chval.o)
    0x080006b4   0x080006b4   0x00000028   Code   RO         7620    .text               mc_w.l(scanf_char.o)
    0x080006dc   0x080006dc   0x00000040   Code   RO         7622    .text               mc_w.l(_sgetc.o)
    0x0800071c   0x0800071c   0x0000009c   Code   RO         7624    .text               mc_w.l(strtod.o)
    0x080007b8   0x080007b8   0x00000000   Code   RO         7626    .text               mc_w.l(iusefp.o)
    0x080007b8   0x080007b8   0x0000006e   Code   RO         7627    .text               mf_w.l(fepilogue.o)
    0x08000826   0x08000826   0x0000014e   Code   RO         7629    .text               mf_w.l(dadd.o)
    0x08000974   0x08000974   0x000000e4   Code   RO         7631    .text               mf_w.l(dmul.o)
    0x08000a58   0x08000a58   0x000000de   Code   RO         7633    .text               mf_w.l(ddiv.o)
    0x08000b36   0x08000b36   0x00000030   Code   RO         7635    .text               mf_w.l(dfixul.o)
    0x08000b66   0x08000b66   0x00000002   PAD
    0x08000b68   0x08000b68   0x00000030   Code   RO         7637    .text               mf_w.l(cdrcmple.o)
    0x08000b98   0x08000b98   0x00000024   Code   RO         7639    .text               mc_w.l(init.o)
    0x08000bbc   0x08000bbc   0x0000001e   Code   RO         7641    .text               mc_w.l(llshl.o)
    0x08000bda   0x08000bda   0x00000020   Code   RO         7643    .text               mc_w.l(llushr.o)
    0x08000bfa   0x08000bfa   0x00000024   Code   RO         7645    .text               mc_w.l(llsshr.o)
    0x08000c1e   0x08000c1e   0x0000000a   Code   RO         7647    .text               mc_w.l(isspace_c.o)
    0x08000c28   0x08000c28   0x0000032c   Code   RO         7649    .text               mc_w.l(_scanf.o)
    0x08000f54   0x08000f54   0x00000360   Code   RO         7651    .text               mc_w.l(scanf_fp.o)
    0x080012b4   0x080012b4   0x000000ba   Code   RO         7655    .text               mf_w.l(depilogue.o)
    0x0800136e   0x0800136e   0x00000002   PAD
    0x08001370   0x08001370   0x00000028   Code   RO         7657    .text               mc_w.l(ctype_c.o)
    0x08001398   0x08001398   0x00000018   Code   RO         7660    .text               mf_w.l(dfltul.o)
    0x080013b0   0x080013b0   0x00000034   Code   RO         2346    i.DMA_ClearFlag     stm32f4xx_dma.o
    0x080013e4   0x080013e4   0x00000016   Code   RO         2348    i.DMA_Cmd           stm32f4xx_dma.o
    0x080013fa   0x080013fa   0x00000002   PAD
    0x080013fc   0x080013fc   0x00000044   Code   RO         2357    i.DMA_GetFlagStatus  stm32f4xx_dma.o
    0x08001440   0x08001440   0x00000058   Code   RO         2360    i.DMA_Init          stm32f4xx_dma.o
    0x08001498   0x08001498   0x00000022   Code   RO         2364    i.DMA_StructInit    stm32f4xx_dma.o
    0x080014ba   0x080014ba   0x00000090   Code   RO         3148    i.GPIO_Init         stm32f4xx_gpio.o
    0x0800154a   0x0800154a   0x00000046   Code   RO         3149    i.GPIO_PinAFConfig  stm32f4xx_gpio.o
    0x08001590   0x08001590   0x00000006   Code   RO         3155    i.GPIO_ResetBits    stm32f4xx_gpio.o
    0x08001596   0x08001596   0x00000004   Code   RO         3156    i.GPIO_SetBits      stm32f4xx_gpio.o
    0x0800159a   0x0800159a   0x00000012   Code   RO         3157    i.GPIO_StructInit   stm32f4xx_gpio.o
    0x080015ac   0x080015ac   0x0000000c   Code   RO         3160    i.GPIO_WriteBit     stm32f4xx_gpio.o
    0x080015b8   0x080015b8   0x00000018   Code   RO         3436    i.I2C_AcknowledgeConfig  stm32f4xx_i2c.o
    0x080015d0   0x080015d0   0x0000003e   Code   RO         3439    i.I2C_CheckEvent    stm32f4xx_i2c.o
    0x0800160e   0x0800160e   0x00000018   Code   RO         3442    i.I2C_Cmd           stm32f4xx_i2c.o
    0x08001626   0x08001626   0x00000018   Code   RO         3450    i.I2C_GenerateSTART  stm32f4xx_i2c.o
    0x0800163e   0x0800163e   0x00000018   Code   RO         3451    i.I2C_GenerateSTOP  stm32f4xx_i2c.o
    0x08001656   0x08001656   0x00000002   PAD
    0x08001658   0x08001658   0x000000e8   Code   RO         3457    i.I2C_Init          stm32f4xx_i2c.o
    0x08001740   0x08001740   0x00000008   Code   RO         3462    i.I2C_ReceiveData   stm32f4xx_i2c.o
    0x08001748   0x08001748   0x00000010   Code   RO         3464    i.I2C_Send7bitAddress  stm32f4xx_i2c.o
    0x08001758   0x08001758   0x00000004   Code   RO         3465    i.I2C_SendData      stm32f4xx_i2c.o
    0x0800175c   0x0800175c   0x0000001e   Code   RO         3468    i.I2C_StructInit    stm32f4xx_i2c.o
    0x0800177a   0x0800177a   0x00000002   PAD
    0x0800177c   0x0800177c   0x00000078   Code   RO         1273    i.NVIC_Init         misc.o
    0x080017f4   0x080017f4   0x00000014   Code   RO         1274    i.NVIC_PriorityGroupConfig  misc.o
    0x08001808   0x08001808   0x0000000c   Code   RO         3939    i.PWR_BackupAccessCmd  stm32f4xx_pwr.o
    0x08001814   0x08001814   0x00000020   Code   RO         4074    i.RCC_AHB1PeriphClockCmd  stm32f4xx_rcc.o
    0x08001834   0x08001834   0x00000020   Code   RO         4083    i.RCC_APB1PeriphClockCmd  stm32f4xx_rcc.o
    0x08001854   0x08001854   0x00000020   Code   RO         4086    i.RCC_APB2PeriphClockCmd  stm32f4xx_rcc.o
    0x08001874   0x08001874   0x0000000c   Code   RO         4090    i.RCC_BackupResetCmd  stm32f4xx_rcc.o
    0x08001880   0x08001880   0x000000e8   Code   RO         4095    i.RCC_GetClocksFreq  stm32f4xx_rcc.o
    0x08001968   0x08001968   0x00000040   Code   RO         4096    i.RCC_GetFlagStatus  stm32f4xx_rcc.o
    0x080019a8   0x080019a8   0x0000002c   Code   RO         4104    i.RCC_LSEConfig     stm32f4xx_rcc.o
    0x080019d4   0x080019d4   0x0000000c   Code   RO         4118    i.RCC_RTCCLKCmd     stm32f4xx_rcc.o
    0x080019e0   0x080019e0   0x0000003c   Code   RO         4119    i.RCC_RTCCLKConfig  stm32f4xx_rcc.o
    0x08001a1c   0x08001a1c   0x00000016   Code   RO         4481    i.RTC_Bcd2ToByte    stm32f4xx_rtc.o
    0x08001a32   0x08001a32   0x0000001c   Code   RO         4483    i.RTC_ByteToBcd2    stm32f4xx_rtc.o
    0x08001a4e   0x08001a4e   0x0000000e   Code   RO         4490    i.RTC_DateStructInit  stm32f4xx_rtc.o
    0x08001a5c   0x08001a5c   0x00000050   Code   RO         4493    i.RTC_EnterInitMode  stm32f4xx_rtc.o
    0x08001aac   0x08001aac   0x00000014   Code   RO         4494    i.RTC_ExitInitMode  stm32f4xx_rtc.o
    0x08001ac0   0x08001ac0   0x0000004c   Code   RO         4497    i.RTC_GetDate       stm32f4xx_rtc.o
    0x08001b0c   0x08001b0c   0x00000050   Code   RO         4502    i.RTC_GetTime       stm32f4xx_rtc.o
    0x08001b5c   0x08001b5c   0x00000064   Code   RO         4507    i.RTC_Init          stm32f4xx_rtc.o
    0x08001bc0   0x08001bc0   0x000000c8   Code   RO         4513    i.RTC_SetDate       stm32f4xx_rtc.o
    0x08001c88   0x08001c88   0x000000d0   Code   RO         4514    i.RTC_SetTime       stm32f4xx_rtc.o
    0x08001d58   0x08001d58   0x0000000e   Code   RO         4517    i.RTC_StructInit    stm32f4xx_rtc.o
    0x08001d66   0x08001d66   0x0000000c   Code   RO         4529    i.RTC_TimeStructInit  stm32f4xx_rtc.o
    0x08001d72   0x08001d72   0x00000002   PAD
    0x08001d74   0x08001d74   0x00000060   Code   RO         4530    i.RTC_WaitForSynchro  stm32f4xx_rtc.o
    0x08001dd4   0x08001dd4   0x00000018   Code   RO         5232    i.SPI_Cmd           stm32f4xx_spi.o
    0x08001dec   0x08001dec   0x00000012   Code   RO         5233    i.SPI_DataSizeConfig  stm32f4xx_spi.o
    0x08001dfe   0x08001dfe   0x00000012   Code   RO         5238    i.SPI_I2S_DMACmd    stm32f4xx_spi.o
    0x08001e10   0x08001e10   0x00000012   Code   RO         5240    i.SPI_I2S_GetFlagStatus  stm32f4xx_spi.o
    0x08001e22   0x08001e22   0x00000004   Code   RO         5244    i.SPI_I2S_SendData  stm32f4xx_spi.o
    0x08001e26   0x08001e26   0x0000003c   Code   RO         5245    i.SPI_Init          stm32f4xx_spi.o
    0x08001e62   0x08001e62   0x00000018   Code   RO         5248    i.SPI_StructInit    stm32f4xx_spi.o
    0x08001e7a   0x08001e7a   0x00000002   PAD
    0x08001e7c   0x08001e7c   0x000000ec   Code   RO         1232    i.SetSysClock       system_stm32f4xx.o
    0x08001f68   0x08001f68   0x00000034   Code   RO         6339    i.SysTick_Handler   port.o
    0x08001f9c   0x08001f9c   0x00000068   Code   RO         1234    i.SystemInit        system_stm32f4xx.o
    0x08002004   0x08002004   0x0000003c   Code   RO          509    i.USART1_IRQHandler  usart1.o
    0x08002040   0x08002040   0x00000012   Code   RO         6020    i.USART_ClearFlag   stm32f4xx_usart.o
    0x08002052   0x08002052   0x0000001e   Code   RO         6021    i.USART_ClearITPendingBit  stm32f4xx_usart.o
    0x08002070   0x08002070   0x00000018   Code   RO         6024    i.USART_Cmd         stm32f4xx_usart.o
    0x08002088   0x08002088   0x00000012   Code   RO         6025    i.USART_DMACmd      stm32f4xx_usart.o
    0x0800209a   0x0800209a   0x0000001a   Code   RO         6027    i.USART_GetFlagStatus  stm32f4xx_usart.o
    0x080020b4   0x080020b4   0x00000054   Code   RO         6028    i.USART_GetITStatus  stm32f4xx_usart.o
    0x08002108   0x08002108   0x0000004a   Code   RO         6030    i.USART_ITConfig    stm32f4xx_usart.o
    0x08002152   0x08002152   0x00000002   PAD
    0x08002154   0x08002154   0x000000d4   Code   RO         6031    i.USART_Init        stm32f4xx_usart.o
    0x08002228   0x08002228   0x0000000a   Code   RO         6038    i.USART_ReceiveData  stm32f4xx_usart.o
    0x08002232   0x08002232   0x00000008   Code   RO         6041    i.USART_SendData    stm32f4xx_usart.o
    0x0800223a   0x0800223a   0x00000018   Code   RO         6047    i.USART_StructInit  stm32f4xx_usart.o
    0x08002252   0x08002252   0x00000002   PAD
    0x08002254   0x08002254   0x00000020   Code   RO         7554    i.__0printf         mc_w.l(printfa.o)
    0x08002274   0x08002274   0x00000030   Code   RO         7555    i.__0snprintf       mc_w.l(printfa.o)
    0x080022a4   0x080022a4   0x00000004   PAD
    0x080022a8   0x080022a8   0x00000038   Code   RO         7296    i.__hardfp_atof     m_wm.l(atof.o)
    0x080022e0   0x080022e0   0x0000000c   Code   RO         7612    i.__read_errno      mc_w.l(errno.o)
    0x080022ec   0x080022ec   0x0000000e   Code   RO         7664    i.__scatterload_copy  mc_w.l(handlers.o)
    0x080022fa   0x080022fa   0x00000002   Code   RO         7665    i.__scatterload_null  mc_w.l(handlers.o)
    0x080022fc   0x080022fc   0x0000000e   Code   RO         7666    i.__scatterload_zeroinit  mc_w.l(handlers.o)
    0x0800230a   0x0800230a   0x00000002   PAD
    0x0800230c   0x0800230c   0x0000000c   Code   RO         7613    i.__set_errno       mc_w.l(errno.o)
    0x08002318   0x08002318   0x00000184   Code   RO         7561    i._fp_digits        mc_w.l(printfa.o)
    0x0800249c   0x0800249c   0x0000000e   Code   RO         7653    i._is_digit         mc_w.l(scanf_fp.o)
    0x080024aa   0x080024aa   0x00000002   PAD
    0x080024ac   0x080024ac   0x000006dc   Code   RO         7562    i._printf_core      mc_w.l(printfa.o)
    0x08002b88   0x08002b88   0x00000024   Code   RO         7563    i._printf_post_padding  mc_w.l(printfa.o)
    0x08002bac   0x08002bac   0x0000002e   Code   RO         7564    i._printf_pre_padding  mc_w.l(printfa.o)
    0x08002bda   0x08002bda   0x00000016   Code   RO         7565    i._snputc           mc_w.l(printfa.o)
    0x08002bf0   0x08002bf0   0x00000024   Code   RO          397    i.allTimerCallback  system_operation_scheduling.o
    0x08002c14   0x08002c14   0x00000040   Code   RO          577    i.calibrateAht20    aht20.o
    0x08002c54   0x08002c54   0x00000034   Code   RO          578    i.checkI2cEvent     aht20.o
    0x08002c88   0x08002c88   0x00000070   Code   RO          776    i.connectWifiUseEsp32  esp_at.o
    0x08002cf8   0x08002cf8   0x00000174   Code   RO          398    i.creatSystemSchedulingLogic  system_operation_scheduling.o
    0x08002e6c   0x08002e6c   0x00000048   Code   RO          661    i.fillColorForSt7789  st7789.o
    0x08002eb4   0x08002eb4   0x0000002c   Code   RO          510    i.fputc             usart1.o
    0x08002ee0   0x08002ee0   0x00000008   Code   RO          777    i.getEsp32sRsponseStr  esp_at.o
    0x08002ee8   0x08002ee8   0x00000044   Code   RO          473    i.getRtcTime        rtc.o
    0x08002f2c   0x08002f2c   0x00000040   Code   RO          778    i.getSntpTime       esp_at.o
    0x08002f6c   0x08002f6c   0x00000054   Code   RO          779    i.getUrlInfoByHttp  esp_at.o
    0x08002fc0   0x08002fc0   0x00000068   Code   RO          780    i.getWifiInfo       esp_at.o
    0x08003028   0x08003028   0x00000022   Code   RO          579    i.initAht20         aht20.o
    0x0800304a   0x0800304a   0x0000000c   Code   RO          230    i.initBoardOnLowLevel  board.o
    0x08003056   0x08003056   0x00000002   PAD
    0x08003058   0x08003058   0x00000068   Code   RO          662    i.initDma1Stream4   st7789.o
    0x080030c0   0x080030c0   0x00000048   Code   RO          781    i.initEsp32         esp_at.o
    0x08003108   0x08003108   0x00000064   Code   RO          231    i.initExternalDevices  board.o
    0x0800316c   0x0800316c   0x0000009c   Code   RO          580    i.initI2c2          aht20.o
    0x08003208   0x08003208   0x0000002a   Code   RO          232    i.initPeripheralNvic  board.o
    0x08003232   0x08003232   0x0000009a   Code   RO          233    i.initPeripheralRccClock  board.o
    0x080032cc   0x080032cc   0x0000001c   Code   RO          474    i.initRtc           rtc.o
    0x080032e8   0x080032e8   0x00000108   Code   RO          663    i.initSpi2          st7789.o
    0x080033f0   0x080033f0   0x0000017c   Code   RO          664    i.initSt7798        st7789.o
    0x0800356c   0x0800356c   0x0000009c   Code   RO          512    i.initUsart1        usart1.o
    0x08003608   0x08003608   0x00000084   Code   RO          782    i.initUsart2        esp_at.o
    0x0800368c   0x0800368c   0x000000dc   Code   RO          234    i.initWirelessUseEsp32  board.o
    0x08003768   0x08003768   0x00000022   Code   RO          581    i.isBusyOfAht20     aht20.o
    0x0800378a   0x0800378a   0x00000022   Code   RO          582    i.isCalibrateOfAht20  aht20.o
    0x080037ac   0x080037ac   0x00000020   Code   RO          665    i.isExceedsScreenBoundary  st7789.o
    0x080037cc   0x080037cc   0x0000003c   Code   RO            4    i.main              main.o
    0x08003808   0x08003808   0x00000034   Code   RO          784    i.matchEsp32sAck    esp_at.o
    0x0800383c   0x0800383c   0x000000e0   Code   RO          785    i.monthStrToNum     esp_at.o
    0x0800391c   0x0800391c   0x0000006c   Code   RO          786    i.parseCwjapResponseToGetApInfo  esp_at.o
    0x08003988   0x08003988   0x00000068   Code   RO          787    i.parseCwstateResponseToGetWifiInfo  esp_at.o
    0x080039f0   0x080039f0   0x000000d4   Code   RO          788    i.parseSntpTimeInfo  esp_at.o
    0x08003ac4   0x08003ac4   0x000001b0   Code   RO          789    i.parseWeatherInfo  esp_at.o
    0x08003c74   0x08003c74   0x00000098   Code   RO         6429    i.prvAddCurrentTaskToDelayedList  tasks.o
    0x08003d0c   0x08003d0c   0x000000b4   Code   RO         6430    i.prvAddNewTaskToReadyList  tasks.o
    0x08003dc0   0x08003dc0   0x00000064   Code   RO         6829    i.prvCheckForValidListAndQueue  timers.o
    0x08003e24   0x08003e24   0x00000048   Code   RO         6431    i.prvCheckTasksWaitingTermination  tasks.o
    0x08003e6c   0x08003e6c   0x0000002a   Code   RO         6978    i.prvCopyDataFromQueue  queue.o
    0x08003e96   0x08003e96   0x0000007e   Code   RO         6979    i.prvCopyDataToQueue  queue.o
    0x08003f14   0x08003f14   0x00000012   Code   RO         6432    i.prvDeleteTCB      tasks.o
    0x08003f26   0x08003f26   0x00000002   PAD
    0x08003f28   0x08003f28   0x00000028   Code   RO         6830    i.prvGetNextExpireTime  timers.o
    0x08003f50   0x08003f50   0x0000007c   Code   RO         7232    i.prvHeapInit       heap_4.o
    0x08003fcc   0x08003fcc   0x00000028   Code   RO         6433    i.prvIdleTask       tasks.o
    0x08003ff4   0x08003ff4   0x0000002a   Code   RO         6982    i.prvInitialiseNewQueue  queue.o
    0x0800401e   0x0800401e   0x00000002   PAD
    0x08004020   0x08004020   0x000000e4   Code   RO         6434    i.prvInitialiseNewTask  tasks.o
    0x08004104   0x08004104   0x00000070   Code   RO         6831    i.prvInitialiseNewTimer  timers.o
    0x08004174   0x08004174   0x00000068   Code   RO         6435    i.prvInitialiseTaskLists  tasks.o
    0x080041dc   0x080041dc   0x00000068   Code   RO         7233    i.prvInsertBlockIntoFreeList  heap_4.o
    0x08004244   0x08004244   0x00000058   Code   RO         6832    i.prvInsertTimerInActiveList  timers.o
    0x0800429c   0x0800429c   0x0000001a   Code   RO         6983    i.prvIsQueueEmpty   queue.o
    0x080042b6   0x080042b6   0x0000001e   Code   RO         6984    i.prvIsQueueFull    queue.o
    0x080042d4   0x080042d4   0x000000a8   Code   RO         6985    i.prvNotifyQueueSetContainer  queue.o
    0x0800437c   0x0800437c   0x00000088   Code   RO         6833    i.prvProcessExpiredTimer  timers.o
    0x08004404   0x08004404   0x00000140   Code   RO         6834    i.prvProcessReceivedCommands  timers.o
    0x08004544   0x08004544   0x00000074   Code   RO         6835    i.prvProcessTimerOrBlockTask  timers.o
    0x080045b8   0x080045b8   0x00000030   Code   RO         6436    i.prvResetNextTaskUnblockTime  tasks.o
    0x080045e8   0x080045e8   0x0000002c   Code   RO         6836    i.prvSampleTimeNow  timers.o
    0x08004614   0x08004614   0x000000b8   Code   RO         6837    i.prvSwitchTimerLists  timers.o
    0x080046cc   0x080046cc   0x0000005c   Code   RO         6340    i.prvTaskExitError  port.o
    0x08004728   0x08004728   0x0000001a   Code   RO         6838    i.prvTimerTask      timers.o
    0x08004742   0x08004742   0x00000090   Code   RO         6986    i.prvUnlockQueue    queue.o
    0x080047d2   0x080047d2   0x00000002   PAD
    0x080047d4   0x080047d4   0x00000174   Code   RO         7234    i.pvPortMalloc      heap_4.o
    0x08004948   0x08004948   0x00000040   Code   RO         6839    i.pvTimerGetTimerID  timers.o
    0x08004988   0x08004988   0x0000002c   Code   RO         6341    i.pxPortInitialiseStack  port.o
    0x080049b4   0x080049b4   0x000000a8   Code   RO          583    i.readMeasureData   aht20.o
    0x08004a5c   0x08004a5c   0x00000084   Code   RO          584    i.readMulByteByI2c2  aht20.o
    0x08004ae0   0x08004ae0   0x00000028   Code   RO          585    i.readStateOfAht20  aht20.o
    0x08004b08   0x08004b08   0x0000008c   Code   RO          790    i.receiveAndRecognizeResponseMsgFromEsp32ByUsart2  esp_at.o
    0x08004b94   0x08004b94   0x00000028   Code   RO          666    i.resetSt7789       st7789.o
    0x08004bbc   0x08004bbc   0x000000ac   Code   RO          667    i.searchAsciiOrChineseModel  st7789.o
    0x08004c68   0x08004c68   0x0000001e   Code   RO          791    i.sendCommandAndReceiveRespondMsg  esp_at.o
    0x08004c86   0x08004c86   0x00000002   PAD
    0x08004c88   0x08004c88   0x0000002c   Code   RO          792    i.sendDataToEsp32ByUsart2  esp_at.o
    0x08004cb4   0x08004cb4   0x00000120   Code   RO          668    i.sendFontDataToSt7789  st7789.o
    0x08004dd4   0x08004dd4   0x00000020   Code   RO          669    i.setBackGroundLed  st7789.o
    0x08004df4   0x08004df4   0x0000005e   Code   RO          670    i.setRangeForSt7789  st7789.o
    0x08004e52   0x08004e52   0x00000052   Code   RO          475    i.setRtcTime        rtc.o
    0x08004ea4   0x08004ea4   0x00000024   Code   RO          793    i.setTimeZoneAndSntpServer  esp_at.o
    0x08004ec8   0x08004ec8   0x00000020   Code   RO          794    i.setWifiModeToStation  esp_at.o
    0x08004ee8   0x08004ee8   0x00000058   Code   RO          671    i.showImage         st7789.o
    0x08004f40   0x08004f40   0x00000178   Code   RO          303    i.showMainPage      show_page.o
    0x080050b8   0x080050b8   0x00000034   Code   RO          672    i.showOneAscii      st7789.o
    0x080050ec   0x080050ec   0x00000036   Code   RO          673    i.showOneChinese    st7789.o
    0x08005122   0x08005122   0x00000096   Code   RO          674    i.showString        st7789.o
    0x080051b8   0x080051b8   0x0000008c   Code   RO          304    i.showWaitWifiConnectPage  show_page.o
    0x08005244   0x08005244   0x00000094   Code   RO          305    i.showWelcomePage   show_page.o
    0x080052d8   0x080052d8   0x00000050   Code   RO          306    i.showWirelessErrorPage  show_page.o
    0x08005328   0x08005328   0x00000040   Code   RO          586    i.startMeasureOfAht20  aht20.o
    0x08005368   0x08005368   0x00000018   Code   RO            5    i.startSystem       main.o
    0x08005380   0x08005380   0x00000138   Code   RO          399    i.syncSntpTimeToRtcTime  system_operation_scheduling.o
    0x080054b8   0x080054b8   0x00000044   Code   RO          400    i.systemSchedulingLogic  system_operation_scheduling.o
    0x080054fc   0x080054fc   0x000000c0   Code   RO         6442    i.ulTaskGenericNotifyTake  tasks.o
    0x080055bc   0x080055bc   0x000000bc   Code   RO          307    i.updataShowDate    show_page.o
    0x08005678   0x08005678   0x0000006c   Code   RO          308    i.updataShowInnerHumidity  show_page.o
    0x080056e4   0x080056e4   0x0000007c   Code   RO          309    i.updataShowInnerTemperature  show_page.o
    0x08005760   0x08005760   0x00000034   Code   RO          310    i.updataShowOutdoorCity  show_page.o
    0x08005794   0x08005794   0x0000007c   Code   RO          311    i.updataShowOutdoorTemperature  show_page.o
    0x08005810   0x08005810   0x000000b8   Code   RO          312    i.updataShowOutdoorWeatherIcon  show_page.o
    0x080058c8   0x080058c8   0x00000054   Code   RO          313    i.updataShowTime    show_page.o
    0x0800591c   0x0800591c   0x0000003c   Code   RO          314    i.updataShowWifiSsid  show_page.o
    0x08005958   0x08005958   0x000000e0   Code   RO          401    i.updateInnorTemperatureHumidityToScreen  system_operation_scheduling.o
    0x08005a38   0x08005a38   0x000000f0   Code   RO          402    i.updateOutdoorWeatherToScreen  system_operation_scheduling.o
    0x08005b28   0x08005b28   0x00000068   Code   RO          403    i.updateRtcTimeToScreen  system_operation_scheduling.o
    0x08005b90   0x08005b90   0x00000140   Code   RO          404    i.updateWifiInfoToScreen  system_operation_scheduling.o
    0x08005cd0   0x08005cd0   0x00000028   Code   RO         6278    i.uxListRemove      list.o
    0x08005cf8   0x08005cf8   0x00000034   Code   RO            6    i.vApplicationMallocFailedHook  main.o
    0x08005d2c   0x08005d2c   0x00000040   Code   RO            7    i.vApplicationStackOverflowHook  main.o
    0x08005d6c   0x08005d6c   0x0000002c   Code   RO            8    i.vAssertCalled     main.o
    0x08005d98   0x08005d98   0x0000001a   Code   RO         6279    i.vListInitialise   list.o
    0x08005db2   0x08005db2   0x00000006   Code   RO         6280    i.vListInitialiseItem  list.o
    0x08005db8   0x08005db8   0x00000034   Code   RO         6281    i.vListInsert       list.o
    0x08005dec   0x08005dec   0x00000018   Code   RO         6282    i.vListInsertEnd    list.o
    0x08005e04   0x08005e04   0x00000074   Code   RO         6343    i.vPortEnterCritical  port.o
    0x08005e78   0x08005e78   0x0000005c   Code   RO         6344    i.vPortExitCritical  port.o
    0x08005ed4   0x08005ed4   0x000000b4   Code   RO         7235    i.vPortFree         heap_4.o
    0x08005f88   0x08005f88   0x00000028   Code   RO         6345    i.vPortSetupTimerInterrupt  port.o
    0x08005fb0   0x08005fb0   0x00000088   Code   RO         6346    i.vPortValidateInterruptPriority  port.o
    0x08006038   0x08006038   0x0000002c   Code   RO         6990    i.vQueueAddToRegistry  queue.o
    0x08006064   0x08006064   0x0000004a   Code   RO         6993    i.vQueueWaitForMessageRestricted  queue.o
    0x080060ae   0x080060ae   0x00000002   PAD
    0x080060b0   0x080060b0   0x00000070   Code   RO         6450    i.vTaskDelay        tasks.o
    0x08006120   0x08006120   0x00000110   Code   RO         6451    i.vTaskDelete       tasks.o
    0x08006230   0x08006230   0x00000018   Code   RO         6454    i.vTaskInternalSetTimeOutState  tasks.o
    0x08006248   0x08006248   0x0000000c   Code   RO         6455    i.vTaskMissedYield  tasks.o
    0x08006254   0x08006254   0x0000004c   Code   RO         6456    i.vTaskPlaceOnEventList  tasks.o
    0x080062a0   0x080062a0   0x00000054   Code   RO         6457    i.vTaskPlaceOnEventListRestricted  tasks.o
    0x080062f4   0x080062f4   0x000000b0   Code   RO         6465    i.vTaskStartScheduler  tasks.o
    0x080063a4   0x080063a4   0x00000010   Code   RO         6467    i.vTaskSuspendAll   tasks.o
    0x080063b4   0x080063b4   0x000000bc   Code   RO         6468    i.vTaskSwitchContext  tasks.o
    0x08006470   0x08006470   0x0000002c   Code   RO          795    i.waitEsp32Restart  esp_at.o
    0x0800649c   0x0800649c   0x00000016   Code   RO          796    i.waitReadyResponseMsg  esp_at.o
    0x080064b2   0x080064b2   0x00000002   PAD
    0x080064b4   0x080064b4   0x00000128   Code   RO          235    i.waitWifiConnect   board.o
    0x080065dc   0x080065dc   0x00000088   Code   RO          797    i.weekdayStrToNum   esp_at.o
    0x08006664   0x08006664   0x000000b8   Code   RO          675    i.writeDataToSt7789  st7789.o
    0x0800671c   0x0800671c   0x000000c4   Code   RO          676    i.writeDataToSt7789UseDma  st7789.o
    0x080067e0   0x080067e0   0x0000007c   Code   RO          587    i.writeMulByteByI2c2  aht20.o
    0x0800685c   0x0800685c   0x0000017c   Code   RO         6347    i.xPortStartScheduler  port.o
    0x080069d8   0x080069d8   0x000000a0   Code   RO         6998    i.xQueueGenericCreate  queue.o
    0x08006a78   0x08006a78   0x000000ac   Code   RO         6999    i.xQueueGenericReset  queue.o
    0x08006b24   0x08006b24   0x000001c8   Code   RO         7000    i.xQueueGenericSend  queue.o
    0x08006cec   0x08006cec   0x00000128   Code   RO         7001    i.xQueueGenericSendFromISR  queue.o
    0x08006e14   0x08006e14   0x00000164   Code   RO         7008    i.xQueueReceive     queue.o
    0x08006f78   0x08006f78   0x00000098   Code   RO         6470    i.xTaskCheckForTimeOut  tasks.o
    0x08007010   0x08007010   0x00000060   Code   RO         6471    i.xTaskCreate       tasks.o
    0x08007070   0x08007070   0x00000170   Code   RO         6473    i.xTaskGenericNotify  tasks.o
    0x080071e0   0x080071e0   0x00000020   Code   RO         6480    i.xTaskGetSchedulerState  tasks.o
    0x08007200   0x08007200   0x0000000c   Code   RO         6481    i.xTaskGetTickCount  tasks.o
    0x0800720c   0x0800720c   0x0000015c   Code   RO         6483    i.xTaskIncrementTick  tasks.o
    0x08007368   0x08007368   0x000000c4   Code   RO         6484    i.xTaskPriorityDisinherit  tasks.o
    0x0800742c   0x0800742c   0x000000ac   Code   RO         6486    i.xTaskRemoveFromEventList  tasks.o
    0x080074d8   0x080074d8   0x00000118   Code   RO         6487    i.xTaskResumeAll    tasks.o
    0x080075f0   0x080075f0   0x00000036   Code   RO         6843    i.xTimerCreate      timers.o
    0x08007626   0x08007626   0x00000002   PAD
    0x08007628   0x08007628   0x00000068   Code   RO         6844    i.xTimerCreateTimerTask  timers.o
    0x08007690   0x08007690   0x00000098   Code   RO         6845    i.xTimerGenericCommand  timers.o
    0x08007728   0x08007728   0x00000007   Data   RO          315    .constdata          show_page.o
    0x0800772f   0x0800772f   0x00000001   PAD
    0x08007730   0x08007730   0x00000020   Data   RO          799    .constdata          esp_at.o
    0x08007750   0x08007750   0x00000600   Data   RO          928    .constdata          font16_maple.o
    0x08007d50   0x08007d50   0x000014c8   Data   RO          941    .constdata          font20_maple_bold.o
    0x08009218   0x08009218   0x00001738   Data   RO          955    .constdata          font24_maple_bold.o
    0x0800a950   0x0800a950   0x00000478   Data   RO          969    .constdata          font24_maple_semibold.o
    0x0800adc8   0x0800adc8   0x00001ca0   Data   RO          983    .constdata          font32_maple_bold.o
    0x0800ca68   0x0800ca68   0x00000b08   Data   RO          997    .constdata          font54_maple_bold.o
    0x0800d570   0x0800d570   0x00000b08   Data   RO         1011    .constdata          font54_maple_semibold.o
    0x0800e078   0x0800e078   0x00000d10   Data   RO         1025    .constdata          font64_maple_extrabold.o
    0x0800ed88   0x0800ed88   0x0000135c   Data   RO         1039    .constdata          font76_maple_extrabold.o
    0x080100e4   0x080100e4   0x0000fd28   Data   RO         1053    .constdata          img_meihua.o
    0x0801fe0c   0x0801fe0c   0x0000c808   Data   RO         1066    .constdata          img_error.o
    0x0802c614   0x0802c614   0x0000e6a8   Data   RO         1079    .constdata          img_wifi.o
    0x0803acbc   0x0803acbc   0x00000488   Data   RO         1092    .constdata          icon_wifi.o
    0x0803b144   0x0803b144   0x00000868   Data   RO         1105    .constdata          icon_wenduji.o
    0x0803b9ac   0x0803b9ac   0x000016d0   Data   RO         1118    .constdata          icon_qing.o
    0x0803d07c   0x0803d07c   0x000016d0   Data   RO         1131    .constdata          icon_duoyun.o
    0x0803e74c   0x0803e74c   0x000016d0   Data   RO         1144    .constdata          icon_leizhenyu.o
    0x0803fe1c   0x0803fe1c   0x000016d0   Data   RO         1157    .constdata          icon_na.o
    0x080414ec   0x080414ec   0x000016d0   Data   RO         1170    .constdata          icon_yintian.o
    0x08042bbc   0x08042bbc   0x000016d0   Data   RO         1183    .constdata          icon_yueliang.o
    0x0804428c   0x0804428c   0x000016d0   Data   RO         1196    .constdata          icon_zhongxue.o
    0x0804595c   0x0804595c   0x000016d0   Data   RO         1209    .constdata          icon_zhongyu.o
    0x0804702c   0x0804702c   0x00000040   Data   RO         7658    .constdata          mc_w.l(ctype_c.o)
    0x0804706c   0x0804706c   0x00000068   Data   RO          406    .conststring        system_operation_scheduling.o
    0x080470d4   0x080470d4   0x00000023   Data   RO          800    .conststring        esp_at.o
    0x080470f7   0x080470f7   0x00000001   PAD
    0x080470f8   0x080470f8   0x00000053   Data   RO          942    .conststring        font20_maple_bold.o
    0x0804714b   0x0804714b   0x00000001   PAD
    0x0804714c   0x0804714c   0x00000013   Data   RO          956    .conststring        font24_maple_bold.o
    0x0804715f   0x0804715f   0x00000001   PAD
    0x08047160   0x08047160   0x0000001f   Data   RO          984    .conststring        font32_maple_bold.o
    0x0804717f   0x0804717f   0x00000001   PAD
    0x08047180   0x08047180   0x0000000e   Data   RO          998    .conststring        font54_maple_bold.o
    0x0804718e   0x0804718e   0x00000002   PAD
    0x08047190   0x08047190   0x0000000e   Data   RO         1040    .conststring        font76_maple_extrabold.o
    0x0804719e   0x0804719e   0x00000002   PAD
    0x080471a0   0x080471a0   0x00000020   Data   RO         7662    Region$$Table       anon$$obj.o


    Execution Region RW_IRAM1 (Exec base: 0x20000000, Load base: 0x080471c0, Size: 0x0001a8b8, Max: 0x00020000, ABSOLUTE)

    Exec Addr    Load Addr    Size         Type   Attr      Idx    E Section Name        Object

    0x20000000   0x080471c0   0x00000028   Data   RW          407    .data               system_operation_scheduling.o
    0x20000028   0x080471e8   0x00000004   Data   RW          517    .data               usart1.o
    0x2000002c   0x080471ec   0x00000014   Data   RW         1235    .data               system_stm32f4xx.o
    0x20000040   0x08047200   0x00000010   Data   RW         4127    .data               stm32f4xx_rcc.o
    0x20000050   0x08047210   0x0000000c   Data   RW         6348    .data               port.o
    0x2000005c   0x0804721c   0x00000040   Data   RW         6490    .data               tasks.o
    0x2000009c   0x0804725c   0x00000014   Data   RW         6851    .data               timers.o
    0x200000b0   0x08047270   0x00000020   Data   RW         7241    .data               heap_4.o
    0x200000d0   0x08047290   0x00000004   Data   RW         7606    .data               mc_w.l(stdout.o)
    0x200000d4   0x08047294   0x00000004   Data   RW         7614    .data               mc_w.l(errno.o)
    0x200000d8        -       0x00000118   Zero   RW          405    .bss                system_operation_scheduling.o
    0x200001f0        -       0x00002d20   Zero   RW          677    .bss                st7789.o
    0x20002f10        -       0x00000400   Zero   RW          798    .bss                esp_at.o
    0x20003310        -       0x0000012c   Zero   RW         6489    .bss                tasks.o
    0x2000343c        -       0x00000028   Zero   RW         6850    .bss                timers.o
    0x20003464        -       0x00000050   Zero   RW         7015    .bss                queue.o
    0x200034b4        -       0x00017000   Zero   RW         7240    .bss                heap_4.o
    0x2001a4b4   0x08047298   0x00000004   PAD
    0x2001a4b8        -       0x00000400   Zero   RW         1222    STACK               startup_stm32f40_41xxx.o


==============================================================================

Image component sizes


      Code (inc. data)   RO Data    RW Data    ZI Data      Debug   Object Name

       902         68          0          0          0       8185   aht20.o
       824        370          0          0          0       4927   board.o
      2192        610         67          0       1024      16666   esp_at.o
         0          0       1536          0          0       1663   font16_maple.o
         0          0       5403          0          0       1715   font20_maple_bold.o
         0          0       5963          0          0       1715   font24_maple_bold.o
         0          0       1144          0          0       1763   font24_maple_semibold.o
         0          0       7359          0          0       1715   font32_maple_bold.o
         0          0       2838          0          0       1679   font54_maple_bold.o
         0          0       2824          0          0       1691   font54_maple_semibold.o
         0          0       3344          0          0       1695   font64_maple_extrabold.o
         0          0       4970          0          0       1695   font76_maple_extrabold.o
       780        154          0         32      94208       4471   heap_4.o
         0          0       5840          0          0       1548   icon_duoyun.o
         0          0       5840          0          0       1556   icon_leizhenyu.o
         0          0       5840          0          0       1532   icon_na.o
         0          0       5840          0          0       1536   icon_qing.o
         0          0       2152          0          0       1552   icon_wenduji.o
         0          0       1160          0          0       1536   icon_wifi.o
         0          0       5840          0          0       1552   icon_yintian.o
         0          0       5840          0          0       1552   icon_yueliang.o
         0          0       5840          0          0       1552   icon_zhongxue.o
         0          0       5840          0          0       1552   icon_zhongyu.o
         0          0      51208          0          0       1536   img_error.o
         0          0      64808          0          0       1540   img_meihua.o
         0          0      59048          0          0       1536   img_wifi.o
       148          0          0          0          0       6178   list.o
       244        124          0          0          0     336273   main.o
       140         24          0          0          0       1735   misc.o
      1142        296          0         12          0      11305   port.o
      2136        218          0          0         80      28182   queue.o
       178          0          0          0          0       2240   rtc.o
      1668        414          7          0          0       8495   show_page.o
      2202        140          0          0      11552      13884   st7789.o
        36          8        392          0       1024        888   startup_stm32f40_41xxx.o
       264         34          0          0          0       4662   stm32f4xx_dma.o
       254          0          0          0          0       4477   stm32f4xx_gpio.o
       448         14          0          0          0       7341   stm32f4xx_i2c.o
        12          6          0          0          0        594   stm32f4xx_pwr.o
       520         66          0         16          0       8211   stm32f4xx_rcc.o
       950         56          0          0          0       9942   stm32f4xx_rtc.o
       166          0          0          0          0       5159   stm32f4xx_spi.o
       528          8          0          0          0       8635   stm32f4xx_usart.o
      1676        616        104         40        280       9604   system_operation_scheduling.o
       340         32          0         20          0       2121   system_stm32f4xx.o
      3650        878          0         64        300      35417   tasks.o
      1540        342          0         20         40      17070   timers.o
       260         22          0          4          0       2161   usart1.o

    ----------------------------------------------------------------------
     23232       4500     261088        208     108512     594234   Object Totals
         0          0         32          0          0          0   (incl. Generated)
        32          0          9          0          4          0   (incl. Padding)

    ----------------------------------------------------------------------

      Code (inc. data)   RO Data    RW Data    ZI Data      Debug   Library Member Name

        56         12          0          0          0        132   atof.o
        56          8          0          0          0         84   __0sscanf.o
        28          0          0          0          0         68   _chval.o
       812          4          0          0          0        112   _scanf.o
       332          0          0          0          0         96   _scanf_int.o
       224          0          0          0          0         96   _scanf_str.o
        64          0          0          0          0         84   _sgetc.o
        40          6         64          0          0         68   ctype_c.o
         0          0          0          0          0          0   entry.o
         0          0          0          0          0          0   entry10a.o
         0          0          0          0          0          0   entry11a.o
         8          4          0          0          0          0   entry2.o
         4          0          0          0          0          0   entry5.o
         0          0          0          0          0          0   entry7b.o
         0          0          0          0          0          0   entry8b.o
         8          4          0          0          0          0   entry9a.o
        24         12          0          4          0        136   errno.o
        30          0          0          0          0          0   handlers.o
        36          8          0          0          0         68   init.o
        10          0          0          0          0         68   isspace_c.o
         0          0          0          0          0          0   iusefp.o
        30          0          0          0          0         68   llshl.o
        36          0          0          0          0         68   llsshr.o
        32          0          0          0          0         68   llushr.o
        26          0          0          0          0         80   memcmp.o
        36          0          0          0          0         68   memcpya.o
        36          0          0          0          0        108   memseta.o
      2328         94          0          0          0        604   printfa.o
        40          8          0          0          0         84   scanf_char.o
       878         12          0          0          0        216   scanf_fp.o
         0          0          0          4          0          0   stdout.o
        28          0          0          0          0         76   strcmp.o
        14          0          0          0          0         68   strlen.o
        24          0          0          0          0         76   strncpy.o
        36          0          0          0          0         80   strstr.o
       156         12          0          0          0        120   strtod.o
        44          0          0          0          0         80   uidiv.o
        98          0          0          0          0         92   uldiv.o
        48          0          0          0          0         68   cdrcmple.o
        56          0          0          0          0         88   d2f.o
       334          0          0          0          0        148   dadd.o
       222          0          0          0          0        100   ddiv.o
       186          0          0          0          0        176   depilogue.o
        48          0          0          0          0         68   dfixul.o
        24          0          0          0          0         76   dfltul.o
       228          0          0          0          0         96   dmul.o
        38          0          0          0          0         68   f2d.o
       110          0          0          0          0        168   fepilogue.o

    ----------------------------------------------------------------------
      6880        188         64          8          0       4024   Library Totals
        12          4          0          0          0          0   (incl. Padding)

    ----------------------------------------------------------------------

      Code (inc. data)   RO Data    RW Data    ZI Data      Debug   Library Name

        56         12          0          0          0        132   m_wm.l
      5518        172         64          8          0       2836   mc_w.l
      1294          0          0          0          0       1056   mf_w.l

    ----------------------------------------------------------------------
      6880        188         64          8          0       4024   Library Totals

    ----------------------------------------------------------------------

==============================================================================


      Code (inc. data)   RO Data    RW Data    ZI Data      Debug   

     30112       4688     261152        216     108512     574382   Grand Totals
     30112       4688     261152        216     108512     574382   ELF Image Totals
     30112       4688     261152        216          0          0   ROM Totals

==============================================================================

    Total RO  Size (Code + RO Data)               291264 ( 284.44kB)
    Total RW  Size (RW Data + ZI Data)            108728 ( 106.18kB)
    Total ROM Size (Code + RO Data + RW Data)     291480 ( 284.65kB)

==============================================================================

