Component: ARM Compiler 5.06 update 5 (build 528) Tool: armlink [4d35e2]

==============================================================================

Section Cross References

    main.o(i.main) refers to board.o(i.initBoardOnLowLevel) for initBoardOnLowLevel
    main.o(i.main) refers to work_queue.o(i.initSystemWork) for initSystemWork
    main.o(i.main) refers to tasks.o(i.xTaskCreate) for xTaskCreate
    main.o(i.main) refers to tasks.o(i.vTaskStartScheduler) for vTaskStartScheduler
    main.o(i.main) refers to main.o(i.startSystem) for startSystem
    main.o(i.startSystem) refers to board.o(i.initExternalDevices) for initExternalDevices
    main.o(i.startSystem) refers to show_page.o(i.showMainPage) for showMainPage
    main.o(i.startSystem) refers to system_operation_scheduling.o(i.creatSystemSchedulingLogic) for creatSystemSchedulingLogic
    main.o(i.startSystem) refers to tasks.o(i.vTaskDelete) for vTaskDelete
    main.o(i.vApplicationMallocFailedHook) refers to printfa.o(i.__0printf) for __2printf
    main.o(i.vApplicationMallocFailedHook) refers to main.o(i.vAssertCalled) for vAssertCalled
    main.o(i.vApplicationStackOverflowHook) refers to printfa.o(i.__0printf) for __2printf
    main.o(i.vApplicationStackOverflowHook) refers to main.o(i.vAssertCalled) for vAssertCalled
    main.o(i.vAssertCalled) refers to printfa.o(i.__0printf) for __2printf
    board.o(i.initBoardOnLowLevel) refers to board.o(i.initPeripheralRccClock) for initPeripheralRccClock
    board.o(i.initBoardOnLowLevel) refers to board.o(i.initPeripheralNvic) for initPeripheralNvic
    board.o(i.initExternalDevices) refers to usart1.o(i.initUsart1) for initUsart1
    board.o(i.initExternalDevices) refers to rtc.o(i.initRtc) for initRtc
    board.o(i.initExternalDevices) refers to aht20.o(i.initAht20) for initAht20
    board.o(i.initExternalDevices) refers to ui.o(i.initUi) for initUi
    board.o(i.initExternalDevices) refers to show_page.o(i.showWelcomePage) for showWelcomePage
    board.o(i.initExternalDevices) refers to board.o(i.initWirelessUseEsp32) for initWirelessUseEsp32
    board.o(i.initExternalDevices) refers to show_page.o(i.showWaitWifiConnectPage) for showWaitWifiConnectPage
    board.o(i.initExternalDevices) refers to board.o(i.waitWifiConnect) for waitWifiConnect
    board.o(i.initExternalDevices) refers to printfa.o(i.__0printf) for __2printf
    board.o(i.initPeripheralNvic) refers to misc.o(i.NVIC_PriorityGroupConfig) for NVIC_PriorityGroupConfig
    board.o(i.initPeripheralNvic) refers to misc.o(i.NVIC_Init) for NVIC_Init
    board.o(i.initPeripheralRccClock) refers to stm32f4xx_rcc.o(i.RCC_AHB1PeriphClockCmd) for RCC_AHB1PeriphClockCmd
    board.o(i.initPeripheralRccClock) refers to stm32f4xx_rcc.o(i.RCC_APB2PeriphClockCmd) for RCC_APB2PeriphClockCmd
    board.o(i.initPeripheralRccClock) refers to stm32f4xx_rcc.o(i.RCC_APB1PeriphClockCmd) for RCC_APB1PeriphClockCmd
    board.o(i.initPeripheralRccClock) refers to stm32f4xx_pwr.o(i.PWR_BackupAccessCmd) for PWR_BackupAccessCmd
    board.o(i.initPeripheralRccClock) refers to stm32f4xx_rcc.o(i.RCC_BackupResetCmd) for RCC_BackupResetCmd
    board.o(i.initPeripheralRccClock) refers to stm32f4xx_rcc.o(i.RCC_LSEConfig) for RCC_LSEConfig
    board.o(i.initPeripheralRccClock) refers to stm32f4xx_rcc.o(i.RCC_GetFlagStatus) for RCC_GetFlagStatus
    board.o(i.initPeripheralRccClock) refers to stm32f4xx_rcc.o(i.RCC_RTCCLKConfig) for RCC_RTCCLKConfig
    board.o(i.initPeripheralRccClock) refers to stm32f4xx_rcc.o(i.RCC_RTCCLKCmd) for RCC_RTCCLKCmd
    board.o(i.initPeripheralRccClock) refers to stm32f4xx_rtc.o(i.RTC_WaitForSynchro) for RTC_WaitForSynchro
    board.o(i.initWirelessUseEsp32) refers to esp_at.o(i.initEsp32) for initEsp32
    board.o(i.initWirelessUseEsp32) refers to printfa.o(i.__0printf) for __2printf
    board.o(i.initWirelessUseEsp32) refers to tasks.o(i.vTaskSuspendAll) for vTaskSuspendAll
    board.o(i.initWirelessUseEsp32) refers to esp_at.o(i.setWifiModeToStation) for setWifiModeToStation
    board.o(i.initWirelessUseEsp32) refers to esp_at.o(i.setTimeZoneAndSntpServer) for setTimeZoneAndSntpServer
    board.o(i.initWirelessUseEsp32) refers to show_page.o(i.showWirelessErrorPage) for showWirelessErrorPage
    board.o(i.waitWifiConnect) refers to esp_at.o(i.connectWifiUseEsp32) for connectWifiUseEsp32
    board.o(i.waitWifiConnect) refers to printfa.o(i.__0printf) for __2printf
    board.o(i.waitWifiConnect) refers to tasks.o(i.vTaskDelay) for vTaskDelay
    board.o(i.waitWifiConnect) refers to memseta.o(.text) for __aeabi_memclr4
    board.o(i.waitWifiConnect) refers to esp_at.o(i.getWifiInfo) for getWifiInfo
    board.o(i.waitWifiConnect) refers to show_page.o(i.showWirelessErrorPage) for showWirelessErrorPage
    show_page.o(i.showMainPage) refers to ui.o(i.uiFillColorParamSendToQueue) for uiFillColorParamSendToQueue
[...]
    _clock_init                               - Undefined Weak Reference
    _microlib_exit                            - Undefined Weak Reference
    _scanf_longlong                           - Undefined Weak Reference
    __Vectors_Size                           0x00000188   Number         0  startup_stm32f40_41xxx.o ABSOLUTE
    __Vectors                                0x08000000   Data           4  startup_stm32f40_41xxx.o(RESET)
    __Vectors_End                            0x08000188   Data           0  startup_stm32f40_41xxx.o(RESET)
    __main                                   0x08000189   Thumb Code     0  entry.o(.ARM.Collect$$$$00000000)
    _main_stk                                0x08000189   Thumb Code     0  entry2.o(.ARM.Collect$$$$00000001)
    _main_scatterload                        0x0800018d   Thumb Code     0  entry5.o(.ARM.Collect$$$$00000004)
    __main_after_scatterload                 0x08000191   Thumb Code     0  entry5.o(.ARM.Collect$$$$00000004)
    _main_clock                              0x08000191   Thumb Code     0  entry7b.o(.ARM.Collect$$$$00000008)
    _main_cpp_init                           0x08000191   Thumb Code     0  entry8b.o(.ARM.Collect$$$$0000000A)
    _main_init                               0x08000191   Thumb Code     0  entry9a.o(.ARM.Collect$$$$0000000B)
    __rt_final_cpp                           0x08000199   Thumb Code     0  entry10a.o(.ARM.Collect$$$$0000000D)
    __rt_final_exit                          0x08000199   Thumb Code     0  entry11a.o(.ARM.Collect$$$$0000000F)
    SVC_Handler                              0x0800019d   Thumb Code    28  port.o(.emb_text)
    __asm___6_port_c_39a90d8d__prvStartFirstTask 0x080001bd   Thumb Code    36  port.o(.emb_text)
    __asm___6_port_c_39a90d8d__prvEnableVFP  0x080001e5   Thumb Code    16  port.o(.emb_text)
    PendSV_Handler                           0x080001f9   Thumb Code    88  port.o(.emb_text)
    vPortGetIPSR                             0x08000255   Thumb Code     6  port.o(.emb_text)
    Reset_Handler                            0x0800025d   Thumb Code     8  startup_stm32f40_41xxx.o(.text)
    NMI_Handler                              0x08000265   Thumb Code     2  startup_stm32f40_41xxx.o(.text)
    HardFault_Handler                        0x08000267   Thumb Code     2  startup_stm32f40_41xxx.o(.text)
    MemManage_Handler                        0x08000269   Thumb Code     2  startup_stm32f40_41xxx.o(.text)
    BusFault_Handler                         0x0800026b   Thumb Code     2  startup_stm32f40_41xxx.o(.text)
    UsageFault_Handler                       0x0800026d   Thumb Code     2  startup_stm32f40_41xxx.o(.text)
    DebugMon_Handler                         0x08000271   Thumb Code     2  startup_stm32f40_41xxx.o(.text)
    ADC_IRQHandler                           0x08000277   Thumb Code     0  startup_stm32f40_41xxx.o(.text)
    CAN1_RX0_IRQHandler                      0x08000277   Thumb Code     0  startup_stm32f40_41xxx.o(.text)
    CAN1_RX1_IRQHandler                      0x08000277   Thumb Code     0  startup_stm32f40_41xxx.o(.text)
    CAN1_SCE_IRQHandler                      0x08000277   Thumb Code     0  startup_stm32f40_41xxx.o(.text)
    CAN1_TX_IRQHandler                       0x08000277   Thumb Code     0  startup_stm32f40_41xxx.o(.text)
    CAN2_RX0_IRQHandler                      0x08000277   Thumb Code     0  startup_stm32f40_41xxx.o(.text)
    CAN2_RX1_IRQHandler                      0x08000277   Thumb Code     0  startup_stm32f40_41xxx.o(.text)
    CAN2_SCE_IRQHandler                      0x08000277   Thumb Code     0  startup_stm32f40_41xxx.o(.text)
    CAN2_TX_IRQHandler                       0x08000277   Thumb Code     0  startup_stm32f40_41xxx.o(.text)
    CRYP_IRQHandler                          0x08000277   Thumb Code     0  startup_stm32f40_41xxx.o(.text)
    DCMI_IRQHandler                          0x08000277   Thumb Code     0  startup_stm32f40_41xxx.o(.text)
    DMA1_Stream0_IRQHandler                  0x08000277   Thumb Code     0  startup_stm32f40_41xxx.o(.text)
    DMA1_Stream1_IRQHandler                  0x08000277   Thumb Code     0  startup_stm32f40_41xxx.o(.text)
    DMA1_Stream2_IRQHandler                  0x08000277   Thumb Code     0  startup_stm32f40_41xxx.o(.text)
    DMA1_Stream3_IRQHandler                  0x08000277   Thumb Code     0  startup_stm32f40_41xxx.o(.text)
    DMA1_Stream5_IRQHandler                  0x08000277   Thumb Code     0  startup_stm32f40_41xxx.o(.text)
    DMA1_Stream7_IRQHandler                  0x08000277   Thumb Code     0  startup_stm32f40_41xxx.o(.text)
    DMA2_Stream0_IRQHandler                  0x08000277   Thumb Code     0  startup_stm32f40_41xxx.o(.text)
    DMA2_Stream1_IRQHandler                  0x08000277   Thumb Code     0  startup_stm32f40_41xxx.o(.text)
    DMA2_Stream2_IRQHandler                  0x08000277   Thumb Code     0  startup_stm32f40_41xxx.o(.text)
    DMA2_Stream3_IRQHandler                  0x08000277   Thumb Code     0  startup_stm32f40_41xxx.o(.text)
    DMA2_Stream4_IRQHandler                  0x08000277   Thumb Code     0  startup_stm32f40_41xxx.o(.text)
    DMA2_Stream5_IRQHandler                  0x08000277   Thumb Code     0  startup_stm32f40_41xxx.o(.text)
    DMA2_Stream6_IRQHandler                  0x08000277   Thumb Code     0  startup_stm32f40_41xxx.o(.text)
    ETH_IRQHandler                           0x08000277   Thumb Code     0  startup_stm32f40_41xxx.o(.text)
    ETH_WKUP_IRQHandler                      0x08000277   Thumb Code     0  startup_stm32f40_41xxx.o(.text)
    EXTI0_IRQHandler                         0x08000277   Thumb Code     0  startup_stm32f40_41xxx.o(.text)
    EXTI15_10_IRQHandler                     0x08000277   Thumb Code     0  startup_stm32f40_41xxx.o(.text)
    EXTI1_IRQHandler                         0x08000277   Thumb Code     0  startup_stm32f40_41xxx.o(.text)
    EXTI2_IRQHandler                         0x08000277   Thumb Code     0  startup_stm32f40_41xxx.o(.text)
    EXTI3_IRQHandler                         0x08000277   Thumb Code     0  startup_stm32f40_41xxx.o(.text)
    EXTI4_IRQHandler                         0x08000277   Thumb Code     0  startup_stm32f40_41xxx.o(.text)
    EXTI9_5_IRQHandler                       0x08000277   Thumb Code     0  startup_stm32f40_41xxx.o(.text)
    FLASH_IRQHandler                         0x08000277   Thumb Code     0  startup_stm32f40_41xxx.o(.text)
    FPU_IRQHandler                           0x08000277   Thumb Code     0  startup_stm32f40_41xxx.o(.text)
    FSMC_IRQHandler                          0x08000277   Thumb Code     0  startup_stm32f40_41xxx.o(.text)
    HASH_RNG_IRQHandler                      0x08000277   Thumb Code     0  startup_stm32f40_41xxx.o(.text)
    I2C1_ER_IRQHandler                       0x08000277   Thumb Code     0  startup_stm32f40_41xxx.o(.text)
    I2C1_EV_IRQHandler                       0x08000277   Thumb Code     0  startup_stm32f40_41xxx.o(.text)
    I2C2_ER_IRQHandler                       0x08000277   Thumb Code     0  startup_stm32f40_41xxx.o(.text)
    I2C2_EV_IRQHandler                       0x08000277   Thumb Code     0  startup_stm32f40_41xxx.o(.text)
    I2C3_ER_IRQHandler                       0x08000277   Thumb Code     0  startup_stm32f40_41xxx.o(.text)
    I2C3_EV_IRQHandler                       0x08000277   Thumb Code     0  startup_stm32f40_41xxx.o(.text)
    OTG_FS_IRQHandler                        0x08000277   Thumb Code     0  startup_stm32f40_41xxx.o(.text)
    OTG_FS_WKUP_IRQHandler                   0x08000277   Thumb Code     0  startup_stm32f40_41xxx.o(.text)
    OTG_HS_EP1_IN_IRQHandler                 0x08000277   Thumb Code     0  startup_stm32f40_41xxx.o(.text)
    OTG_HS_EP1_OUT_IRQHandler                0x08000277   Thumb Code     0  startup_stm32f40_41xxx.o(.text)
    OTG_HS_IRQHandler                        0x08000277   Thumb Code     0  startup_stm32f40_41xxx.o(.text)
    OTG_HS_WKUP_IRQHandler                   0x08000277   Thumb Code     0  startup_stm32f40_41xxx.o(.text)
    PVD_IRQHandler                           0x08000277   Thumb Code     0  startup_stm32f40_41xxx.o(.text)
    RCC_IRQHandler                           0x08000277   Thumb Code     0  startup_stm32f40_41xxx.o(.text)
    RTC_Alarm_IRQHandler                     0x08000277   Thumb Code     0  startup_stm32f40_41xxx.o(.text)
    RTC_WKUP_IRQHandler                      0x08000277   Thumb Code     0  startup_stm32f40_41xxx.o(.text)
    SDIO_IRQHandler                          0x08000277   Thumb Code     0  startup_stm32f40_41xxx.o(.text)
    SPI1_IRQHandler                          0x08000277   Thumb Code     0  startup_stm32f40_41xxx.o(.text)
    SPI2_IRQHandler                          0x08000277   Thumb Code     0  startup_stm32f40_41xxx.o(.text)
    SPI3_IRQHandler                          0x08000277   Thumb Code     0  startup_stm32f40_41xxx.o(.text)
    TAMP_STAMP_IRQHandler                    0x08000277   Thumb Code     0  startup_stm32f40_41xxx.o(.text)
    TIM1_BRK_TIM9_IRQHandler                 0x08000277   Thumb Code     0  startup_stm32f40_41xxx.o(.text)
    TIM1_CC_IRQHandler                       0x08000277   Thumb Code     0  startup_stm32f40_41xxx.o(.text)
    TIM1_TRG_COM_TIM11_IRQHandler            0x08000277   Thumb Code     0  startup_stm32f40_41xxx.o(.text)
    TIM1_UP_TIM10_IRQHandler                 0x08000277   Thumb Code     0  startup_stm32f40_41xxx.o(.text)
    TIM2_IRQHandler                          0x08000277   Thumb Code     0  startup_stm32f40_41xxx.o(.text)
    TIM3_IRQHandler                          0x08000277   Thumb Code     0  startup_stm32f40_41xxx.o(.text)
    TIM4_IRQHandler                          0x08000277   Thumb Code     0  startup_stm32f40_41xxx.o(.text)
    TIM5_IRQHandler                          0x08000277   Thumb Code     0  startup_stm32f40_41xxx.o(.text)
    TIM7_IRQHandler                          0x08000277   Thumb Code     0  startup_stm32f40_41xxx.o(.text)
    TIM8_BRK_TIM12_IRQHandler                0x08000277   Thumb Code     0  startup_stm32f40_41xxx.o(.text)
    TIM8_CC_IRQHandler                       0x08000277   Thumb Code     0  startup_stm32f40_41xxx.o(.text)
    TIM8_TRG_COM_TIM14_IRQHandler            0x08000277   Thumb Code     0  startup_stm32f40_41xxx.o(.text)
    TIM8_UP_TIM13_IRQHandler                 0x08000277   Thumb Code     0  startup_stm32f40_41xxx.o(.text)
    UART4_IRQHandler                         0x08000277   Thumb Code     0  startup_stm32f40_41xxx.o(.text)
    UART5_IRQHandler                         0x08000277   Thumb Code     0  startup_stm32f40_41xxx.o(.text)
    USART3_IRQHandler                        0x08000277   Thumb Code     0  startup_stm32f40_41xxx.o(.text)
    USART6_IRQHandler                        0x08000277   Thumb Code     0  startup_stm32f40_41xxx.o(.text)
    WWDG_IRQHandler                          0x08000277   Thumb Code     0  startup_stm32f40_41xxx.o(.text)
    __aeabi_uldivmod                         0x08000281   Thumb Code    98  uldiv.o(.text)
    __aeabi_memcpy                           0x080002e3   Thumb Code    36  memcpya.o(.text)
    __aeabi_memcpy4                          0x080002e3   Thumb Code     0  memcpya.o(.text)
    __aeabi_memcpy8                          0x080002e3   Thumb Code     0  memcpya.o(.text)
    __aeabi_memset                           0x08000307   Thumb Code    14  memseta.o(.text)
    __aeabi_memset4                          0x08000307   Thumb Code     0  memseta.o(.text)
    __aeabi_memset8                          0x08000307   Thumb Code     0  memseta.o(.text)
    __aeabi_memclr                           0x08000315   Thumb Code     4  memseta.o(.text)
    __aeabi_memclr4                          0x08000315   Thumb Code     0  memseta.o(.text)
    __aeabi_memclr8                          0x08000315   Thumb Code     0  memseta.o(.text)
    _memset$wrapper                          0x08000319   Thumb Code    18  memseta.o(.text)
    strstr                                   0x0800032b   Thumb Code    36  strstr.o(.text)
    strncpy                                  0x0800034f   Thumb Code    24  strncpy.o(.text)
    strlen                                   0x08000367   Thumb Code    14  strlen.o(.text)
    strcmp                                   0x08000375   Thumb Code    28  strcmp.o(.text)
    memcmp                                   0x08000391   Thumb Code    26  memcmp.o(.text)
    strcpy                                   0x080003ab   Thumb Code    18  strcpy.o(.text)
    __0sscanf                                0x080003bd   Thumb Code    48  __0sscanf.o(.text)
    _scanf_int                               0x080003f5   Thumb Code   332  _scanf_int.o(.text)
    _scanf_string                            0x08000541   Thumb Code   224  _scanf_str.o(.text)
    __aeabi_f2d                              0x08000621   Thumb Code    38  f2d.o(.text)
    __aeabi_d2f                              0x08000647   Thumb Code    56  d2f.o(.text)
    __aeabi_uidiv                            0x0800067f   Thumb Code     0  uidiv.o(.text)
    __aeabi_uidivmod                         0x0800067f   Thumb Code    44  uidiv.o(.text)
    __aeabi_llsl                             0x080006ab   Thumb Code    30  llshl.o(.text)
    _ll_shift_l                              0x080006ab   Thumb Code     0  llshl.o(.text)
    __aeabi_llsr                             0x080006c9   Thumb Code    32  llushr.o(.text)
    _ll_ushift_r                             0x080006c9   Thumb Code     0  llushr.o(.text)
    _chval                                   0x080006e9   Thumb Code    28  _chval.o(.text)
    __vfscanf_char                           0x08000711   Thumb Code    20  scanf_char.o(.text)
    _sgetc                                   0x0800072d   Thumb Code    30  _sgetc.o(.text)
    _sbackspace                              0x0800074b   Thumb Code    34  _sgetc.o(.text)
    __strtod_int                             0x080007a3   Thumb Code    90  strtod.o(.text)
    __I$use$fp                               0x08000809   Thumb Code     0  iusefp.o(.text)
    _float_round                             0x08000809   Thumb Code    18  fepilogue.o(.text)
    _float_epilogue                          0x0800081b   Thumb Code    92  fepilogue.o(.text)
    __aeabi_dadd                             0x08000877   Thumb Code   322  dadd.o(.text)
    __aeabi_dsub                             0x080009b9   Thumb Code     6  dadd.o(.text)
    __aeabi_drsub                            0x080009bf   Thumb Code     6  dadd.o(.text)
    __aeabi_dmul                             0x080009c5   Thumb Code   228  dmul.o(.text)
    __aeabi_ddiv                             0x08000aa9   Thumb Code   222  ddiv.o(.text)
    __aeabi_d2ulz                            0x08000b87   Thumb Code    48  dfixul.o(.text)
    __aeabi_cdrcmple                         0x08000bb9   Thumb Code    48  cdrcmple.o(.text)
    __scatterload                            0x08000be9   Thumb Code    28  init.o(.text)
    __scatterload_rt2                        0x08000be9   Thumb Code     0  init.o(.text)
    __aeabi_lasr                             0x08000c0d   Thumb Code    36  llsshr.o(.text)
    _ll_sshift_r                             0x08000c0d   Thumb Code     0  llsshr.o(.text)
    isspace                                  0x08000c31   Thumb Code    10  isspace_c.o(.text)
    __vfscanf                                0x08000c3d   Thumb Code   808  _scanf.o(.text)
    _scanf_real                              0x08001091   Thumb Code     0  scanf_fp.o(.text)
    _scanf_really_real                       0x08001091   Thumb Code   556  scanf_fp.o(.text)
    _double_round                            0x080012c9   Thumb Code    30  depilogue.o(.text)
    _double_epilogue                         0x080012e7   Thumb Code   156  depilogue.o(.text)
    __ctype_lookup                           0x08001385   Thumb Code    34  ctype_c.o(.text)
    __aeabi_ul2d                             0x080013ad   Thumb Code    24  dfltul.o(.text)
    DMA1_Stream4_IRQHandler                  0x080013c5   Thumb Code    56  st7789.o(i.DMA1_Stream4_IRQHandler)
    DMA1_Stream6_IRQHandler                  0x08001411   Thumb Code    24  esp_at.o(i.DMA1_Stream6_IRQHandler)
    DMA2_Stream7_IRQHandler                  0x08001435   Thumb Code    58  usart1.o(i.DMA2_Stream7_IRQHandler)
    DMA_ClearFlag                            0x08001481   Thumb Code    38  stm32f4xx_dma.o(i.DMA_ClearFlag)
    DMA_Cmd                                  0x080014b5   Thumb Code    22  stm32f4xx_dma.o(i.DMA_Cmd)
    DMA_GetITStatus                          0x080014cd   Thumb Code    82  stm32f4xx_dma.o(i.DMA_GetITStatus)
    DMA_ITConfig                             0x08001531   Thumb Code    58  stm32f4xx_dma.o(i.DMA_ITConfig)
    DMA_Init                                 0x0800156d   Thumb Code    82  stm32f4xx_dma.o(i.DMA_Init)
    DMA_StructInit                           0x080015c5   Thumb Code    34  stm32f4xx_dma.o(i.DMA_StructInit)
    GPIO_Init                                0x080015e7   Thumb Code   144  stm32f4xx_gpio.o(i.GPIO_Init)
    GPIO_PinAFConfig                         0x08001677   Thumb Code    70  stm32f4xx_gpio.o(i.GPIO_PinAFConfig)
    GPIO_ResetBits                           0x080016bd   Thumb Code     6  stm32f4xx_gpio.o(i.GPIO_ResetBits)
    GPIO_SetBits                             0x080016c3   Thumb Code     4  stm32f4xx_gpio.o(i.GPIO_SetBits)
    GPIO_StructInit                          0x080016c7   Thumb Code    18  stm32f4xx_gpio.o(i.GPIO_StructInit)
    GPIO_WriteBit                            0x080016d9   Thumb Code    12  stm32f4xx_gpio.o(i.GPIO_WriteBit)
    I2C_AcknowledgeConfig                    0x080016e5   Thumb Code    24  stm32f4xx_i2c.o(i.I2C_AcknowledgeConfig)
    I2C_CheckEvent                           0x080016fd   Thumb Code    62  stm32f4xx_i2c.o(i.I2C_CheckEvent)
    I2C_Cmd                                  0x0800173b   Thumb Code    24  stm32f4xx_i2c.o(i.I2C_Cmd)
    I2C_GenerateSTART                        0x08001753   Thumb Code    24  stm32f4xx_i2c.o(i.I2C_GenerateSTART)
    I2C_GenerateSTOP                         0x0800176b   Thumb Code    24  stm32f4xx_i2c.o(i.I2C_GenerateSTOP)
    I2C_Init                                 0x08001785   Thumb Code   218  stm32f4xx_i2c.o(i.I2C_Init)
    I2C_ReceiveData                          0x0800186d   Thumb Code     8  stm32f4xx_i2c.o(i.I2C_ReceiveData)
    I2C_Send7bitAddress                      0x08001875   Thumb Code    16  stm32f4xx_i2c.o(i.I2C_Send7bitAddress)
    I2C_SendData                             0x08001885   Thumb Code     4  stm32f4xx_i2c.o(i.I2C_SendData)
    I2C_StructInit                           0x08001889   Thumb Code    30  stm32f4xx_i2c.o(i.I2C_StructInit)
    NVIC_Init                                0x080018a9   Thumb Code   106  misc.o(i.NVIC_Init)
    NVIC_PriorityGroupConfig                 0x08001921   Thumb Code    10  misc.o(i.NVIC_PriorityGroupConfig)
    PWR_BackupAccessCmd                      0x08001935   Thumb Code     6  stm32f4xx_pwr.o(i.PWR_BackupAccessCmd)
    RCC_AHB1PeriphClockCmd                   0x08001941   Thumb Code    26  stm32f4xx_rcc.o(i.RCC_AHB1PeriphClockCmd)
    RCC_APB1PeriphClockCmd                   0x08001961   Thumb Code    26  stm32f4xx_rcc.o(i.RCC_APB1PeriphClockCmd)
    RCC_APB2PeriphClockCmd                   0x08001981   Thumb Code    26  stm32f4xx_rcc.o(i.RCC_APB2PeriphClockCmd)
    RCC_BackupResetCmd                       0x080019a1   Thumb Code     6  stm32f4xx_rcc.o(i.RCC_BackupResetCmd)
    RCC_GetClocksFreq                        0x080019ad   Thumb Code   214  stm32f4xx_rcc.o(i.RCC_GetClocksFreq)
    RCC_GetFlagStatus                        0x08001a95   Thumb Code    60  stm32f4xx_rcc.o(i.RCC_GetFlagStatus)
    RCC_LSEConfig                            0x08001ad5   Thumb Code    40  stm32f4xx_rcc.o(i.RCC_LSEConfig)
    RCC_RTCCLKCmd                            0x08001b01   Thumb Code     6  stm32f4xx_rcc.o(i.RCC_RTCCLKCmd)
    RCC_RTCCLKConfig                         0x08001b0d   Thumb Code    50  stm32f4xx_rcc.o(i.RCC_RTCCLKConfig)
    RTC_DateStructInit                       0x08001b7b   Thumb Code    14  stm32f4xx_rtc.o(i.RTC_DateStructInit)
    RTC_EnterInitMode                        0x08001b89   Thumb Code    76  stm32f4xx_rtc.o(i.RTC_EnterInitMode)
    RTC_ExitInitMode                         0x08001bd9   Thumb Code    14  stm32f4xx_rtc.o(i.RTC_ExitInitMode)
    RTC_GetDate                              0x08001bed   Thumb Code    68  stm32f4xx_rtc.o(i.RTC_GetDate)
    RTC_GetTime                              0x08001c39   Thumb Code    72  stm32f4xx_rtc.o(i.RTC_GetTime)
    RTC_Init                                 0x08001c89   Thumb Code    94  stm32f4xx_rtc.o(i.RTC_Init)
    RTC_SetDate                              0x08001ced   Thumb Code   190  stm32f4xx_rtc.o(i.RTC_SetDate)
    RTC_SetTime                              0x08001db5   Thumb Code   198  stm32f4xx_rtc.o(i.RTC_SetTime)
    RTC_StructInit                           0x08001e85   Thumb Code    14  stm32f4xx_rtc.o(i.RTC_StructInit)
    RTC_TimeStructInit                       0x08001e93   Thumb Code    12  stm32f4xx_rtc.o(i.RTC_TimeStructInit)
    RTC_WaitForSynchro                       0x08001ea1   Thumb Code    92  stm32f4xx_rtc.o(i.RTC_WaitForSynchro)
    SPI_Cmd                                  0x08001f01   Thumb Code    24  stm32f4xx_spi.o(i.SPI_Cmd)
    SPI_DataSizeConfig                       0x08001f19   Thumb Code    18  stm32f4xx_spi.o(i.SPI_DataSizeConfig)
    SPI_I2S_DMACmd                           0x08001f2b   Thumb Code    18  stm32f4xx_spi.o(i.SPI_I2S_DMACmd)
    SPI_I2S_GetFlagStatus                    0x08001f3d   Thumb Code    18  stm32f4xx_spi.o(i.SPI_I2S_GetFlagStatus)
    SPI_I2S_SendData                         0x08001f4f   Thumb Code     4  stm32f4xx_spi.o(i.SPI_I2S_SendData)
    SPI_Init                                 0x08001f53   Thumb Code    60  stm32f4xx_spi.o(i.SPI_Init)
    SPI_StructInit                           0x08001f8f   Thumb Code    24  stm32f4xx_spi.o(i.SPI_StructInit)
    SysTick_Handler                          0x08002095   Thumb Code    46  port.o(i.SysTick_Handler)
    SystemInit                               0x080020c9   Thumb Code    88  system_stm32f4xx.o(i.SystemInit)
    TIM6_DAC_IRQHandler                      0x08002131   Thumb Code    58  delay_tim6.o(i.TIM6_DAC_IRQHandler)
    TIM_ClearITPendingBit                    0x08002179   Thumb Code     6  stm32f4xx_tim.o(i.TIM_ClearITPendingBit)
    TIM_GetITStatus                          0x0800217f   Thumb Code    34  stm32f4xx_tim.o(i.TIM_GetITStatus)
    USART1_IRQHandler                        0x080021a1   Thumb Code    50  usart1.o(i.USART1_IRQHandler)
    USART2_IRQHandler                        0x080021dd   Thumb Code   150  esp_at.o(i.USART2_IRQHandler)
    USART_ClearFlag                          0x08002291   Thumb Code    18  stm32f4xx_usart.o(i.USART_ClearFlag)
    USART_ClearITPendingBit                  0x080022a3   Thumb Code    30  stm32f4xx_usart.o(i.USART_ClearITPendingBit)
    USART_Cmd                                0x080022c1   Thumb Code    24  stm32f4xx_usart.o(i.USART_Cmd)
    USART_DMACmd                             0x080022d9   Thumb Code    18  stm32f4xx_usart.o(i.USART_DMACmd)
    USART_GetFlagStatus                      0x080022eb   Thumb Code    26  stm32f4xx_usart.o(i.USART_GetFlagStatus)
    USART_GetITStatus                        0x08002305   Thumb Code    84  stm32f4xx_usart.o(i.USART_GetITStatus)
    USART_ITConfig                           0x08002359   Thumb Code    74  stm32f4xx_usart.o(i.USART_ITConfig)
    USART_Init                               0x080023a5   Thumb Code   204  stm32f4xx_usart.o(i.USART_Init)
    USART_ReceiveData                        0x08002479   Thumb Code    10  stm32f4xx_usart.o(i.USART_ReceiveData)
    USART_SendData                           0x08002483   Thumb Code     8  stm32f4xx_usart.o(i.USART_SendData)
    USART_StructInit                         0x0800248b   Thumb Code    24  stm32f4xx_usart.o(i.USART_StructInit)
    __0printf                                0x080024a5   Thumb Code    22  printfa.o(i.__0printf)
    __1printf                                0x080024a5   Thumb Code     0  printfa.o(i.__0printf)
    __2printf                                0x080024a5   Thumb Code     0  printfa.o(i.__0printf)
    __c89printf                              0x080024a5   Thumb Code     0  printfa.o(i.__0printf)
    printf                                   0x080024a5   Thumb Code     0  printfa.o(i.__0printf)
    __0snprintf                              0x080024c5   Thumb Code    44  printfa.o(i.__0snprintf)
    __1snprintf                              0x080024c5   Thumb Code     0  printfa.o(i.__0snprintf)
    __2snprintf                              0x080024c5   Thumb Code     0  printfa.o(i.__0snprintf)
    __c89snprintf                            0x080024c5   Thumb Code     0  printfa.o(i.__0snprintf)
    snprintf                                 0x080024c5   Thumb Code     0  printfa.o(i.__0snprintf)
    __hardfp_atof                            0x080024f9   Thumb Code    44  atof.o(i.__hardfp_atof)
    __read_errno                             0x08002531   Thumb Code     6  errno.o(i.__read_errno)
    __scatterload_copy                       0x0800253d   Thumb Code    14  handlers.o(i.__scatterload_copy)
    __scatterload_null                       0x0800254b   Thumb Code     2  handlers.o(i.__scatterload_null)
    __scatterload_zeroinit                   0x0800254d   Thumb Code    14  handlers.o(i.__scatterload_zeroinit)
    __set_errno                              0x0800255d   Thumb Code     6  errno.o(i.__set_errno)
    _is_digit                                0x080026ed   Thumb Code    14  scanf_fp.o(i._is_digit)
    calibrateAht20                           0x08002e5d   Thumb Code    58  aht20.o(i.calibrateAht20)
    checkI2cEvent                            0x08002e9d   Thumb Code    46  aht20.o(i.checkI2cEvent)
    connectWifiUseEsp32                      0x08002ed1   Thumb Code    82  esp_at.o(i.connectWifiUseEsp32)
    creatSystemSchedulingLogic               0x08002f41   Thumb Code   264  system_operation_scheduling.o(i.creatSystemSchedulingLogic)
    fillColorForSt7789                       0x080030c1   Thumb Code    72  st7789.o(i.fillColorForSt7789)
    fputc                                    0x08003109   Thumb Code    40  usart1.o(i.fputc)
    getEsp32sRsponseStr                      0x08003135   Thumb Code     4  esp_at.o(i.getEsp32sRsponseStr)
    getRtcTime                               0x0800313d   Thumb Code    68  rtc.o(i.getRtcTime)
    getSntpTime                              0x08003181   Thumb Code    42  esp_at.o(i.getSntpTime)
    getUrlInfoByHttp                         0x080031c1   Thumb Code    46  esp_at.o(i.getUrlInfoByHttp)
    getWifiInfo                              0x08003215   Thumb Code    76  esp_at.o(i.getWifiInfo)
    initAht20                                0x0800327d   Thumb Code    34  aht20.o(i.initAht20)
    initBoardOnLowLevel                      0x0800329f   Thumb Code    12  board.o(i.initBoardOnLowLevel)
    initDma1Stream4                          0x080032ad   Thumb Code   106  st7789.o(i.initDma1Stream4)
    initDma1Stream6                          0x08003321   Thumb Code    70  esp_at.o(i.initDma1Stream6)
    initEsp32                                0x08003371   Thumb Code    68  esp_at.o(i.initEsp32)
    initExternalDevices                      0x080033c9   Thumb Code    46  board.o(i.initExternalDevices)
    initI2c2                                 0x0800342d   Thumb Code   142  aht20.o(i.initI2c2)
    initPeripheralNvic                       0x080034c9   Thumb Code   192  board.o(i.initPeripheralNvic)
    initPeripheralRccClock                   0x08003589   Thumb Code   162  board.o(i.initPeripheralRccClock)
    initRtc                                  0x0800362b   Thumb Code    28  rtc.o(i.initRtc)
    initSpi2                                 0x08003649   Thumb Code   248  st7789.o(i.initSpi2)
    initSt7798                               0x08003751   Thumb Code   304  st7789.o(i.initSt7798)
    initSystemWork                           0x080038d1   Thumb Code    54  work_queue.o(i.initSystemWork)
    initUi                                   0x08003939   Thumb Code    52  ui.o(i.initUi)
    initUsart1                               0x08003991   Thumb Code   162  usart1.o(i.initUsart1)
    initUsart2                               0x08003a41   Thumb Code   146  esp_at.o(i.initUsart2)
    initWirelessUseEsp32                     0x08003add   Thumb Code   102  board.o(i.initWirelessUseEsp32)
    isBusyOfAht20                            0x08003bcd   Thumb Code    34  aht20.o(i.isBusyOfAht20)
    isCalibrateOfAht20                       0x08003bef   Thumb Code    34  aht20.o(i.isCalibrateOfAht20)
    isExceedsScreenBoundary                  0x08003c11   Thumb Code    32  st7789.o(i.isExceedsScreenBoundary)
    main                                     0x08003c31   Thumb Code    40  main.o(i.main)
    matchEsp32sAck                           0x08003c71   Thumb Code    46  esp_at.o(i.matchEsp32sAck)
    parseCwjapResponseToGetApInfo            0x08003d85   Thumb Code    64  esp_at.o(i.parseCwjapResponseToGetApInfo)
    parseCwstateResponseToGetWifiInfo        0x08003df1   Thumb Code    68  esp_at.o(i.parseCwstateResponseToGetWifiInfo)
    parseSntpTimeInfo                        0x08003e59   Thumb Code   162  esp_at.o(i.parseSntpTimeInfo)
    parseWeatherInfo                         0x08003f2d   Thumb Code   246  esp_at.o(i.parseWeatherInfo)
    pvPortMalloc                             0x08004c51   Thumb Code   306  heap_4.o(i.pvPortMalloc)
    pvTaskIncrementMutexHeldCount            0x08004dc5   Thumb Code    26  tasks.o(i.pvTaskIncrementMutexHeldCount)
    pvTimerGetTimerID                        0x08004de5   Thumb Code    32  timers.o(i.pvTimerGetTimerID)
    pxPortInitialiseStack                    0x08004e25   Thumb Code    38  port.o(i.pxPortInitialiseStack)
    readMeasureData                          0x08004e51   Thumb Code   152  aht20.o(i.readMeasureData)
    readMulByteByI2c2                        0x08004ef9   Thumb Code   124  aht20.o(i.readMulByteByI2c2)
    readStateOfAht20                         0x08004f7d   Thumb Code    40  aht20.o(i.readStateOfAht20)
    receiveAndRecognizeResponseMsgFromEsp32ByUsart2Semphr 0x08004fa5   Thumb Code    54  esp_at.o(i.receiveAndRecognizeResponseMsgFromEsp32ByUsart2Semphr)
    resetSt7789                              0x08004ff1   Thumb Code    36  st7789.o(i.resetSt7789)
    searchAsciiOrChineseModel                0x08005023   Thumb Code   172  st7789.o(i.searchAsciiOrChineseModel)
    sendCommandAndReceiveRespondMsg          0x080050d1   Thumb Code    48  esp_at.o(i.sendCommandAndReceiveRespondMsg)
    sendDataToEsp32ByUsart2UseDma            0x08005131   Thumb Code    38  esp_at.o(i.sendDataToEsp32ByUsart2UseDma)
    sendDataToWorkQueue                      0x08005161   Thumb Code    40  work_queue.o(i.sendDataToWorkQueue)
    sendFontDataToSt7789                     0x080051a1   Thumb Code   284  st7789.o(i.sendFontDataToSt7789)
    setBackGroundLed                         0x080052c1   Thumb Code    26  st7789.o(i.setBackGroundLed)
    setRangeForSt7789                        0x080052e1   Thumb Code    94  st7789.o(i.setRangeForSt7789)
    setRtcTime                               0x0800533f   Thumb Code    82  rtc.o(i.setRtcTime)
    setTimeZoneAndSntpServer                 0x08005391   Thumb Code    14  esp_at.o(i.setTimeZoneAndSntpServer)
    setWifiModeToStation                     0x080053b5   Thumb Code    14  esp_at.o(i.setWifiModeToStation)
    showImage                                0x080053d5   Thumb Code    88  st7789.o(i.showImage)
    showMainPage                             0x0800542d   Thumb Code   274  show_page.o(i.showMainPage)
    showOneAscii                             0x080055a5   Thumb Code    52  st7789.o(i.showOneAscii)
    showOneChinese                           0x080055d9   Thumb Code    54  st7789.o(i.showOneChinese)
    showString                               0x0800560f   Thumb Code   150  st7789.o(i.showString)
    showWaitWifiConnectPage                  0x080056a5   Thumb Code    96  show_page.o(i.showWaitWifiConnectPage)
    showWelcomePage                          0x08005731   Thumb Code   100  show_page.o(i.showWelcomePage)
    showWirelessErrorPage                    0x080057c5   Thumb Code    52  show_page.o(i.showWirelessErrorPage)
    startMeasureOfAht20                      0x08005815   Thumb Code    60  aht20.o(i.startMeasureOfAht20)
    syncSntpTimeToRtcTime                    0x0800586d   Thumb Code   178  system_operation_scheduling.o(i.syncSntpTimeToRtcTime)
    uiFillColorParamSendToQueue              0x080059b1   Thumb Code    64  ui.o(i.uiFillColorParamSendToQueue)
    uiShowImageParamSendToQueue              0x080059f5   Thumb Code    44  ui.o(i.uiShowImageParamSendToQueue)
    uiShowStringParamSendToQueue             0x08005a25   Thumb Code   106  ui.o(i.uiShowStringParamSendToQueue)
    updataShowDate                           0x08005b5d   Thumb Code   126  show_page.o(i.updataShowDate)
    updataShowInnerHumidity                  0x08005c19   Thumb Code    92  show_page.o(i.updataShowInnerHumidity)
    updataShowInnerTemperature               0x08005c85   Thumb Code   102  show_page.o(i.updataShowInnerTemperature)
    updataShowOutdoorCity                    0x08005d01   Thumb Code    44  show_page.o(i.updataShowOutdoorCity)
    updataShowOutdoorTemperature             0x08005d35   Thumb Code   102  show_page.o(i.updataShowOutdoorTemperature)
    updataShowOutdoorWeatherIcon             0x08005db1   Thumb Code   152  show_page.o(i.updataShowOutdoorWeatherIcon)
    updataShowTime                           0x08005e69   Thumb Code    68  show_page.o(i.updataShowTime)
    updataShowWifiSsid                       0x08005ebd   Thumb Code    46  show_page.o(i.updataShowWifiSsid)
    updateInnorTemperatureHumidityToScreen   0x08005ef9   Thumb Code   136  system_operation_scheduling.o(i.updateInnorTemperatureHumidityToScreen)
    updateOutdoorWeatherToScreen             0x08005fd9   Thumb Code   148  system_operation_scheduling.o(i.updateOutdoorWeatherToScreen)
    updateRtcTimeToScreen                    0x080060c9   Thumb Code    78  system_operation_scheduling.o(i.updateRtcTimeToScreen)
    updateWifiInfoToScreen                   0x0800612d   Thumb Code   136  system_operation_scheduling.o(i.updateWifiInfoToScreen)
    uxListRemove                             0x0800626d   Thumb Code    40  list.o(i.uxListRemove)
    vApplicationMallocFailedHook             0x08006295   Thumb Code    18  main.o(i.vApplicationMallocFailedHook)
    vApplicationStackOverflowHook            0x080062c9   Thumb Code    24  main.o(i.vApplicationStackOverflowHook)
    vAssertCalled                            0x08006309   Thumb Code    18  main.o(i.vAssertCalled)
    vListInitialise                          0x08006335   Thumb Code    26  list.o(i.vListInitialise)
    vListInitialiseItem                      0x0800634f   Thumb Code     6  list.o(i.vListInitialiseItem)
    vListInsert                              0x08006355   Thumb Code    52  list.o(i.vListInsert)
    vListInsertEnd                           0x08006389   Thumb Code    24  list.o(i.vListInsertEnd)
    vPortEnterCritical                       0x080063a1   Thumb Code    66  port.o(i.vPortEnterCritical)
    vPortExitCritical                        0x08006415   Thumb Code    46  port.o(i.vPortExitCritical)
    vPortFree                                0x08006471   Thumb Code   126  heap_4.o(i.vPortFree)
    vPortSetupTimerInterrupt                 0x08006525   Thumb Code    36  port.o(i.vPortSetupTimerInterrupt)
    vPortValidateInterruptPriority           0x0800654d   Thumb Code    82  port.o(i.vPortValidateInterruptPriority)
    vQueueAddToRegistry                      0x080065d5   Thumb Code    38  queue.o(i.vQueueAddToRegistry)
    vQueueWaitForMessageRestricted           0x08006601   Thumb Code    74  queue.o(i.vQueueWaitForMessageRestricted)
    vTaskDelay                               0x0800664d   Thumb Code    70  tasks.o(i.vTaskDelay)
    vTaskDelete                              0x080066bd   Thumb Code   198  tasks.o(i.vTaskDelete)
    vTaskInternalSetTimeOutState             0x080067cd   Thumb Code    14  tasks.o(i.vTaskInternalSetTimeOutState)
    vTaskMissedYield                         0x080067e5   Thumb Code     8  tasks.o(i.vTaskMissedYield)
    vTaskPlaceOnEventList                    0x080067f1   Thumb Code    40  tasks.o(i.vTaskPlaceOnEventList)
    vTaskPlaceOnEventListRestricted          0x0800683d   Thumb Code    48  tasks.o(i.vTaskPlaceOnEventListRestricted)
    vTaskPriorityDisinheritAfterTimeout      0x08006891   Thumb Code   192  tasks.o(i.vTaskPriorityDisinheritAfterTimeout)
    vTaskStartScheduler                      0x0800697d   Thumb Code   110  tasks.o(i.vTaskStartScheduler)
    vTaskSuspendAll                          0x08006a2d   Thumb Code    12  tasks.o(i.vTaskSuspendAll)
    vTaskSwitchContext                       0x08006a3d   Thumb Code   136  tasks.o(i.vTaskSwitchContext)
    waitEsp32Restart                         0x08006af9   Thumb Code    36  esp_at.o(i.waitEsp32Restart)
    waitReadyResponseMsg                     0x08006b25   Thumb Code    22  esp_at.o(i.waitReadyResponseMsg)
    waitWifiConnect                          0x08006b3d   Thumb Code   114  board.o(i.waitWifiConnect)
    writeDataToSt7789                        0x08006ced   Thumb Code   174  st7789.o(i.writeDataToSt7789)
    writeDataToSt7789UseDma                  0x08006da5   Thumb Code   170  st7789.o(i.writeDataToSt7789UseDma)
    writeMulByteByI2c2                       0x08006e61   Thumb Code   110  aht20.o(i.writeMulByteByI2c2)
    xPortStartScheduler                      0x08006edd   Thumb Code   312  port.o(i.xPortStartScheduler)
    xQueueGenericCreate                      0x08007059   Thumb Code   126  queue.o(i.xQueueGenericCreate)
    xQueueGenericReset                       0x080070f9   Thumb Code   134  queue.o(i.xQueueGenericReset)
    xQueueGenericSend                        0x080071a5   Thumb Code   418  queue.o(i.xQueueGenericSend)
    xQueueGenericSendFromISR                 0x0800736d   Thumb Code   262  queue.o(i.xQueueGenericSendFromISR)
    xQueueGiveFromISR                        0x08007495   Thumb Code   232  queue.o(i.xQueueGiveFromISR)
    xQueueReceive                            0x0800759d   Thumb Code   320  queue.o(i.xQueueReceive)
    xQueueSemaphoreTake                      0x08007701   Thumb Code   386  queue.o(i.xQueueSemaphoreTake)
    xTaskCheckForTimeOut                     0x080078a9   Thumb Code   112  tasks.o(i.xTaskCheckForTimeOut)
    xTaskCreate                              0x08007941   Thumb Code    96  tasks.o(i.xTaskCreate)
    xTaskGetSchedulerState                   0x080079a1   Thumb Code    24  tasks.o(i.xTaskGetSchedulerState)
    xTaskGetTickCount                        0x080079c1   Thumb Code     6  tasks.o(i.xTaskGetTickCount)
    xTaskIncrementTick                       0x080079cd   Thumb Code   270  tasks.o(i.xTaskIncrementTick)
    xTaskPriorityDisinherit                  0x08007b29   Thumb Code   150  tasks.o(i.xTaskPriorityDisinherit)
    xTaskPriorityInherit                     0x08007bed   Thumb Code   172  tasks.o(i.xTaskPriorityInherit)
    xTaskRemoveFromEventList                 0x08007ca5   Thumb Code   116  tasks.o(i.xTaskRemoveFromEventList)
    xTaskResumeAll                           0x08007d51   Thumb Code   212  tasks.o(i.xTaskResumeAll)
    xTimerCreate                             0x08007e69   Thumb Code    54  timers.o(i.xTimerCreate)
    xTimerCreateTimerTask                    0x08007ea1   Thumb Code    52  timers.o(i.xTimerCreateTimerTask)
    xTimerGenericCommand                     0x08007f09   Thumb Code   114  timers.o(i.xTimerGenericCommand)
    font16_maple                             0x080085b8   Data          16  font16_maple.o(.constdata)
    font20_maple_bold                        0x08009a80   Data          16  font20_maple_bold.o(.constdata)
    font24_maple_bold                        0x0800b1b8   Data          16  font24_maple_bold.o(.constdata)
    font24_maple_semibold                    0x0800b630   Data          16  font24_maple_semibold.o(.constdata)
    font32_maple_bold                        0x0800d2d0   Data          16  font32_maple_bold.o(.constdata)
    font54_maple_bold                        0x0800ddd8   Data          16  font54_maple_bold.o(.constdata)
    font54_maple_semibold                    0x0800e8e0   Data          16  font54_maple_semibold.o(.constdata)
    font64_maple_extrabold                   0x0800f5f0   Data          16  font64_maple_extrabold.o(.constdata)
    font76_maple_extrabold                   0x0801094c   Data          16  font76_maple_extrabold.o(.constdata)
    img_meihua                               0x0802067c   Data           8  img_meihua.o(.constdata)
    img_error                                0x0802ce84   Data           8  img_error.o(.constdata)
    img_wifi                                 0x0803b52c   Data           8  img_wifi.o(.constdata)
    icon_wifi                                0x0803b9b4   Data           8  icon_wifi.o(.constdata)
    icon_wenduji                             0x0803c21c   Data           8  icon_wenduji.o(.constdata)
    icon_qing                                0x0803d8ec   Data           8  icon_qing.o(.constdata)
    icon_duoyun                              0x0803efbc   Data           8  icon_duoyun.o(.constdata)
    icon_leizhenyu                           0x0804068c   Data           8  icon_leizhenyu.o(.constdata)
    icon_na                                  0x08041d5c   Data           8  icon_na.o(.constdata)
    icon_yintian                             0x0804342c   Data           8  icon_yintian.o(.constdata)
    icon_yueliang                            0x08044afc   Data           8  icon_yueliang.o(.constdata)
    icon_zhongxue                            0x080461cc   Data           8  icon_zhongxue.o(.constdata)
    icon_zhongyu                             0x0804789c   Data           8  icon_zhongyu.o(.constdata)
    __ctype_categories                       0x080478a4   Data          64  ctype_c.o(.constdata)
    Region$$Table$$Base                      0x08047a18   Number         0  anon$$obj.o(Region$$Table)
    Region$$Table$$Limit                     0x08047a38   Number         0  anon$$obj.o(Region$$Table)
    tim6_periodic_callback                   0x20000048   Data           4  delay_tim6.o(.data)
    SystemCoreClock                          0x20000058   Data           4  system_stm32f4xx.o(.data)
    AHBPrescTable                            0x2000005c   Data          16  system_stm32f4xx.o(.data)
    pxCurrentTCB                             0x20000088   Data           4  tasks.o(.data)
    uxTopUsedPriority                        0x200000c0   Data           4  tasks.o(.data)
    __stdout                                 0x200000fc   Data           4  stdout.o(.data)
    xQueueRegistry                           0x20003490   Data          80  queue.o(.bss)
    __initial_sp                             0x2001a8e0   Data           0  startup_stm32f40_41xxx.o(STACK)



==============================================================================

Memory Map of the image

  Image Entry point : 0x08000189

  Load Region LR_IROM1 (Base: 0x08000000, Size: 0x00047b3c, Max: 0x00080000, ABSOLUTE)

    Execution Region ER_IROM1 (Exec base: 0x08000000, Load base: 0x08000000, Size: 0x00047a38, Max: 0x00080000, ABSOLUTE)

    Exec Addr    Load Addr    Size         Type   Attr      Idx    E Section Name        Object

    0x08000000   0x08000000   0x00000188   Data   RO         1447    RESET               startup_stm32f40_41xxx.o
    0x08000188   0x08000188   0x00000000   Code   RO         7522  * .ARM.Collect$$$$00000000  mc_w.l(entry.o)
    0x08000188   0x08000188   0x00000004   Code   RO         7816    .ARM.Collect$$$$00000001  mc_w.l(entry2.o)
    0x0800018c   0x0800018c   0x00000004   Code   RO         7819    .ARM.Collect$$$$00000004  mc_w.l(entry5.o)
    0x08000190   0x08000190   0x00000000   Code   RO         7821    .ARM.Collect$$$$00000008  mc_w.l(entry7b.o)
    0x08000190   0x08000190   0x00000000   Code   RO         7823    .ARM.Collect$$$$0000000A  mc_w.l(entry8b.o)
    0x08000190   0x08000190   0x00000008   Code   RO         7824    .ARM.Collect$$$$0000000B  mc_w.l(entry9a.o)
    0x08000198   0x08000198   0x00000000   Code   RO         7826    .ARM.Collect$$$$0000000D  mc_w.l(entry10a.o)
    0x08000198   0x08000198   0x00000000   Code   RO         7828    .ARM.Collect$$$$0000000F  mc_w.l(entry11a.o)
    0x08000198   0x08000198   0x00000004   Code   RO         7817    .ARM.Collect$$$$00002712  mc_w.l(entry2.o)
    0x0800019c   0x0800019c   0x000000be   Code   RO         6561    .emb_text           port.o
    0x0800025a   0x0800025a   0x00000002   PAD
    0x0800025c   0x0800025c   0x00000024   Code   RO         1448    .text               startup_stm32f40_41xxx.o
    0x08000280   0x08000280   0x00000062   Code   RO         7525    .text               mc_w.l(uldiv.o)
    0x080002e2   0x080002e2   0x00000024   Code   RO         7527    .text               mc_w.l(memcpya.o)
    0x08000306   0x08000306   0x00000024   Code   RO         7529    .text               mc_w.l(memseta.o)
    0x0800032a   0x0800032a   0x00000024   Code   RO         7531    .text               mc_w.l(strstr.o)
    0x0800034e   0x0800034e   0x00000018   Code   RO         7533    .text               mc_w.l(strncpy.o)
    0x08000366   0x08000366   0x0000000e   Code   RO         7535    .text               mc_w.l(strlen.o)
    0x08000374   0x08000374   0x0000001c   Code   RO         7537    .text               mc_w.l(strcmp.o)
    0x08000390   0x08000390   0x0000001a   Code   RO         7539    .text               mc_w.l(memcmp.o)
    0x080003aa   0x080003aa   0x00000012   Code   RO         7541    .text               mc_w.l(strcpy.o)
    0x080003bc   0x080003bc   0x00000038   Code   RO         7806    .text               mc_w.l(__0sscanf.o)
    0x080003f4   0x080003f4   0x0000014c   Code   RO         7808    .text               mc_w.l(_scanf_int.o)
    0x08000540   0x08000540   0x000000e0   Code   RO         7810    .text               mc_w.l(_scanf_str.o)
    0x08000620   0x08000620   0x00000026   Code   RO         7812    .text               mf_w.l(f2d.o)
    0x08000646   0x08000646   0x00000038   Code   RO         7814    .text               mf_w.l(d2f.o)
    0x0800067e   0x0800067e   0x0000002c   Code   RO         7831    .text               mc_w.l(uidiv.o)
    0x080006aa   0x080006aa   0x0000001e   Code   RO         7833    .text               mc_w.l(llshl.o)
    0x080006c8   0x080006c8   0x00000020   Code   RO         7835    .text               mc_w.l(llushr.o)
    0x080006e8   0x080006e8   0x0000001c   Code   RO         7844    .text               mc_w.l(_chval.o)
    0x08000704   0x08000704   0x00000028   Code   RO         7846    .text               mc_w.l(scanf_char.o)
    0x0800072c   0x0800072c   0x00000040   Code   RO         7848    .text               mc_w.l(_sgetc.o)
    0x0800076c   0x0800076c   0x0000009c   Code   RO         7850    .text               mc_w.l(strtod.o)
    0x08000808   0x08000808   0x00000000   Code   RO         7852    .text               mc_w.l(iusefp.o)
    0x08000808   0x08000808   0x0000006e   Code   RO         7853    .text               mf_w.l(fepilogue.o)
    0x08000876   0x08000876   0x0000014e   Code   RO         7855    .text               mf_w.l(dadd.o)
    0x080009c4   0x080009c4   0x000000e4   Code   RO         7857    .text               mf_w.l(dmul.o)
    0x08000aa8   0x08000aa8   0x000000de   Code   RO         7859    .text               mf_w.l(ddiv.o)
    0x08000b86   0x08000b86   0x00000030   Code   RO         7861    .text               mf_w.l(dfixul.o)
    0x08000bb6   0x08000bb6   0x00000002   PAD
    0x08000bb8   0x08000bb8   0x00000030   Code   RO         7863    .text               mf_w.l(cdrcmple.o)
    0x08000be8   0x08000be8   0x00000024   Code   RO         7865    .text               mc_w.l(init.o)
    0x08000c0c   0x08000c0c   0x00000024   Code   RO         7867    .text               mc_w.l(llsshr.o)
    0x08000c30   0x08000c30   0x0000000a   Code   RO         7869    .text               mc_w.l(isspace_c.o)
    0x08000c3a   0x08000c3a   0x00000002   PAD
    0x08000c3c   0x08000c3c   0x0000032c   Code   RO         7871    .text               mc_w.l(_scanf.o)
    0x08000f68   0x08000f68   0x00000360   Code   RO         7873    .text               mc_w.l(scanf_fp.o)
    0x080012c8   0x080012c8   0x000000ba   Code   RO         7877    .text               mf_w.l(depilogue.o)
    0x08001382   0x08001382   0x00000002   PAD
    0x08001384   0x08001384   0x00000028   Code   RO         7879    .text               mc_w.l(ctype_c.o)
    0x080013ac   0x080013ac   0x00000018   Code   RO         7882    .text               mf_w.l(dfltul.o)
    0x080013c4   0x080013c4   0x0000004c   Code   RO          773    i.DMA1_Stream4_IRQHandler  st7789.o
    0x08001410   0x08001410   0x00000024   Code   RO          896    i.DMA1_Stream6_IRQHandler  esp_at.o
    0x08001434   0x08001434   0x0000004c   Code   RO          612    i.DMA2_Stream7_IRQHandler  usart1.o
    0x08001480   0x08001480   0x00000034   Code   RO         2569    i.DMA_ClearFlag     stm32f4xx_dma.o
    0x080014b4   0x080014b4   0x00000016   Code   RO         2571    i.DMA_Cmd           stm32f4xx_dma.o
    0x080014ca   0x080014ca   0x00000002   PAD
    0x080014cc   0x080014cc   0x00000064   Code   RO         2581    i.DMA_GetITStatus   stm32f4xx_dma.o
    0x08001530   0x08001530   0x0000003a   Code   RO         2582    i.DMA_ITConfig      stm32f4xx_dma.o
    0x0800156a   0x0800156a   0x00000002   PAD
    0x0800156c   0x0800156c   0x00000058   Code   RO         2583    i.DMA_Init          stm32f4xx_dma.o
    0x080015c4   0x080015c4   0x00000022   Code   RO         2587    i.DMA_StructInit    stm32f4xx_dma.o
    0x080015e6   0x080015e6   0x00000090   Code   RO         3371    i.GPIO_Init         stm32f4xx_gpio.o
    0x08001676   0x08001676   0x00000046   Code   RO         3372    i.GPIO_PinAFConfig  stm32f4xx_gpio.o
    0x080016bc   0x080016bc   0x00000006   Code   RO         3378    i.GPIO_ResetBits    stm32f4xx_gpio.o
    0x080016c2   0x080016c2   0x00000004   Code   RO         3379    i.GPIO_SetBits      stm32f4xx_gpio.o
    0x080016c6   0x080016c6   0x00000012   Code   RO         3380    i.GPIO_StructInit   stm32f4xx_gpio.o
    0x080016d8   0x080016d8   0x0000000c   Code   RO         3383    i.GPIO_WriteBit     stm32f4xx_gpio.o
    0x080016e4   0x080016e4   0x00000018   Code   RO         3659    i.I2C_AcknowledgeConfig  stm32f4xx_i2c.o
    0x080016fc   0x080016fc   0x0000003e   Code   RO         3662    i.I2C_CheckEvent    stm32f4xx_i2c.o
    0x0800173a   0x0800173a   0x00000018   Code   RO         3665    i.I2C_Cmd           stm32f4xx_i2c.o
    0x08001752   0x08001752   0x00000018   Code   RO         3673    i.I2C_GenerateSTART  stm32f4xx_i2c.o
    0x0800176a   0x0800176a   0x00000018   Code   RO         3674    i.I2C_GenerateSTOP  stm32f4xx_i2c.o
    0x08001782   0x08001782   0x00000002   PAD
    0x08001784   0x08001784   0x000000e8   Code   RO         3680    i.I2C_Init          stm32f4xx_i2c.o
    0x0800186c   0x0800186c   0x00000008   Code   RO         3685    i.I2C_ReceiveData   stm32f4xx_i2c.o
    0x08001874   0x08001874   0x00000010   Code   RO         3687    i.I2C_Send7bitAddress  stm32f4xx_i2c.o
    0x08001884   0x08001884   0x00000004   Code   RO         3688    i.I2C_SendData      stm32f4xx_i2c.o
    0x08001888   0x08001888   0x0000001e   Code   RO         3691    i.I2C_StructInit    stm32f4xx_i2c.o
    0x080018a6   0x080018a6   0x00000002   PAD
    0x080018a8   0x080018a8   0x00000078   Code   RO         1496    i.NVIC_Init         misc.o
    0x08001920   0x08001920   0x00000014   Code   RO         1497    i.NVIC_PriorityGroupConfig  misc.o
    0x08001934   0x08001934   0x0000000c   Code   RO         4162    i.PWR_BackupAccessCmd  stm32f4xx_pwr.o
    0x08001940   0x08001940   0x00000020   Code   RO         4297    i.RCC_AHB1PeriphClockCmd  stm32f4xx_rcc.o
    0x08001960   0x08001960   0x00000020   Code   RO         4306    i.RCC_APB1PeriphClockCmd  stm32f4xx_rcc.o
    0x08001980   0x08001980   0x00000020   Code   RO         4309    i.RCC_APB2PeriphClockCmd  stm32f4xx_rcc.o
    0x080019a0   0x080019a0   0x0000000c   Code   RO         4313    i.RCC_BackupResetCmd  stm32f4xx_rcc.o
    0x080019ac   0x080019ac   0x000000e8   Code   RO         4318    i.RCC_GetClocksFreq  stm32f4xx_rcc.o
    0x08001a94   0x08001a94   0x00000040   Code   RO         4319    i.RCC_GetFlagStatus  stm32f4xx_rcc.o
    0x08001ad4   0x08001ad4   0x0000002c   Code   RO         4327    i.RCC_LSEConfig     stm32f4xx_rcc.o
    0x08001b00   0x08001b00   0x0000000c   Code   RO         4341    i.RCC_RTCCLKCmd     stm32f4xx_rcc.o
    0x08001b0c   0x08001b0c   0x0000003c   Code   RO         4342    i.RCC_RTCCLKConfig  stm32f4xx_rcc.o
    0x08001b48   0x08001b48   0x00000016   Code   RO         4704    i.RTC_Bcd2ToByte    stm32f4xx_rtc.o
    0x08001b5e   0x08001b5e   0x0000001c   Code   RO         4706    i.RTC_ByteToBcd2    stm32f4xx_rtc.o
    0x08001b7a   0x08001b7a   0x0000000e   Code   RO         4713    i.RTC_DateStructInit  stm32f4xx_rtc.o
    0x08001b88   0x08001b88   0x00000050   Code   RO         4716    i.RTC_EnterInitMode  stm32f4xx_rtc.o
    0x08001bd8   0x08001bd8   0x00000014   Code   RO         4717    i.RTC_ExitInitMode  stm32f4xx_rtc.o
    0x08001bec   0x08001bec   0x0000004c   Code   RO         4720    i.RTC_GetDate       stm32f4xx_rtc.o
    0x08001c38   0x08001c38   0x00000050   Code   RO         4725    i.RTC_GetTime       stm32f4xx_rtc.o
    0x08001c88   0x08001c88   0x00000064   Code   RO         4730    i.RTC_Init          stm32f4xx_rtc.o
    0x08001cec   0x08001cec   0x000000c8   Code   RO         4736    i.RTC_SetDate       stm32f4xx_rtc.o
    0x08001db4   0x08001db4   0x000000d0   Code   RO         4737    i.RTC_SetTime       stm32f4xx_rtc.o
    0x08001e84   0x08001e84   0x0000000e   Code   RO         4740    i.RTC_StructInit    stm32f4xx_rtc.o
    0x08001e92   0x08001e92   0x0000000c   Code   RO         4752    i.RTC_TimeStructInit  stm32f4xx_rtc.o
    0x08001e9e   0x08001e9e   0x00000002   PAD
    0x08001ea0   0x08001ea0   0x00000060   Code   RO         4753    i.RTC_WaitForSynchro  stm32f4xx_rtc.o
    0x08001f00   0x08001f00   0x00000018   Code   RO         5455    i.SPI_Cmd           stm32f4xx_spi.o
    0x08001f18   0x08001f18   0x00000012   Code   RO         5456    i.SPI_DataSizeConfig  stm32f4xx_spi.o
    0x08001f2a   0x08001f2a   0x00000012   Code   RO         5461    i.SPI_I2S_DMACmd    stm32f4xx_spi.o
    0x08001f3c   0x08001f3c   0x00000012   Code   RO         5463    i.SPI_I2S_GetFlagStatus  stm32f4xx_spi.o
    0x08001f4e   0x08001f4e   0x00000004   Code   RO         5467    i.SPI_I2S_SendData  stm32f4xx_spi.o
    0x08001f52   0x08001f52   0x0000003c   Code   RO         5468    i.SPI_Init          stm32f4xx_spi.o
    0x08001f8e   0x08001f8e   0x00000018   Code   RO         5471    i.SPI_StructInit    stm32f4xx_spi.o
    0x08001fa6   0x08001fa6   0x00000002   PAD
    0x08001fa8   0x08001fa8   0x000000ec   Code   RO         1455    i.SetSysClock       system_stm32f4xx.o
    0x08002094   0x08002094   0x00000034   Code   RO         6562    i.SysTick_Handler   port.o
    0x080020c8   0x080020c8   0x00000068   Code   RO         1457    i.SystemInit        system_stm32f4xx.o
    0x08002130   0x08002130   0x00000048   Code   RO         1082    i.TIM6_DAC_IRQHandler  delay_tim6.o
    0x08002178   0x08002178   0x00000006   Code   RO         5688    i.TIM_ClearITPendingBit  stm32f4xx_tim.o
    0x0800217e   0x0800217e   0x00000022   Code   RO         5714    i.TIM_GetITStatus   stm32f4xx_tim.o
    0x080021a0   0x080021a0   0x0000003c   Code   RO          613    i.USART1_IRQHandler  usart1.o
    0x080021dc   0x080021dc   0x000000b4   Code   RO          897    i.USART2_IRQHandler  esp_at.o
    0x08002290   0x08002290   0x00000012   Code   RO         6243    i.USART_ClearFlag   stm32f4xx_usart.o
    0x080022a2   0x080022a2   0x0000001e   Code   RO         6244    i.USART_ClearITPendingBit  stm32f4xx_usart.o
    0x080022c0   0x080022c0   0x00000018   Code   RO         6247    i.USART_Cmd         stm32f4xx_usart.o
    0x080022d8   0x080022d8   0x00000012   Code   RO         6248    i.USART_DMACmd      stm32f4xx_usart.o
    0x080022ea   0x080022ea   0x0000001a   Code   RO         6250    i.USART_GetFlagStatus  stm32f4xx_usart.o
    0x08002304   0x08002304   0x00000054   Code   RO         6251    i.USART_GetITStatus  stm32f4xx_usart.o
    0x08002358   0x08002358   0x0000004a   Code   RO         6253    i.USART_ITConfig    stm32f4xx_usart.o
    0x080023a2   0x080023a2   0x00000002   PAD
    0x080023a4   0x080023a4   0x000000d4   Code   RO         6254    i.USART_Init        stm32f4xx_usart.o
    0x08002478   0x08002478   0x0000000a   Code   RO         6261    i.USART_ReceiveData  stm32f4xx_usart.o
    0x08002482   0x08002482   0x00000008   Code   RO         6264    i.USART_SendData    stm32f4xx_usart.o
    0x0800248a   0x0800248a   0x00000018   Code   RO         6270    i.USART_StructInit  stm32f4xx_usart.o
    0x080024a2   0x080024a2   0x00000002   PAD
    0x080024a4   0x080024a4   0x00000020   Code   RO         7778    i.__0printf         mc_w.l(printfa.o)
    0x080024c4   0x080024c4   0x00000030   Code   RO         7779    i.__0snprintf       mc_w.l(printfa.o)
    0x080024f4   0x080024f4   0x00000004   PAD
    0x080024f8   0x080024f8   0x00000038   Code   RO         7516    i.__hardfp_atof     m_wm.l(atof.o)
    0x08002530   0x08002530   0x0000000c   Code   RO         7838    i.__read_errno      mc_w.l(errno.o)
    0x0800253c   0x0800253c   0x0000000e   Code   RO         7886    i.__scatterload_copy  mc_w.l(handlers.o)
    0x0800254a   0x0800254a   0x00000002   Code   RO         7887    i.__scatterload_null  mc_w.l(handlers.o)
    0x0800254c   0x0800254c   0x0000000e   Code   RO         7888    i.__scatterload_zeroinit  mc_w.l(handlers.o)
    0x0800255a   0x0800255a   0x00000002   PAD
    0x0800255c   0x0800255c   0x0000000c   Code   RO         7839    i.__set_errno       mc_w.l(errno.o)
    0x08002568   0x08002568   0x00000184   Code   RO         7785    i._fp_digits        mc_w.l(printfa.o)
    0x080026ec   0x080026ec   0x0000000e   Code   RO         7875    i._is_digit         mc_w.l(scanf_fp.o)
    0x080026fa   0x080026fa   0x00000002   PAD
    0x080026fc   0x080026fc   0x000006dc   Code   RO         7786    i._printf_core      mc_w.l(printfa.o)
    0x08002dd8   0x08002dd8   0x00000024   Code   RO         7787    i._printf_post_padding  mc_w.l(printfa.o)
    0x08002dfc   0x08002dfc   0x0000002e   Code   RO         7788    i._printf_pre_padding  mc_w.l(printfa.o)
    0x08002e2a   0x08002e2a   0x00000016   Code   RO         7789    i._snputc           mc_w.l(printfa.o)
    0x08002e40   0x08002e40   0x0000001c   Code   RO          403    i.allTimerCallback  system_operation_scheduling.o
    0x08002e5c   0x08002e5c   0x00000040   Code   RO          689    i.calibrateAht20    aht20.o
    0x08002e9c   0x08002e9c   0x00000034   Code   RO          690    i.checkI2cEvent     aht20.o
    0x08002ed0   0x08002ed0   0x00000070   Code   RO          898    i.connectWifiUseEsp32  esp_at.o
    0x08002f40   0x08002f40   0x00000180   Code   RO          404    i.creatSystemSchedulingLogic  system_operation_scheduling.o
    0x080030c0   0x080030c0   0x00000048   Code   RO          774    i.fillColorForSt7789  st7789.o
    0x08003108   0x08003108   0x0000002c   Code   RO          614    i.fputc             usart1.o
    0x08003134   0x08003134   0x00000008   Code   RO          899    i.getEsp32sRsponseStr  esp_at.o
    0x0800313c   0x0800313c   0x00000044   Code   RO          576    i.getRtcTime        rtc.o
    0x08003180   0x08003180   0x00000040   Code   RO          900    i.getSntpTime       esp_at.o
    0x080031c0   0x080031c0   0x00000054   Code   RO          901    i.getUrlInfoByHttp  esp_at.o
    0x08003214   0x08003214   0x00000068   Code   RO          902    i.getWifiInfo       esp_at.o
    0x0800327c   0x0800327c   0x00000022   Code   RO          691    i.initAht20         aht20.o
    0x0800329e   0x0800329e   0x0000000c   Code   RO          236    i.initBoardOnLowLevel  board.o
    0x080032aa   0x080032aa   0x00000002   PAD
    0x080032ac   0x080032ac   0x00000074   Code   RO          775    i.initDma1Stream4   st7789.o
    0x08003320   0x08003320   0x00000050   Code   RO          903    i.initDma1Stream6   esp_at.o
    0x08003370   0x08003370   0x00000058   Code   RO          904    i.initEsp32         esp_at.o
    0x080033c8   0x080033c8   0x00000064   Code   RO          237    i.initExternalDevices  board.o
    0x0800342c   0x0800342c   0x0000009c   Code   RO          692    i.initI2c2          aht20.o
    0x080034c8   0x080034c8   0x000000c0   Code   RO          238    i.initPeripheralNvic  board.o
    0x08003588   0x08003588   0x000000a2   Code   RO          239    i.initPeripheralRccClock  board.o
    0x0800362a   0x0800362a   0x0000001c   Code   RO          577    i.initRtc           rtc.o
    0x08003646   0x08003646   0x00000002   PAD
    0x08003648   0x08003648   0x00000108   Code   RO          776    i.initSpi2          st7789.o
    0x08003750   0x08003750   0x00000180   Code   RO          777    i.initSt7798        st7789.o
    0x080038d0   0x080038d0   0x00000068   Code   RO          539    i.initSystemWork    work_queue.o
    0x08003938   0x08003938   0x00000058   Code   RO          487    i.initUi            ui.o
    0x08003990   0x08003990   0x000000b0   Code   RO          616    i.initUsart1        usart1.o
    0x08003a40   0x08003a40   0x0000009c   Code   RO          905    i.initUsart2        esp_at.o
    0x08003adc   0x08003adc   0x000000f0   Code   RO          240    i.initWirelessUseEsp32  board.o
    0x08003bcc   0x08003bcc   0x00000022   Code   RO          693    i.isBusyOfAht20     aht20.o
    0x08003bee   0x08003bee   0x00000022   Code   RO          694    i.isCalibrateOfAht20  aht20.o
    0x08003c10   0x08003c10   0x00000020   Code   RO          778    i.isExceedsScreenBoundary  st7789.o
    0x08003c30   0x08003c30   0x00000040   Code   RO            4    i.main              main.o
    0x08003c70   0x08003c70   0x00000034   Code   RO          907    i.matchEsp32sAck    esp_at.o
    0x08003ca4   0x08003ca4   0x000000e0   Code   RO          908    i.monthStrToNum     esp_at.o
    0x08003d84   0x08003d84   0x0000006c   Code   RO          909    i.parseCwjapResponseToGetApInfo  esp_at.o
    0x08003df0   0x08003df0   0x00000068   Code   RO          910    i.parseCwstateResponseToGetWifiInfo  esp_at.o
    0x08003e58   0x08003e58   0x000000d4   Code   RO          911    i.parseSntpTimeInfo  esp_at.o
    0x08003f2c   0x08003f2c   0x000001b0   Code   RO          912    i.parseWeatherInfo  esp_at.o
    0x080040dc   0x080040dc   0x00000098   Code   RO         6652    i.prvAddCurrentTaskToDelayedList  tasks.o
    0x08004174   0x08004174   0x000000b4   Code   RO         6653    i.prvAddNewTaskToReadyList  tasks.o
    0x08004228   0x08004228   0x00000064   Code   RO         7052    i.prvCheckForValidListAndQueue  timers.o
    0x0800428c   0x0800428c   0x00000048   Code   RO         6654    i.prvCheckTasksWaitingTermination  tasks.o
    0x080042d4   0x080042d4   0x0000002a   Code   RO         7198    i.prvCopyDataFromQueue  queue.o
    0x080042fe   0x080042fe   0x0000007e   Code   RO         7199    i.prvCopyDataToQueue  queue.o
    0x0800437c   0x0800437c   0x00000012   Code   RO         6655    i.prvDeleteTCB      tasks.o
    0x0800438e   0x0800438e   0x00000014   Code   RO         7200    i.prvGetDisinheritPriorityAfterTimeout  queue.o
    0x080043a2   0x080043a2   0x00000002   PAD
    0x080043a4   0x080043a4   0x00000028   Code   RO         7053    i.prvGetNextExpireTime  timers.o
    0x080043cc   0x080043cc   0x0000007c   Code   RO         7452    i.prvHeapInit       heap_4.o
    0x08004448   0x08004448   0x00000028   Code   RO         6656    i.prvIdleTask       tasks.o
    0x08004470   0x08004470   0x0000002a   Code   RO         7202    i.prvInitialiseNewQueue  queue.o
    0x0800449a   0x0800449a   0x00000002   PAD
    0x0800449c   0x0800449c   0x000000e4   Code   RO         6657    i.prvInitialiseNewTask  tasks.o
    0x08004580   0x08004580   0x00000070   Code   RO         7054    i.prvInitialiseNewTimer  timers.o
    0x080045f0   0x080045f0   0x00000068   Code   RO         6658    i.prvInitialiseTaskLists  tasks.o
    0x08004658   0x08004658   0x00000068   Code   RO         7453    i.prvInsertBlockIntoFreeList  heap_4.o
    0x080046c0   0x080046c0   0x00000058   Code   RO         7055    i.prvInsertTimerInActiveList  timers.o
    0x08004718   0x08004718   0x0000001a   Code   RO         7203    i.prvIsQueueEmpty   queue.o
    0x08004732   0x08004732   0x0000001e   Code   RO         7204    i.prvIsQueueFull    queue.o
    0x08004750   0x08004750   0x000000a8   Code   RO         7205    i.prvNotifyQueueSetContainer  queue.o
    0x080047f8   0x080047f8   0x00000088   Code   RO         7056    i.prvProcessExpiredTimer  timers.o
    0x08004880   0x08004880   0x00000140   Code   RO         7057    i.prvProcessReceivedCommands  timers.o
    0x080049c0   0x080049c0   0x00000074   Code   RO         7058    i.prvProcessTimerOrBlockTask  timers.o
    0x08004a34   0x08004a34   0x00000030   Code   RO         6659    i.prvResetNextTaskUnblockTime  tasks.o
    0x08004a64   0x08004a64   0x0000002c   Code   RO         7059    i.prvSampleTimeNow  timers.o
    0x08004a90   0x08004a90   0x000000b8   Code   RO         7060    i.prvSwitchTimerLists  timers.o
    0x08004b48   0x08004b48   0x0000005c   Code   RO         6563    i.prvTaskExitError  port.o
    0x08004ba4   0x08004ba4   0x0000001a   Code   RO         7061    i.prvTimerTask      timers.o
    0x08004bbe   0x08004bbe   0x00000090   Code   RO         7206    i.prvUnlockQueue    queue.o
    0x08004c4e   0x08004c4e   0x00000002   PAD
    0x08004c50   0x08004c50   0x00000174   Code   RO         7454    i.pvPortMalloc      heap_4.o
    0x08004dc4   0x08004dc4   0x00000020   Code   RO         6664    i.pvTaskIncrementMutexHeldCount  tasks.o
    0x08004de4   0x08004de4   0x00000040   Code   RO         7062    i.pvTimerGetTimerID  timers.o
    0x08004e24   0x08004e24   0x0000002c   Code   RO         6564    i.pxPortInitialiseStack  port.o
    0x08004e50   0x08004e50   0x000000a8   Code   RO          695    i.readMeasureData   aht20.o
    0x08004ef8   0x08004ef8   0x00000084   Code   RO          696    i.readMulByteByI2c2  aht20.o
    0x08004f7c   0x08004f7c   0x00000028   Code   RO          697    i.readStateOfAht20  aht20.o
    0x08004fa4   0x08004fa4   0x0000004c   Code   RO          914    i.receiveAndRecognizeResponseMsgFromEsp32ByUsart2Semphr  esp_at.o
    0x08004ff0   0x08004ff0   0x00000028   Code   RO          779    i.resetSt7789       st7789.o
    0x08005018   0x08005018   0x0000000a   Code   RO          405    i.run_job           system_operation_scheduling.o
    0x08005022   0x08005022   0x000000ac   Code   RO          780    i.searchAsciiOrChineseModel  st7789.o
    0x080050ce   0x080050ce   0x00000002   PAD
    0x080050d0   0x080050d0   0x00000060   Code   RO          915    i.sendCommandAndReceiveRespondMsg  esp_at.o
    0x08005130   0x08005130   0x00000030   Code   RO          917    i.sendDataToEsp32ByUsart2UseDma  esp_at.o
    0x08005160   0x08005160   0x00000040   Code   RO          540    i.sendDataToWorkQueue  work_queue.o
    0x080051a0   0x080051a0   0x00000120   Code   RO          781    i.sendFontDataToSt7789  st7789.o
    0x080052c0   0x080052c0   0x00000020   Code   RO          782    i.setBackGroundLed  st7789.o
    0x080052e0   0x080052e0   0x0000005e   Code   RO          783    i.setRangeForSt7789  st7789.o
    0x0800533e   0x0800533e   0x00000052   Code   RO          578    i.setRtcTime        rtc.o
    0x08005390   0x08005390   0x00000024   Code   RO          918    i.setTimeZoneAndSntpServer  esp_at.o
    0x080053b4   0x080053b4   0x00000020   Code   RO          919    i.setWifiModeToStation  esp_at.o
    0x080053d4   0x080053d4   0x00000058   Code   RO          784    i.showImage         st7789.o
    0x0800542c   0x0800542c   0x00000178   Code   RO          309    i.showMainPage      show_page.o
    0x080055a4   0x080055a4   0x00000034   Code   RO          785    i.showOneAscii      st7789.o
    0x080055d8   0x080055d8   0x00000036   Code   RO          786    i.showOneChinese    st7789.o
    0x0800560e   0x0800560e   0x00000096   Code   RO          787    i.showString        st7789.o
    0x080056a4   0x080056a4   0x0000008c   Code   RO          310    i.showWaitWifiConnectPage  show_page.o
    0x08005730   0x08005730   0x00000094   Code   RO          311    i.showWelcomePage   show_page.o
    0x080057c4   0x080057c4   0x00000050   Code   RO          312    i.showWirelessErrorPage  show_page.o
    0x08005814   0x08005814   0x00000040   Code   RO          698    i.startMeasureOfAht20  aht20.o
    0x08005854   0x08005854   0x00000018   Code   RO            5    i.startSystem       main.o
    0x0800586c   0x0800586c   0x00000124   Code   RO          406    i.syncSntpTimeToRtcTime  system_operation_scheduling.o
    0x08005990   0x08005990   0x00000020   Code   RO          541    i.systemWorkTaskFunc  work_queue.o
    0x080059b0   0x080059b0   0x00000044   Code   RO          488    i.uiFillColorParamSendToQueue  ui.o
    0x080059f4   0x080059f4   0x00000030   Code   RO          489    i.uiShowImageParamSendToQueue  ui.o
    0x08005a24   0x08005a24   0x00000094   Code   RO          490    i.uiShowStringParamSendToQueue  ui.o
    0x08005ab8   0x08005ab8   0x000000a4   Code   RO          491    i.uiTaskFunc        ui.o
    0x08005b5c   0x08005b5c   0x000000bc   Code   RO          313    i.updataShowDate    show_page.o
    0x08005c18   0x08005c18   0x0000006c   Code   RO          314    i.updataShowInnerHumidity  show_page.o
    0x08005c84   0x08005c84   0x0000007c   Code   RO          315    i.updataShowInnerTemperature  show_page.o
    0x08005d00   0x08005d00   0x00000034   Code   RO          316    i.updataShowOutdoorCity  show_page.o
    0x08005d34   0x08005d34   0x0000007c   Code   RO          317    i.updataShowOutdoorTemperature  show_page.o
    0x08005db0   0x08005db0   0x000000b8   Code   RO          318    i.updataShowOutdoorWeatherIcon  show_page.o
    0x08005e68   0x08005e68   0x00000054   Code   RO          319    i.updataShowTime    show_page.o
    0x08005ebc   0x08005ebc   0x0000003c   Code   RO          320    i.updataShowWifiSsid  show_page.o
    0x08005ef8   0x08005ef8   0x000000e0   Code   RO          407    i.updateInnorTemperatureHumidityToScreen  system_operation_scheduling.o
    0x08005fd8   0x08005fd8   0x000000f0   Code   RO          408    i.updateOutdoorWeatherToScreen  system_operation_scheduling.o
    0x080060c8   0x080060c8   0x00000054   Code   RO          409    i.updateRtcTimeToScreen  system_operation_scheduling.o
    0x0800611c   0x0800611c   0x00000010   Code   RO          410    i.updateTimeTimerCallback  system_operation_scheduling.o
    0x0800612c   0x0800612c   0x00000140   Code   RO          411    i.updateWifiInfoToScreen  system_operation_scheduling.o
    0x0800626c   0x0800626c   0x00000028   Code   RO         6501    i.uxListRemove      list.o
    0x08006294   0x08006294   0x00000034   Code   RO            6    i.vApplicationMallocFailedHook  main.o
    0x080062c8   0x080062c8   0x00000040   Code   RO            7    i.vApplicationStackOverflowHook  main.o
    0x08006308   0x08006308   0x0000002c   Code   RO            8    i.vAssertCalled     main.o
    0x08006334   0x08006334   0x0000001a   Code   RO         6502    i.vListInitialise   list.o
    0x0800634e   0x0800634e   0x00000006   Code   RO         6503    i.vListInitialiseItem  list.o
    0x08006354   0x08006354   0x00000034   Code   RO         6504    i.vListInsert       list.o
    0x08006388   0x08006388   0x00000018   Code   RO         6505    i.vListInsertEnd    list.o
    0x080063a0   0x080063a0   0x00000074   Code   RO         6566    i.vPortEnterCritical  port.o
    0x08006414   0x08006414   0x0000005c   Code   RO         6567    i.vPortExitCritical  port.o
    0x08006470   0x08006470   0x000000b4   Code   RO         7455    i.vPortFree         heap_4.o
    0x08006524   0x08006524   0x00000028   Code   RO         6568    i.vPortSetupTimerInterrupt  port.o
    0x0800654c   0x0800654c   0x00000088   Code   RO         6569    i.vPortValidateInterruptPriority  port.o
    0x080065d4   0x080065d4   0x0000002c   Code   RO         7210    i.vQueueAddToRegistry  queue.o
    0x08006600   0x08006600   0x0000004a   Code   RO         7213    i.vQueueWaitForMessageRestricted  queue.o
    0x0800664a   0x0800664a   0x00000002   PAD
    0x0800664c   0x0800664c   0x00000070   Code   RO         6673    i.vTaskDelay        tasks.o
    0x080066bc   0x080066bc   0x00000110   Code   RO         6674    i.vTaskDelete       tasks.o
    0x080067cc   0x080067cc   0x00000018   Code   RO         6677    i.vTaskInternalSetTimeOutState  tasks.o
    0x080067e4   0x080067e4   0x0000000c   Code   RO         6678    i.vTaskMissedYield  tasks.o
    0x080067f0   0x080067f0   0x0000004c   Code   RO         6679    i.vTaskPlaceOnEventList  tasks.o
    0x0800683c   0x0800683c   0x00000054   Code   RO         6680    i.vTaskPlaceOnEventListRestricted  tasks.o
    0x08006890   0x08006890   0x000000ec   Code   RO         6682    i.vTaskPriorityDisinheritAfterTimeout  tasks.o
    0x0800697c   0x0800697c   0x000000b0   Code   RO         6688    i.vTaskStartScheduler  tasks.o
    0x08006a2c   0x08006a2c   0x00000010   Code   RO         6690    i.vTaskSuspendAll   tasks.o
    0x08006a3c   0x08006a3c   0x000000bc   Code   RO         6691    i.vTaskSwitchContext  tasks.o
    0x08006af8   0x08006af8   0x0000002c   Code   RO          920    i.waitEsp32Restart  esp_at.o
    0x08006b24   0x08006b24   0x00000016   Code   RO          921    i.waitReadyResponseMsg  esp_at.o
    0x08006b3a   0x08006b3a   0x00000002   PAD
    0x08006b3c   0x08006b3c   0x00000128   Code   RO          241    i.waitWifiConnect   board.o
    0x08006c64   0x08006c64   0x00000088   Code   RO          922    i.weekdayStrToNum   esp_at.o
    0x08006cec   0x08006cec   0x000000b8   Code   RO          788    i.writeDataToSt7789  st7789.o
    0x08006da4   0x08006da4   0x000000bc   Code   RO          789    i.writeDataToSt7789UseDma  st7789.o
    0x08006e60   0x08006e60   0x0000007c   Code   RO          699    i.writeMulByteByI2c2  aht20.o
    0x08006edc   0x08006edc   0x0000017c   Code   RO         6570    i.xPortStartScheduler  port.o
    0x08007058   0x08007058   0x000000a0   Code   RO         7218    i.xQueueGenericCreate  queue.o
    0x080070f8   0x080070f8   0x000000ac   Code   RO         7219    i.xQueueGenericReset  queue.o
    0x080071a4   0x080071a4   0x000001c8   Code   RO         7220    i.xQueueGenericSend  queue.o
    0x0800736c   0x0800736c   0x00000128   Code   RO         7221    i.xQueueGenericSendFromISR  queue.o
    0x08007494   0x08007494   0x00000108   Code   RO         7222    i.xQueueGiveFromISR  queue.o
    0x0800759c   0x0800759c   0x00000164   Code   RO         7228    i.xQueueReceive     queue.o
    0x08007700   0x08007700   0x000001a8   Code   RO         7233    i.xQueueSemaphoreTake  queue.o
    0x080078a8   0x080078a8   0x00000098   Code   RO         6693    i.xTaskCheckForTimeOut  tasks.o
    0x08007940   0x08007940   0x00000060   Code   RO         6694    i.xTaskCreate       tasks.o
    0x080079a0   0x080079a0   0x00000020   Code   RO         6703    i.xTaskGetSchedulerState  tasks.o
    0x080079c0   0x080079c0   0x0000000c   Code   RO         6704    i.xTaskGetTickCount  tasks.o
    0x080079cc   0x080079cc   0x0000015c   Code   RO         6706    i.xTaskIncrementTick  tasks.o
    0x08007b28   0x08007b28   0x000000c4   Code   RO         6707    i.xTaskPriorityDisinherit  tasks.o
    0x08007bec   0x08007bec   0x000000b8   Code   RO         6708    i.xTaskPriorityInherit  tasks.o
    0x08007ca4   0x08007ca4   0x000000ac   Code   RO         6709    i.xTaskRemoveFromEventList  tasks.o
    0x08007d50   0x08007d50   0x00000118   Code   RO         6710    i.xTaskResumeAll    tasks.o
    0x08007e68   0x08007e68   0x00000036   Code   RO         7066    i.xTimerCreate      timers.o
    0x08007e9e   0x08007e9e   0x00000002   PAD
    0x08007ea0   0x08007ea0   0x00000068   Code   RO         7067    i.xTimerCreateTimerTask  timers.o
    0x08007f08   0x08007f08   0x00000098   Code   RO         7068    i.xTimerGenericCommand  timers.o
    0x08007fa0   0x08007fa0   0x00000007   Data   RO          321    .constdata          show_page.o
    0x08007fa7   0x08007fa7   0x00000001   PAD
    0x08007fa8   0x08007fa8   0x00000020   Data   RO          924    .constdata          esp_at.o
    0x08007fc8   0x08007fc8   0x00000600   Data   RO         1151    .constdata          font16_maple.o
    0x080085c8   0x080085c8   0x000014c8   Data   RO         1164    .constdata          font20_maple_bold.o
    0x08009a90   0x08009a90   0x00001738   Data   RO         1178    .constdata          font24_maple_bold.o
    0x0800b1c8   0x0800b1c8   0x00000478   Data   RO         1192    .constdata          font24_maple_semibold.o
    0x0800b640   0x0800b640   0x00001ca0   Data   RO         1206    .constdata          font32_maple_bold.o
    0x0800d2e0   0x0800d2e0   0x00000b08   Data   RO         1220    .constdata          font54_maple_bold.o
    0x0800dde8   0x0800dde8   0x00000b08   Data   RO         1234    .constdata          font54_maple_semibold.o
    0x0800e8f0   0x0800e8f0   0x00000d10   Data   RO         1248    .constdata          font64_maple_extrabold.o
    0x0800f600   0x0800f600   0x0000135c   Data   RO         1262    .constdata          font76_maple_extrabold.o
    0x0801095c   0x0801095c   0x0000fd28   Data   RO         1276    .constdata          img_meihua.o
    0x08020684   0x08020684   0x0000c808   Data   RO         1289    .constdata          img_error.o
    0x0802ce8c   0x0802ce8c   0x0000e6a8   Data   RO         1302    .constdata          img_wifi.o
    0x0803b534   0x0803b534   0x00000488   Data   RO         1315    .constdata          icon_wifi.o
    0x0803b9bc   0x0803b9bc   0x00000868   Data   RO         1328    .constdata          icon_wenduji.o
    0x0803c224   0x0803c224   0x000016d0   Data   RO         1341    .constdata          icon_qing.o
    0x0803d8f4   0x0803d8f4   0x000016d0   Data   RO         1354    .constdata          icon_duoyun.o
    0x0803efc4   0x0803efc4   0x000016d0   Data   RO         1367    .constdata          icon_leizhenyu.o
    0x08040694   0x08040694   0x000016d0   Data   RO         1380    .constdata          icon_na.o
    0x08041d64   0x08041d64   0x000016d0   Data   RO         1393    .constdata          icon_yintian.o
    0x08043434   0x08043434   0x000016d0   Data   RO         1406    .constdata          icon_yueliang.o
    0x08044b04   0x08044b04   0x000016d0   Data   RO         1419    .constdata          icon_zhongxue.o
    0x080461d4   0x080461d4   0x000016d0   Data   RO         1432    .constdata          icon_zhongyu.o
    0x080478a4   0x080478a4   0x00000040   Data   RO         7880    .constdata          mc_w.l(ctype_c.o)
    0x080478e4   0x080478e4   0x00000068   Data   RO          413    .conststring        system_operation_scheduling.o
    0x0804794c   0x0804794c   0x00000023   Data   RO          925    .conststring        esp_at.o
    0x0804796f   0x0804796f   0x00000001   PAD
    0x08047970   0x08047970   0x00000053   Data   RO         1165    .conststring        font20_maple_bold.o
    0x080479c3   0x080479c3   0x00000001   PAD
    0x080479c4   0x080479c4   0x00000013   Data   RO         1179    .conststring        font24_maple_bold.o
    0x080479d7   0x080479d7   0x00000001   PAD
    0x080479d8   0x080479d8   0x0000001f   Data   RO         1207    .conststring        font32_maple_bold.o
    0x080479f7   0x080479f7   0x00000001   PAD
    0x080479f8   0x080479f8   0x0000000e   Data   RO         1221    .conststring        font54_maple_bold.o
    0x08047a06   0x08047a06   0x00000002   PAD
    0x08047a08   0x08047a08   0x0000000e   Data   RO         1263    .conststring        font76_maple_extrabold.o
    0x08047a16   0x08047a16   0x00000002   PAD
    0x08047a18   0x08047a18   0x00000020   Data   RO         7884    Region$$Table       anon$$obj.o


    Execution Region RW_IRAM1 (Exec base: 0x20000000, Load base: 0x08047a38, Size: 0x0001a8e0, Max: 0x00020000, ABSOLUTE)

    Exec Addr    Load Addr    Size         Type   Attr      Idx    E Section Name        Object

    0x20000000   0x08047a38   0x00000024   Data   RW          414    .data               system_operation_scheduling.o
    0x20000024   0x08047a5c   0x00000004   Data   RW          492    .data               ui.o
    0x20000028   0x08047a60   0x00000004   Data   RW          542    .data               work_queue.o
    0x2000002c   0x08047a64   0x00000008   Data   RW          621    .data               usart1.o
    0x20000034   0x08047a6c   0x00000004   Data   RW          791    .data               st7789.o
    0x20000038   0x08047a70   0x00000010   Data   RW          926    .data               esp_at.o
    0x20000048   0x08047a80   0x00000010   Data   RW         1090    .data               delay_tim6.o
    0x20000058   0x08047a90   0x00000014   Data   RW         1458    .data               system_stm32f4xx.o
    0x2000006c   0x08047aa4   0x00000010   Data   RW         4350    .data               stm32f4xx_rcc.o
    0x2000007c   0x08047ab4   0x0000000c   Data   RW         6571    .data               port.o
    0x20000088   0x08047ac0   0x00000040   Data   RW         6713    .data               tasks.o
    0x200000c8   0x08047b00   0x00000014   Data   RW         7074    .data               timers.o
    0x200000dc   0x08047b14   0x00000020   Data   RW         7461    .data               heap_4.o
    0x200000fc   0x08047b34   0x00000004   Data   RW         7830    .data               mc_w.l(stdout.o)
    0x20000100   0x08047b38   0x00000004   Data   RW         7840    .data               mc_w.l(errno.o)
    0x20000104        -       0x00000118   Zero   RW          412    .bss                system_operation_scheduling.o
    0x2000021c        -       0x00002d20   Zero   RW          790    .bss                st7789.o
    0x20002f3c        -       0x00000400   Zero   RW          923    .bss                esp_at.o
    0x2000333c        -       0x0000012c   Zero   RW         6712    .bss                tasks.o
    0x20003468        -       0x00000028   Zero   RW         7073    .bss                timers.o
    0x20003490        -       0x00000050   Zero   RW         7235    .bss                queue.o
    0x200034e0        -       0x00017000   Zero   RW         7460    .bss                heap_4.o
    0x2001a4e0        -       0x00000400   Zero   RW         1445    STACK               startup_stm32f40_41xxx.o


==============================================================================

Image component sizes


      Code (inc. data)   RO Data    RW Data    ZI Data      Debug   Object Name

       902         68          0          0          0       8257   aht20.o
      1002        374          0          0          0       5159   board.o
        72         14          0         16          0       1787   delay_tim6.o
      2534        732         67         16       1024      18766   esp_at.o
         0          0       1536          0          0       1683   font16_maple.o
         0          0       5403          0          0       1731   font20_maple_bold.o
         0          0       5963          0          0       1731   font24_maple_bold.o
         0          0       1144          0          0       1779   font24_maple_semibold.o
         0          0       7359          0          0       1731   font32_maple_bold.o
         0          0       2838          0          0       1691   font54_maple_bold.o
         0          0       2824          0          0       1703   font54_maple_semibold.o
         0          0       3344          0          0       1715   font64_maple_extrabold.o
         0          0       4970          0          0       1715   font76_maple_extrabold.o
       780        154          0         32      94208       4503   heap_4.o
         0          0       5840          0          0       1564   icon_duoyun.o
         0          0       5840          0          0       1576   icon_leizhenyu.o
         0          0       5840          0          0       1548   icon_na.o
         0          0       5840          0          0       1556   icon_qing.o
         0          0       2152          0          0       1568   icon_wenduji.o
         0          0       1160          0          0       1556   icon_wifi.o
         0          0       5840          0          0       1568   icon_yintian.o
         0          0       5840          0          0       1572   icon_yueliang.o
         0          0       5840          0          0       1572   icon_zhongxue.o
         0          0       5840          0          0       1568   icon_zhongyu.o
         0          0      51208          0          0       1560   img_error.o
         0          0      64808          0          0       1560   img_meihua.o
         0          0      59048          0          0       1552   img_wifi.o
       148          0          0          0          0       6218   list.o
       248        124          0          0          0     356593   main.o
       140         24          0          0          0       1755   misc.o
      1142        296          0         12          0      11369   port.o
      2844        288          0          0         80      31564   queue.o
       178          0          0          0          0       2264   rtc.o
      1668        414          7          0          0       8579   show_page.o
      2286        168          0          4      11552      14874   st7789.o
        36          8        392          0       1024        900   startup_stm32f40_41xxx.o
       354         38          0          0          0       5459   stm32f4xx_dma.o
       254          0          0          0          0       4509   stm32f4xx_gpio.o
       448         14          0          0          0       7409   stm32f4xx_i2c.o
        12          6          0          0          0        598   stm32f4xx_pwr.o
       520         66          0         16          0       8275   stm32f4xx_rcc.o
       950         56          0          0          0      10026   stm32f4xx_rtc.o
       166          0          0          0          0       5207   stm32f4xx_spi.o
        40          0          0          0          0       2046   stm32f4xx_tim.o
       528          8          0          0          0       8711   stm32f4xx_usart.o
      1598        610        104         36        280      12589   system_operation_scheduling.o
       340         32          0         20          0       2153   system_stm32f4xx.o
      3542        840          0         64        300      36071   tasks.o
      1540        342          0         20         40      14878   timers.o
       516        116          0          4          0       7112   ui.o
       356         46          0          8          0       5095   usart1.o
       200         80          0          4          0       2615   work_queue.o

    ----------------------------------------------------------------------
     25380       4918     261088        252     108508     641140   Object Totals
         0          0         32          0          0          0   (incl. Generated)
        36          0          9          0          0          0   (incl. Padding)

    ----------------------------------------------------------------------

      Code (inc. data)   RO Data    RW Data    ZI Data      Debug   Library Member Name

        56         12          0          0          0        132   atof.o
        56          8          0          0          0         84   __0sscanf.o
        28          0          0          0          0         68   _chval.o
       812          4          0          0          0        112   _scanf.o
       332          0          0          0          0         96   _scanf_int.o
       224          0          0          0          0         96   _scanf_str.o
        64          0          0          0          0         84   _sgetc.o
        40          6         64          0          0         68   ctype_c.o
         0          0          0          0          0          0   entry.o
         0          0          0          0          0          0   entry10a.o
         0          0          0          0          0          0   entry11a.o
         8          4          0          0          0          0   entry2.o
         4          0          0          0          0          0   entry5.o
         0          0          0          0          0          0   entry7b.o
         0          0          0          0          0          0   entry8b.o
         8          4          0          0          0          0   entry9a.o
        24         12          0          4          0        136   errno.o
        30          0          0          0          0          0   handlers.o
        36          8          0          0          0         68   init.o
        10          0          0          0          0         68   isspace_c.o
         0          0          0          0          0          0   iusefp.o
        30          0          0          0          0         68   llshl.o
        36          0          0          0          0         68   llsshr.o
        32          0          0          0          0         68   llushr.o
        26          0          0          0          0         80   memcmp.o
        36          0          0          0          0         68   memcpya.o
        36          0          0          0          0        108   memseta.o
      2328         94          0          0          0        604   printfa.o
        40          8          0          0          0         84   scanf_char.o
       878         12          0          0          0        216   scanf_fp.o
         0          0          0          4          0          0   stdout.o
        28          0          0          0          0         76   strcmp.o
        18          0          0          0          0         68   strcpy.o
        14          0          0          0          0         68   strlen.o
        24          0          0          0          0         76   strncpy.o
        36          0          0          0          0         80   strstr.o
       156         12          0          0          0        120   strtod.o
        44          0          0          0          0         80   uidiv.o
        98          0          0          0          0         92   uldiv.o
        48          0          0          0          0         68   cdrcmple.o
        56          0          0          0          0         88   d2f.o
       334          0          0          0          0        148   dadd.o
       222          0          0          0          0        100   ddiv.o
       186          0          0          0          0        176   depilogue.o
        48          0          0          0          0         68   dfixul.o
        24          0          0          0          0         76   dfltul.o
       228          0          0          0          0         96   dmul.o
        38          0          0          0          0         68   f2d.o
       110          0          0          0          0        168   fepilogue.o

    ----------------------------------------------------------------------
      6900        188         64          8          0       4092   Library Totals
        14          4          0          0          0          0   (incl. Padding)

    ----------------------------------------------------------------------

      Code (inc. data)   RO Data    RW Data    ZI Data      Debug   Library Name

        56         12          0          0          0        132   m_wm.l
      5536        172         64          8          0       2904   mc_w.l
      1294          0          0          0          0       1056   mf_w.l

    ----------------------------------------------------------------------
      6900        188         64          8          0       4092   Library Totals

    ----------------------------------------------------------------------

==============================================================================


      Code (inc. data)   RO Data    RW Data    ZI Data      Debug   

     32280       5106     261152        260     108508     619104   Grand Totals
     32280       5106     261152        260     108508     619104   ELF Image Totals
     32280       5106     261152        260          0          0   ROM Totals

==============================================================================

    Total RO  Size (Code + RO Data)               293432 ( 286.55kB)
    Total RW  Size (RW Data + ZI Data)            108768 ( 106.22kB)
    Total ROM Size (Code + RO Data + RW Data)     293692 ( 286.81kB)

==============================================================================

