<html>
<body>
<pre>
<h1>礦ision Build Log</h1>
<h2>Tool Versions:</h2>
IDE-Version: μVision V5.24.2.0
Copyright (C) 2017 ARM Ltd and ARM Germany GmbH. All rights reserved.
License Information: wang 2727514, HP Inc., LIC=03C6R-KDLMJ-30RNC-705BS-N30TM-JYM90
 
Tool Versions:
Toolchain:       MDK-ARM Plus  Version: 5.24.1
Toolchain Path:  D:\Program Files (x86)\Keil_v5\ARM\ARMCC\Bin
C Compiler:      Armcc.exe V5.06 update 5 (build 528)
Assembler:       Armasm.exe V5.06 update 5 (build 528)
Linker/Locator:  ArmLink.exe V5.06 update 5 (build 528)
Library Manager: ArmAr.exe V5.06 update 5 (build 528)
Hex Converter:   FromElf.exe V5.06 update 5 (build 528)
CPU DLL:         SARMCM3.DLL V5.24.1
Dialog DLL:      DCM.DLL V1.16.0.0
Target DLL:      CMSIS_AGDI.dll V1.28.3.0
Dialog DLL:      TCM.DLL V1.32.0.0
 
<h2>Project:</h2>
E:\M. 尚硅谷_嵌入式资料\天气时钟2025\7、代码整理\9_3 天气时钟_FreeRTOS_DMA中断_UI引擎解耦\mdk\stm32f407.uvprojx
Project File Date:  01/08/2026

<h2>Output:</h2>
*** Using Compiler 'V5.06 update 5 (build 528)', folder: 'D:\Program Files (x86)\Keil_v5\ARM\ARMCC\Bin'
Build target 'stm32f407'
compiling font20_maple_bold.c...
compiling font16_maple.c...
compiling ui.c...
compiling font24_maple_bold.c...
compiling font24_maple_semibold.c...
compiling font32_maple_bold.c...
compiling font54_maple_bold.c...
compiling font54_maple_semibold.c...
compiling font64_maple_extrabold.c...
compiling font76_maple_extrabold.c...
compiling img_meihua.c...
compiling img_error.c...
compiling img_wifi.c...
compiling icon_wifi.c...
compiling icon_wenduji.c...
compiling icon_qing.c...
compiling rtc.c...
compiling icon_duoyun.c...
compiling icon_leizhenyu.c...
compiling show_page.c...
compiling usart1.c...
compiling main.c...
compiling aht20.c...
compiling board.c...
compiling st7789.c...
compiling icon_yintian.c...
compiling icon_na.c...
compiling system_operation_scheduling.c...
compiling esp_at.c...
compiling icon_yueliang.c...
compiling icon_zhongxue.c...
compiling icon_zhongyu.c...
compiling stm32f4xx_cryp_tdes.c...
compiling stm32f4xx_cec.c...
compiling stm32f4xx_adc.c...
compiling stm32f4xx_crc.c...
compiling misc.c...
compiling system_stm32f4xx.c...
compiling stm32f4xx_dbgmcu.c...
compiling stm32f4xx_cryp_des.c...
compiling stm32f4xx_can.c...
compiling stm32f4xx_cryp_aes.c...
compiling stm32f4xx_cryp.c...
compiling stm32f4xx_dac.c...
compiling stm32f4xx_dcmi.c...
compiling stm32f4xx_exti.c...
compiling stm32f4xx_flash_ramfunc.c...
compiling stm32f4xx_dfsdm.c...
compiling stm32f4xx_dsi.c...
compiling stm32f4xx_fsmc.c...
compiling stm32f4xx_gpio.c...
compiling stm32f4xx_dma.c...
compiling stm32f4xx_fmpi2c.c...
compiling stm32f4xx_hash.c...
compiling stm32f4xx_dma2d.c...
compiling stm32f4xx_flash.c...
compiling stm32f4xx_lptim.c...
compiling stm32f4xx_rng.c...
compiling stm32f4xx_iwdg.c...
compiling stm32f4xx_hash_sha1.c...
compiling stm32f4xx_hash_md5.c...
compiling stm32f4xx_sai.c...
compiling stm32f4xx_pwr.c...
compiling stm32f4xx_qspi.c...
compiling stm32f4xx_i2c.c...
compiling stm32f4xx_rtc.c...
compiling stm32f4xx_ltdc.c...
compiling stm32f4xx_rcc.c...
compiling stm32f4xx_syscfg.c...
compiling stm32f4xx_wwdg.c...
compiling stm32f4xx_sdio.c...
compiling stm32f4xx_spi.c...
compiling stm32f4xx_spdifrx.c...
compiling stm32f4xx_tim.c...
compiling stm32f4xx_usart.c...
compiling port.c...
compiling list.c...
compiling queue.c...
compiling timers.c...
compiling tasks.c...
compiling heap_4.c...
linking...
Program Size: Code=31988 RO-data=261152 RW-data=240 ZI-data=108512  
".\Objects\stm32f407.axf" - 0 Error(s), 0 Warning(s).

<h2>Software Packages used:</h2>

Package Vendor: Keil
                http://www.keil.com/pack/Keil.STM32F4xx_DFP.2.11.0.pack
                Keil.STM32F4xx_DFP.2.11.0
                STMicroelectronics STM32F4 Series Device Support, Drivers and Examples

<h2>Collection of Component include folders:</h2>
  .\RTE\_stm32f407
  D:\Program Files (x86)\Keil_v5\ARM\PACK\Keil\STM32F4xx_DFP\2.11.0\Drivers\CMSIS\Device\ST\STM32F4xx\Include

<h2>Collection of Component Files used:</h2>
Build Time Elapsed:  00:00:18
</pre>
</body>
</html>
