Component: ARM Compiler 5.06 update 5 (build 528) Tool: armlink [4d35e2]

==============================================================================

Section Cross References

    main.o(i.main) refers to board.o(i.initBoardOnLowLevel) for initBoardOnLowLevel
    main.o(i.main) refers to board.o(i.initExternalDevices) for initExternalDevices
    main.o(i.main) refers to show_page.o(i.showMainPage) for showMainPage
    main.o(i.main) refers to system_operation_scheduling.o(i.forSystickRegisterCallback) for forSystickRegisterCallback
    main.o(i.main) refers to system_operation_scheduling.o(i.systemSchedulingLogic) for systemSchedulingLogic
    board.o(i.initBoardOnLowLevel) refers to board.o(i.initPeripheralRccClock) for initPeripheralRccClock
    board.o(i.initBoardOnLowLevel) refers to board.o(i.initPeripheralNvic) for initPeripheralNvic
    board.o(i.initExternalDevices) refers to systick_delay.o(i.delayOneMsUseInterruptModeInit) for delayOneMsUseInterruptModeInit
    board.o(i.initExternalDevices) refers to usart1.o(i.initUsart1) for initUsart1
    board.o(i.initExternalDevices) refers to rtc.o(i.initRtc) for initRtc
    board.o(i.initExternalDevices) refers to aht20.o(i.initAht20) for initAht20
    board.o(i.initExternalDevices) refers to st7789.o(i.initSt7798) for initSt7798
    board.o(i.initExternalDevices) refers to show_page.o(i.showWelcomePage) for showWelcomePage
    board.o(i.initExternalDevices) refers to board.o(i.initWirelessUseEsp32) for initWirelessUseEsp32
    board.o(i.initExternalDevices) refers to show_page.o(i.showWaitWifiConnectPage) for showWaitWifiConnectPage
    board.o(i.initExternalDevices) refers to board.o(i.waitWifiConnect) for waitWifiConnect
    board.o(i.initExternalDevices) refers to printfa.o(i.__0printf) for __2printf
    board.o(i.initPeripheralNvic) refers to misc.o(i.NVIC_PriorityGroupConfig) for NVIC_PriorityGroupConfig
    board.o(i.initPeripheralNvic) refers to misc.o(i.NVIC_Init) for NVIC_Init
    board.o(i.initPeripheralRccClock) refers to stm32f4xx_rcc.o(i.RCC_AHB1PeriphClockCmd) for RCC_AHB1PeriphClockCmd
    board.o(i.initPeripheralRccClock) refers to stm32f4xx_rcc.o(i.RCC_APB2PeriphClockCmd) for RCC_APB2PeriphClockCmd
    board.o(i.initPeripheralRccClock) refers to stm32f4xx_rcc.o(i.RCC_APB1PeriphClockCmd) for RCC_APB1PeriphClockCmd
    board.o(i.initPeripheralRccClock) refers to stm32f4xx_pwr.o(i.PWR_BackupAccessCmd) for PWR_BackupAccessCmd
    board.o(i.initPeripheralRccClock) refers to stm32f4xx_rcc.o(i.RCC_BackupResetCmd) for RCC_BackupResetCmd
    board.o(i.initPeripheralRccClock) refers to stm32f4xx_rcc.o(i.RCC_LSEConfig) for RCC_LSEConfig
    board.o(i.initPeripheralRccClock) refers to stm32f4xx_rcc.o(i.RCC_GetFlagStatus) for RCC_GetFlagStatus
    board.o(i.initPeripheralRccClock) refers to stm32f4xx_rcc.o(i.RCC_RTCCLKConfig) for RCC_RTCCLKConfig
    board.o(i.initPeripheralRccClock) refers to stm32f4xx_rcc.o(i.RCC_RTCCLKCmd) for RCC_RTCCLKCmd
    board.o(i.initPeripheralRccClock) refers to stm32f4xx_rtc.o(i.RTC_WaitForSynchro) for RTC_WaitForSynchro
    board.o(i.initWirelessUseEsp32) refers to esp_at.o(i.initEsp32) for initEsp32
    board.o(i.initWirelessUseEsp32) refers to printfa.o(i.__0printf) for __2printf
    board.o(i.initWirelessUseEsp32) refers to esp_at.o(i.setWifiModeToStation) for setWifiModeToStation
    board.o(i.initWirelessUseEsp32) refers to esp_at.o(i.setTimeZoneAndSntpServer) for setTimeZoneAndSntpServer
    board.o(i.initWirelessUseEsp32) refers to show_page.o(i.showWirelessErrorPage) for showWirelessErrorPage
    board.o(i.initWirelessUseEsp32) refers to systick_delay.o(i.delayMsUseSystick) for delayMsUseSystick
    board.o(i.waitWifiConnect) refers to esp_at.o(i.connectWifiUseEsp32) for connectWifiUseEsp32
    board.o(i.waitWifiConnect) refers to printfa.o(i.__0printf) for __2printf
    board.o(i.waitWifiConnect) refers to systick_delay.o(i.delayMsUseSystick) for delayMsUseSystick
    board.o(i.waitWifiConnect) refers to memseta.o(.text) for __aeabi_memclr4
    board.o(i.waitWifiConnect) refers to esp_at.o(i.getWifiInfo) for getWifiInfo
    board.o(i.waitWifiConnect) refers to show_page.o(i.showWirelessErrorPage) for showWirelessErrorPage
    show_page.o(i.showMainPage) refers to st7789.o(i.fillColorForSt7789) for fillColorForSt7789
    show_page.o(i.showMainPage) refers to st7789.o(i.showImage) for showImage
    show_page.o(i.showMainPage) refers to show_page.o(i.updataShowWifiSsid) for updataShowWifiSsid
    show_page.o(i.showMainPage) refers to st7789.o(i.showString) for showString
    show_page.o(i.showMainPage) refers to show_page.o(i.updataShowInnerTemperature) for updataShowInnerTemperature
    show_page.o(i.showMainPage) refers to show_page.o(i.updataShowInnerHumidity) for updataShowInnerHumidity
    show_page.o(i.showMainPage) refers to show_page.o(i.updataShowOutdoorCity) for updataShowOutdoorCity
[...]
    <Data17>                                 0x08005b44   Data          60  font20_maple_bold.o(.constdata)
    <Data18>                                 0x08005b80   Data          60  font20_maple_bold.o(.constdata)
    <Data19>                                 0x08005bbc   Data          60  font20_maple_bold.o(.constdata)
    <Data20>                                 0x08005bf8   Data          60  font20_maple_bold.o(.constdata)
    <Data21>                                 0x08005c34   Data          60  font20_maple_bold.o(.constdata)
    <Data22>                                 0x08005c70   Data          60  font20_maple_bold.o(.constdata)
    ascii_model                              0x08005cac   Data        3800  font20_maple_bold.o(.constdata)
    chinese_model                            0x08006b84   Data         184  font20_maple_bold.o(.constdata)
    .constdata                               0x08006c4c   Section     5944  font24_maple_bold.o(.constdata)
    <Data1>                                  0x08006c4c   Data          72  font24_maple_bold.o(.constdata)
    <Data2>                                  0x08006c94   Data          72  font24_maple_bold.o(.constdata)
    <Data3>                                  0x08006cdc   Data          72  font24_maple_bold.o(.constdata)
    <Data4>                                  0x08006d24   Data          72  font24_maple_bold.o(.constdata)
    <Data5>                                  0x08006d6c   Data          72  font24_maple_bold.o(.constdata)
    <Data6>                                  0x08006db4   Data          72  font24_maple_bold.o(.constdata)
    <Data7>                                  0x08006dfc   Data          72  font24_maple_bold.o(.constdata)
    <Data8>                                  0x08006e44   Data          72  font24_maple_bold.o(.constdata)
    <Data9>                                  0x08006e8c   Data          72  font24_maple_bold.o(.constdata)
    <Data10>                                 0x08006ed4   Data          72  font24_maple_bold.o(.constdata)
    <Data11>                                 0x08006f1c   Data          72  font24_maple_bold.o(.constdata)
    <Data12>                                 0x08006f64   Data          72  font24_maple_bold.o(.constdata)
    <Data13>                                 0x08006fac   Data          72  font24_maple_bold.o(.constdata)
    <Data14>                                 0x08006ff4   Data          72  font24_maple_bold.o(.constdata)
    <Data15>                                 0x0800703c   Data          72  font24_maple_bold.o(.constdata)
    <Data16>                                 0x08007084   Data          72  font24_maple_bold.o(.constdata)
    <Data17>                                 0x080070cc   Data          72  font24_maple_bold.o(.constdata)
    ascii_model                              0x08007114   Data        4560  font24_maple_bold.o(.constdata)
    chinese_model                            0x080082e4   Data         144  font24_maple_bold.o(.constdata)
    .constdata                               0x08008384   Section     1144  font24_maple_semibold.o(.constdata)
    <Data1>                                  0x08008384   Data          72  font24_maple_semibold.o(.constdata)
    <Data2>                                  0x080083cc   Data          72  font24_maple_semibold.o(.constdata)
    <Data3>                                  0x08008414   Data          72  font24_maple_semibold.o(.constdata)
    <Data4>                                  0x0800845c   Data          72  font24_maple_semibold.o(.constdata)
    <Data5>                                  0x080084a4   Data          72  font24_maple_semibold.o(.constdata)
    <Data6>                                  0x080084ec   Data          72  font24_maple_semibold.o(.constdata)
    <Data7>                                  0x08008534   Data          72  font24_maple_semibold.o(.constdata)
    <Data8>                                  0x0800857c   Data          72  font24_maple_semibold.o(.constdata)
    <Data9>                                  0x080085c4   Data          72  font24_maple_semibold.o(.constdata)
    <Data10>                                 0x0800860c   Data          72  font24_maple_semibold.o(.constdata)
    <Data11>                                 0x08008654   Data          72  font24_maple_semibold.o(.constdata)
    <Data12>                                 0x0800869c   Data          72  font24_maple_semibold.o(.constdata)
    <Data13>                                 0x080086e4   Data          72  font24_maple_semibold.o(.constdata)
    <Data14>                                 0x0800872c   Data          72  font24_maple_semibold.o(.constdata)
    chinese_model                            0x08008774   Data         120  font24_maple_semibold.o(.constdata)
    .constdata                               0x080087fc   Section     7328  font32_maple_bold.o(.constdata)
    <Data1>                                  0x080087fc   Data         128  font32_maple_bold.o(.constdata)
    <Data2>                                  0x0800887c   Data         128  font32_maple_bold.o(.constdata)
    <Data3>                                  0x080088fc   Data         128  font32_maple_bold.o(.constdata)
    <Data4>                                  0x0800897c   Data         128  font32_maple_bold.o(.constdata)
    <Data5>                                  0x080089fc   Data         128  font32_maple_bold.o(.constdata)
    <Data6>                                  0x08008a7c   Data         128  font32_maple_bold.o(.constdata)
    <Data7>                                  0x08008afc   Data         128  font32_maple_bold.o(.constdata)
    <Data8>                                  0x08008b7c   Data         128  font32_maple_bold.o(.constdata)
    <Data9>                                  0x08008bfc   Data         128  font32_maple_bold.o(.constdata)
    ascii_model                              0x08008c7c   Data        6080  font32_maple_bold.o(.constdata)
    chinese_model                            0x0800a43c   Data          80  font32_maple_bold.o(.constdata)
    .constdata                               0x0800a49c   Section     2824  font54_maple_bold.o(.constdata)
    ascii_model                              0x0800a49c   Data        2808  font54_maple_bold.o(.constdata)
    .constdata                               0x0800afa4   Section     2824  font54_maple_semibold.o(.constdata)
    ascii_model                              0x0800afa4   Data        2808  font54_maple_semibold.o(.constdata)
    .constdata                               0x0800baac   Section     3344  font64_maple_extrabold.o(.constdata)
    ascii_model                              0x0800baac   Data        3328  font64_maple_extrabold.o(.constdata)
    .constdata                               0x0800c7bc   Section     4956  font76_maple_extrabold.o(.constdata)
    ascii_model                              0x0800c7bc   Data        4940  font76_maple_extrabold.o(.constdata)
    .constdata                               0x0800db18   Section    64808  img_meihua.o(.constdata)
    gImage_img_meihua                        0x0800db18   Data       64800  img_meihua.o(.constdata)
    .constdata                               0x0801d840   Section    51208  img_error.o(.constdata)
    gImage_img_error                         0x0801d840   Data       51200  img_error.o(.constdata)
    .constdata                               0x0802a048   Section    59048  img_wifi.o(.constdata)
    gImage_img_wifi                          0x0802a048   Data       59040  img_wifi.o(.constdata)
    .constdata                               0x080386f0   Section     1160  icon_wifi.o(.constdata)
    gImage_icon_wifi                         0x080386f0   Data        1152  icon_wifi.o(.constdata)
    .constdata                               0x08038b78   Section     2152  icon_wenduji.o(.constdata)
    gImage_icon_wenduji                      0x08038b78   Data        2142  icon_wenduji.o(.constdata)
    .constdata                               0x080393e0   Section     5840  icon_qing.o(.constdata)
    gImage_icon_qing                         0x080393e0   Data        5832  icon_qing.o(.constdata)
    .constdata                               0x0803aab0   Section     5840  icon_duoyun.o(.constdata)
    gImage_icon_duoyun                       0x0803aab0   Data        5832  icon_duoyun.o(.constdata)
    .constdata                               0x0803c180   Section     5840  icon_leizhenyu.o(.constdata)
    gImage_icon_leizhenyu                    0x0803c180   Data        5832  icon_leizhenyu.o(.constdata)
    .constdata                               0x0803d850   Section     5840  icon_na.o(.constdata)
    gImage_icon_na                           0x0803d850   Data        5832  icon_na.o(.constdata)
    .constdata                               0x0803ef20   Section     5840  icon_yintian.o(.constdata)
    gImage_icon_yintian                      0x0803ef20   Data        5832  icon_yintian.o(.constdata)
    .constdata                               0x080405f0   Section     5840  icon_yueliang.o(.constdata)
    gImage_icon_yueliang                     0x080405f0   Data        5832  icon_yueliang.o(.constdata)
    .constdata                               0x08041cc0   Section     5840  icon_zhongxue.o(.constdata)
    gImage_icon_zhongxue                     0x08041cc0   Data        5832  icon_zhongxue.o(.constdata)
    .constdata                               0x08043390   Section     5840  icon_zhongyu.o(.constdata)
    gImage_icon_zhongyu                      0x08043390   Data        5832  icon_zhongyu.o(.constdata)
    .constdata                               0x08044a60   Section       64  ctype_c.o(.constdata)
    .conststring                             0x08044aa0   Section      104  system_operation_scheduling.o(.conststring)
    .conststring                             0x08044b08   Section       35  esp_at.o(.conststring)
    .conststring                             0x08044b2c   Section       83  font20_maple_bold.o(.conststring)
    .conststring                             0x08044b80   Section       19  font24_maple_bold.o(.conststring)
    .conststring                             0x08044b94   Section       31  font32_maple_bold.o(.conststring)
    .conststring                             0x08044bb4   Section       14  font54_maple_bold.o(.conststring)
    .conststring                             0x08044bc4   Section       14  font76_maple_extrabold.o(.conststring)
    .data                                    0x20000000   Section       36  system_operation_scheduling.o(.data)
    time_sync_delay                          0x20000000   Data           4  system_operation_scheduling.o(.data)
    wifi_update_delay                        0x20000004   Data           4  system_operation_scheduling.o(.data)
    time_update_delay                        0x20000008   Data           4  system_operation_scheduling.o(.data)
    inner_update_delay                       0x2000000c   Data           4  system_operation_scheduling.o(.data)
    outdoor_update_delay                     0x20000010   Data           4  system_operation_scheduling.o(.data)
    last_rtc_time                            0x20000014   Data           8  system_operation_scheduling.o(.data)
    last_temperature                         0x2000001c   Data           4  system_operation_scheduling.o(.data)
    last_humidity                            0x20000020   Data           4  system_operation_scheduling.o(.data)
    .data                                    0x20000028   Section       12  systick_delay.o(.data)
    tick_count                               0x20000028   Data           8  systick_delay.o(.data)
    systick_periodic_callback                0x20000030   Data           4  systick_delay.o(.data)
    .data                                    0x20000034   Section        4  usart1.o(.data)
    received_func                            0x20000034   Data           4  usart1.o(.data)
    .data                                    0x20000038   Section       20  system_stm32f4xx.o(.data)
    .data                                    0x2000004c   Section       16  stm32f4xx_rcc.o(.data)
    APBAHBPrescTable                         0x2000004c   Data          16  stm32f4xx_rcc.o(.data)
    .data                                    0x2000005c   Section        4  stdout.o(.data)
    .data                                    0x20000060   Section        4  errno.o(.data)
    _errno                                   0x20000060   Data           4  errno.o(.data)
    .bss                                     0x20000064   Section      280  system_operation_scheduling.o(.bss)
    last_wifi_info                           0x20000064   Data          96  system_operation_scheduling.o(.bss)
    last_weather_info                        0x200000c4   Data         184  system_operation_scheduling.o(.bss)
    .bss                                     0x2000017c   Section    11552  st7789.o(.bss)
    font_buff                                0x2000017c   Data       11552  st7789.o(.bss)
    .bss                                     0x20002e9c   Section     1024  esp_at.o(.bss)
    rx_buf                                   0x20002e9c   Data        1024  esp_at.o(.bss)
    STACK                                    0x200032a0   Section     1024  startup_stm32f40_41xxx.o(STACK)

    Global Symbols

    Symbol Name                              Value     Ov Type        Size  Object(Section)

    BuildAttributes$$THM_ISAv4$E$P$D$K$B$S$7EM$VFPi3$EXTD16$VFPS$VFMA$PE$A:L22UL41UL21$X:L11$S22US41US21$IEEE1$IW$USESV6$~STKCKD$USESV7$~SHL$OTIME$ROPI$IEEEJ$EBA8$MICROLIB$REQ8$PRES8$EABIv2 0x00000000   Number         0  anon$$obj.o ABSOLUTE
    __ARM_use_no_argv                        0x00000000   Number         0  main.o ABSOLUTE
    _printf_a                                0x00000000   Number         0  stubs.o ABSOLUTE
    _printf_c                                0x00000000   Number         0  stubs.o ABSOLUTE
    _printf_charcount                        0x00000000   Number         0  stubs.o ABSOLUTE
    _printf_d                                0x00000000   Number         0  stubs.o ABSOLUTE
    _printf_e                                0x00000000   Number         0  stubs.o ABSOLUTE
    _printf_f                                0x00000000   Number         0  stubs.o ABSOLUTE
    _printf_flags                            0x00000000   Number         0  stubs.o ABSOLUTE
    _printf_fp_dec                           0x00000000   Number         0  stubs.o ABSOLUTE
    _printf_fp_hex                           0x00000000   Number         0  stubs.o ABSOLUTE
    _printf_g                                0x00000000   Number         0  stubs.o ABSOLUTE
    _printf_i                                0x00000000   Number         0  stubs.o ABSOLUTE
    _printf_int_dec                          0x00000000   Number         0  stubs.o ABSOLUTE
    _printf_l                                0x00000000   Number         0  stubs.o ABSOLUTE
    _printf_lc                               0x00000000   Number         0  stubs.o ABSOLUTE
    _printf_ll                               0x00000000   Number         0  stubs.o ABSOLUTE
    _printf_lld                              0x00000000   Number         0  stubs.o ABSOLUTE
    _printf_lli                              0x00000000   Number         0  stubs.o ABSOLUTE
    _printf_llo                              0x00000000   Number         0  stubs.o ABSOLUTE
    _printf_llu                              0x00000000   Number         0  stubs.o ABSOLUTE
    _printf_llx                              0x00000000   Number         0  stubs.o ABSOLUTE
    _printf_longlong_dec                     0x00000000   Number         0  stubs.o ABSOLUTE
    _printf_longlong_hex                     0x00000000   Number         0  stubs.o ABSOLUTE
    _printf_longlong_oct                     0x00000000   Number         0  stubs.o ABSOLUTE
    _printf_ls                               0x00000000   Number         0  stubs.o ABSOLUTE
    _printf_mbtowc                           0x00000000   Number         0  stubs.o ABSOLUTE
    _printf_n                                0x00000000   Number         0  stubs.o ABSOLUTE
    _printf_o                                0x00000000   Number         0  stubs.o ABSOLUTE
    _printf_p                                0x00000000   Number         0  stubs.o ABSOLUTE
    _printf_percent                          0x00000000   Number         0  stubs.o ABSOLUTE
    _printf_pre_padding                      0x00000000   Number         0  stubs.o ABSOLUTE
    _printf_return_value                     0x00000000   Number         0  stubs.o ABSOLUTE
    _printf_s                                0x00000000   Number         0  stubs.o ABSOLUTE
    _printf_sizespec                         0x00000000   Number         0  stubs.o ABSOLUTE
    _printf_str                              0x00000000   Number         0  stubs.o ABSOLUTE
    _printf_truncate_signed                  0x00000000   Number         0  stubs.o ABSOLUTE
    _printf_truncate_unsigned                0x00000000   Number         0  stubs.o ABSOLUTE
    _printf_u                                0x00000000   Number         0  stubs.o ABSOLUTE
    _printf_wc                               0x00000000   Number         0  stubs.o ABSOLUTE
    _printf_wctomb                           0x00000000   Number         0  stubs.o ABSOLUTE
    _printf_widthprec                        0x00000000   Number         0  stubs.o ABSOLUTE
    _printf_x                                0x00000000   Number         0  stubs.o ABSOLUTE
    __cpp_initialize__aeabi_                  - Undefined Weak Reference
    __cxa_finalize                            - Undefined Weak Reference
    __decompress                              - Undefined Weak Reference
    _clock_init                               - Undefined Weak Reference
    _microlib_exit                            - Undefined Weak Reference
    _scanf_longlong                           - Undefined Weak Reference
    __Vectors_Size                           0x00000188   Number         0  startup_stm32f40_41xxx.o ABSOLUTE
    __Vectors                                0x08000000   Data           4  startup_stm32f40_41xxx.o(RESET)
    __Vectors_End                            0x08000188   Data           0  startup_stm32f40_41xxx.o(RESET)
    __main                                   0x08000189   Thumb Code     0  entry.o(.ARM.Collect$$$$00000000)
    _main_stk                                0x08000189   Thumb Code     0  entry2.o(.ARM.Collect$$$$00000001)
    _main_scatterload                        0x0800018d   Thumb Code     0  entry5.o(.ARM.Collect$$$$00000004)
    __main_after_scatterload                 0x08000191   Thumb Code     0  entry5.o(.ARM.Collect$$$$00000004)
    _main_clock                              0x08000191   Thumb Code     0  entry7b.o(.ARM.Collect$$$$00000008)
    _main_cpp_init                           0x08000191   Thumb Code     0  entry8b.o(.ARM.Collect$$$$0000000A)
    _main_init                               0x08000191   Thumb Code     0  entry9a.o(.ARM.Collect$$$$0000000B)
    __rt_final_cpp                           0x08000199   Thumb Code     0  entry10a.o(.ARM.Collect$$$$0000000D)
    __rt_final_exit                          0x08000199   Thumb Code     0  entry11a.o(.ARM.Collect$$$$0000000F)
    Reset_Handler                            0x0800019d   Thumb Code     8  startup_stm32f40_41xxx.o(.text)
    NMI_Handler                              0x080001a5   Thumb Code     2  startup_stm32f40_41xxx.o(.text)
    HardFault_Handler                        0x080001a7   Thumb Code     2  startup_stm32f40_41xxx.o(.text)
    MemManage_Handler                        0x080001a9   Thumb Code     2  startup_stm32f40_41xxx.o(.text)
    BusFault_Handler                         0x080001ab   Thumb Code     2  startup_stm32f40_41xxx.o(.text)
    UsageFault_Handler                       0x080001ad   Thumb Code     2  startup_stm32f40_41xxx.o(.text)
    SVC_Handler                              0x080001af   Thumb Code     2  startup_stm32f40_41xxx.o(.text)
    DebugMon_Handler                         0x080001b1   Thumb Code     2  startup_stm32f40_41xxx.o(.text)
    PendSV_Handler                           0x080001b3   Thumb Code     2  startup_stm32f40_41xxx.o(.text)
    ADC_IRQHandler                           0x080001b7   Thumb Code     0  startup_stm32f40_41xxx.o(.text)
    CAN1_RX0_IRQHandler                      0x080001b7   Thumb Code     0  startup_stm32f40_41xxx.o(.text)
    CAN1_RX1_IRQHandler                      0x080001b7   Thumb Code     0  startup_stm32f40_41xxx.o(.text)
    CAN1_SCE_IRQHandler                      0x080001b7   Thumb Code     0  startup_stm32f40_41xxx.o(.text)
    CAN1_TX_IRQHandler                       0x080001b7   Thumb Code     0  startup_stm32f40_41xxx.o(.text)
    CAN2_RX0_IRQHandler                      0x080001b7   Thumb Code     0  startup_stm32f40_41xxx.o(.text)
    CAN2_RX1_IRQHandler                      0x080001b7   Thumb Code     0  startup_stm32f40_41xxx.o(.text)
    CAN2_SCE_IRQHandler                      0x080001b7   Thumb Code     0  startup_stm32f40_41xxx.o(.text)
    CAN2_TX_IRQHandler                       0x080001b7   Thumb Code     0  startup_stm32f40_41xxx.o(.text)
    CRYP_IRQHandler                          0x080001b7   Thumb Code     0  startup_stm32f40_41xxx.o(.text)
    DCMI_IRQHandler                          0x080001b7   Thumb Code     0  startup_stm32f40_41xxx.o(.text)
    DMA1_Stream0_IRQHandler                  0x080001b7   Thumb Code     0  startup_stm32f40_41xxx.o(.text)
    DMA1_Stream1_IRQHandler                  0x080001b7   Thumb Code     0  startup_stm32f40_41xxx.o(.text)
    DMA1_Stream2_IRQHandler                  0x080001b7   Thumb Code     0  startup_stm32f40_41xxx.o(.text)
    DMA1_Stream3_IRQHandler                  0x080001b7   Thumb Code     0  startup_stm32f40_41xxx.o(.text)
    DMA1_Stream4_IRQHandler                  0x080001b7   Thumb Code     0  startup_stm32f40_41xxx.o(.text)
    DMA1_Stream5_IRQHandler                  0x080001b7   Thumb Code     0  startup_stm32f40_41xxx.o(.text)
    DMA1_Stream6_IRQHandler                  0x080001b7   Thumb Code     0  startup_stm32f40_41xxx.o(.text)
    DMA1_Stream7_IRQHandler                  0x080001b7   Thumb Code     0  startup_stm32f40_41xxx.o(.text)
    DMA2_Stream0_IRQHandler                  0x080001b7   Thumb Code     0  startup_stm32f40_41xxx.o(.text)
    DMA2_Stream1_IRQHandler                  0x080001b7   Thumb Code     0  startup_stm32f40_41xxx.o(.text)
    DMA2_Stream2_IRQHandler                  0x080001b7   Thumb Code     0  startup_stm32f40_41xxx.o(.text)
    DMA2_Stream3_IRQHandler                  0x080001b7   Thumb Code     0  startup_stm32f40_41xxx.o(.text)
    DMA2_Stream4_IRQHandler                  0x080001b7   Thumb Code     0  startup_stm32f40_41xxx.o(.text)
    DMA2_Stream5_IRQHandler                  0x080001b7   Thumb Code     0  startup_stm32f40_41xxx.o(.text)
    DMA2_Stream6_IRQHandler                  0x080001b7   Thumb Code     0  startup_stm32f40_41xxx.o(.text)
    DMA2_Stream7_IRQHandler                  0x080001b7   Thumb Code     0  startup_stm32f40_41xxx.o(.text)
    ETH_IRQHandler                           0x080001b7   Thumb Code     0  startup_stm32f40_41xxx.o(.text)
    ETH_WKUP_IRQHandler                      0x080001b7   Thumb Code     0  startup_stm32f40_41xxx.o(.text)
    EXTI0_IRQHandler                         0x080001b7   Thumb Code     0  startup_stm32f40_41xxx.o(.text)
    EXTI15_10_IRQHandler                     0x080001b7   Thumb Code     0  startup_stm32f40_41xxx.o(.text)
    EXTI1_IRQHandler                         0x080001b7   Thumb Code     0  startup_stm32f40_41xxx.o(.text)
    EXTI2_IRQHandler                         0x080001b7   Thumb Code     0  startup_stm32f40_41xxx.o(.text)
    EXTI3_IRQHandler                         0x080001b7   Thumb Code     0  startup_stm32f40_41xxx.o(.text)
    EXTI4_IRQHandler                         0x080001b7   Thumb Code     0  startup_stm32f40_41xxx.o(.text)
    EXTI9_5_IRQHandler                       0x080001b7   Thumb Code     0  startup_stm32f40_41xxx.o(.text)
    FLASH_IRQHandler                         0x080001b7   Thumb Code     0  startup_stm32f40_41xxx.o(.text)
    FPU_IRQHandler                           0x080001b7   Thumb Code     0  startup_stm32f40_41xxx.o(.text)
    FSMC_IRQHandler                          0x080001b7   Thumb Code     0  startup_stm32f40_41xxx.o(.text)
    HASH_RNG_IRQHandler                      0x080001b7   Thumb Code     0  startup_stm32f40_41xxx.o(.text)
    I2C1_ER_IRQHandler                       0x080001b7   Thumb Code     0  startup_stm32f40_41xxx.o(.text)
    I2C1_EV_IRQHandler                       0x080001b7   Thumb Code     0  startup_stm32f40_41xxx.o(.text)
    I2C2_ER_IRQHandler                       0x080001b7   Thumb Code     0  startup_stm32f40_41xxx.o(.text)
    I2C2_EV_IRQHandler                       0x080001b7   Thumb Code     0  startup_stm32f40_41xxx.o(.text)
    I2C3_ER_IRQHandler                       0x080001b7   Thumb Code     0  startup_stm32f40_41xxx.o(.text)
    I2C3_EV_IRQHandler                       0x080001b7   Thumb Code     0  startup_stm32f40_41xxx.o(.text)
    OTG_FS_IRQHandler                        0x080001b7   Thumb Code     0  startup_stm32f40_41xxx.o(.text)
    OTG_FS_WKUP_IRQHandler                   0x080001b7   Thumb Code     0  startup_stm32f40_41xxx.o(.text)
    OTG_HS_EP1_IN_IRQHandler                 0x080001b7   Thumb Code     0  startup_stm32f40_41xxx.o(.text)
    OTG_HS_EP1_OUT_IRQHandler                0x080001b7   Thumb Code     0  startup_stm32f40_41xxx.o(.text)
    OTG_HS_IRQHandler                        0x080001b7   Thumb Code     0  startup_stm32f40_41xxx.o(.text)
    OTG_HS_WKUP_IRQHandler                   0x080001b7   Thumb Code     0  startup_stm32f40_41xxx.o(.text)
    PVD_IRQHandler                           0x080001b7   Thumb Code     0  startup_stm32f40_41xxx.o(.text)
    RCC_IRQHandler                           0x080001b7   Thumb Code     0  startup_stm32f40_41xxx.o(.text)
    RTC_Alarm_IRQHandler                     0x080001b7   Thumb Code     0  startup_stm32f40_41xxx.o(.text)
    RTC_WKUP_IRQHandler                      0x080001b7   Thumb Code     0  startup_stm32f40_41xxx.o(.text)
    SDIO_IRQHandler                          0x080001b7   Thumb Code     0  startup_stm32f40_41xxx.o(.text)
    SPI1_IRQHandler                          0x080001b7   Thumb Code     0  startup_stm32f40_41xxx.o(.text)
    SPI2_IRQHandler                          0x080001b7   Thumb Code     0  startup_stm32f40_41xxx.o(.text)
    SPI3_IRQHandler                          0x080001b7   Thumb Code     0  startup_stm32f40_41xxx.o(.text)
    TAMP_STAMP_IRQHandler                    0x080001b7   Thumb Code     0  startup_stm32f40_41xxx.o(.text)
    TIM1_BRK_TIM9_IRQHandler                 0x080001b7   Thumb Code     0  startup_stm32f40_41xxx.o(.text)
    TIM1_CC_IRQHandler                       0x080001b7   Thumb Code     0  startup_stm32f40_41xxx.o(.text)
    TIM1_TRG_COM_TIM11_IRQHandler            0x080001b7   Thumb Code     0  startup_stm32f40_41xxx.o(.text)
    TIM1_UP_TIM10_IRQHandler                 0x080001b7   Thumb Code     0  startup_stm32f40_41xxx.o(.text)
    TIM2_IRQHandler                          0x080001b7   Thumb Code     0  startup_stm32f40_41xxx.o(.text)
    TIM3_IRQHandler                          0x080001b7   Thumb Code     0  startup_stm32f40_41xxx.o(.text)
    TIM4_IRQHandler                          0x080001b7   Thumb Code     0  startup_stm32f40_41xxx.o(.text)
    TIM5_IRQHandler                          0x080001b7   Thumb Code     0  startup_stm32f40_41xxx.o(.text)
    TIM6_DAC_IRQHandler                      0x080001b7   Thumb Code     0  startup_stm32f40_41xxx.o(.text)
    TIM7_IRQHandler                          0x080001b7   Thumb Code     0  startup_stm32f40_41xxx.o(.text)
    TIM8_BRK_TIM12_IRQHandler                0x080001b7   Thumb Code     0  startup_stm32f40_41xxx.o(.text)
    TIM8_CC_IRQHandler                       0x080001b7   Thumb Code     0  startup_stm32f40_41xxx.o(.text)
    TIM8_TRG_COM_TIM14_IRQHandler            0x080001b7   Thumb Code     0  startup_stm32f40_41xxx.o(.text)
    TIM8_UP_TIM13_IRQHandler                 0x080001b7   Thumb Code     0  startup_stm32f40_41xxx.o(.text)
    UART4_IRQHandler                         0x080001b7   Thumb Code     0  startup_stm32f40_41xxx.o(.text)
    UART5_IRQHandler                         0x080001b7   Thumb Code     0  startup_stm32f40_41xxx.o(.text)
    USART2_IRQHandler                        0x080001b7   Thumb Code     0  startup_stm32f40_41xxx.o(.text)
    USART3_IRQHandler                        0x080001b7   Thumb Code     0  startup_stm32f40_41xxx.o(.text)
    USART6_IRQHandler                        0x080001b7   Thumb Code     0  startup_stm32f40_41xxx.o(.text)
    WWDG_IRQHandler                          0x080001b7   Thumb Code     0  startup_stm32f40_41xxx.o(.text)
    __aeabi_uldivmod                         0x080001c1   Thumb Code    98  uldiv.o(.text)
    __aeabi_memcpy                           0x08000223   Thumb Code    36  memcpya.o(.text)
    __aeabi_memcpy4                          0x08000223   Thumb Code     0  memcpya.o(.text)
    __aeabi_memcpy8                          0x08000223   Thumb Code     0  memcpya.o(.text)
    __aeabi_memset                           0x08000247   Thumb Code    14  memseta.o(.text)
    __aeabi_memset4                          0x08000247   Thumb Code     0  memseta.o(.text)
    __aeabi_memset8                          0x08000247   Thumb Code     0  memseta.o(.text)
    __aeabi_memclr                           0x08000255   Thumb Code     4  memseta.o(.text)
    __aeabi_memclr4                          0x08000255   Thumb Code     0  memseta.o(.text)
    __aeabi_memclr8                          0x08000255   Thumb Code     0  memseta.o(.text)
    _memset$wrapper                          0x08000259   Thumb Code    18  memseta.o(.text)
    strstr                                   0x0800026b   Thumb Code    36  strstr.o(.text)
    strncpy                                  0x0800028f   Thumb Code    24  strncpy.o(.text)
    strlen                                   0x080002a7   Thumb Code    14  strlen.o(.text)
    strcmp                                   0x080002b5   Thumb Code    28  strcmp.o(.text)
    memcmp                                   0x080002d1   Thumb Code    26  memcmp.o(.text)
    __0sscanf                                0x080002ed   Thumb Code    48  __0sscanf.o(.text)
    _scanf_int                               0x08000325   Thumb Code   332  _scanf_int.o(.text)
    _scanf_string                            0x08000471   Thumb Code   224  _scanf_str.o(.text)
    __aeabi_f2d                              0x08000551   Thumb Code    38  f2d.o(.text)
    __aeabi_d2f                              0x08000577   Thumb Code    56  d2f.o(.text)
    __aeabi_uidiv                            0x080005af   Thumb Code     0  uidiv.o(.text)
    __aeabi_uidivmod                         0x080005af   Thumb Code    44  uidiv.o(.text)
    __aeabi_llsl                             0x080005db   Thumb Code    30  llshl.o(.text)
    _ll_shift_l                              0x080005db   Thumb Code     0  llshl.o(.text)
    __aeabi_llsr                             0x080005f9   Thumb Code    32  llushr.o(.text)
    _ll_ushift_r                             0x080005f9   Thumb Code     0  llushr.o(.text)
    _chval                                   0x08000619   Thumb Code    28  _chval.o(.text)
    __vfscanf_char                           0x08000641   Thumb Code    20  scanf_char.o(.text)
    _sgetc                                   0x0800065d   Thumb Code    30  _sgetc.o(.text)
    _sbackspace                              0x0800067b   Thumb Code    34  _sgetc.o(.text)
    __strtod_int                             0x080006d3   Thumb Code    90  strtod.o(.text)
    __I$use$fp                               0x08000739   Thumb Code     0  iusefp.o(.text)
    _float_round                             0x08000739   Thumb Code    18  fepilogue.o(.text)
    _float_epilogue                          0x0800074b   Thumb Code    92  fepilogue.o(.text)
    __aeabi_dadd                             0x080007a7   Thumb Code   322  dadd.o(.text)
    __aeabi_dsub                             0x080008e9   Thumb Code     6  dadd.o(.text)
    __aeabi_drsub                            0x080008ef   Thumb Code     6  dadd.o(.text)
    __aeabi_dmul                             0x080008f5   Thumb Code   228  dmul.o(.text)
    __aeabi_ddiv                             0x080009d9   Thumb Code   222  ddiv.o(.text)
    __aeabi_d2ulz                            0x08000ab7   Thumb Code    48  dfixul.o(.text)
    __aeabi_cdrcmple                         0x08000ae9   Thumb Code    48  cdrcmple.o(.text)
    __scatterload                            0x08000b19   Thumb Code    28  init.o(.text)
    __scatterload_rt2                        0x08000b19   Thumb Code     0  init.o(.text)
    __aeabi_lasr                             0x08000b3d   Thumb Code    36  llsshr.o(.text)
    _ll_sshift_r                             0x08000b3d   Thumb Code     0  llsshr.o(.text)
    isspace                                  0x08000b61   Thumb Code    10  isspace_c.o(.text)
    __vfscanf                                0x08000b6d   Thumb Code   808  _scanf.o(.text)
    _scanf_real                              0x08000fc1   Thumb Code     0  scanf_fp.o(.text)
    _scanf_really_real                       0x08000fc1   Thumb Code   556  scanf_fp.o(.text)
    _double_round                            0x080011f9   Thumb Code    30  depilogue.o(.text)
    _double_epilogue                         0x08001217   Thumb Code   156  depilogue.o(.text)
    __ctype_lookup                           0x080012b5   Thumb Code    34  ctype_c.o(.text)
    __aeabi_ul2d                             0x080012dd   Thumb Code    24  dfltul.o(.text)
    DMA_ClearFlag                            0x080012f5   Thumb Code    38  stm32f4xx_dma.o(i.DMA_ClearFlag)
    DMA_Cmd                                  0x08001329   Thumb Code    22  stm32f4xx_dma.o(i.DMA_Cmd)
    DMA_GetFlagStatus                        0x08001341   Thumb Code    54  stm32f4xx_dma.o(i.DMA_GetFlagStatus)
    DMA_Init                                 0x08001385   Thumb Code    82  stm32f4xx_dma.o(i.DMA_Init)
    DMA_StructInit                           0x080013dd   Thumb Code    34  stm32f4xx_dma.o(i.DMA_StructInit)
    GPIO_Init                                0x080013ff   Thumb Code   144  stm32f4xx_gpio.o(i.GPIO_Init)
    GPIO_PinAFConfig                         0x0800148f   Thumb Code    70  stm32f4xx_gpio.o(i.GPIO_PinAFConfig)
    GPIO_ResetBits                           0x080014d5   Thumb Code     6  stm32f4xx_gpio.o(i.GPIO_ResetBits)
    GPIO_SetBits                             0x080014db   Thumb Code     4  stm32f4xx_gpio.o(i.GPIO_SetBits)
    GPIO_StructInit                          0x080014df   Thumb Code    18  stm32f4xx_gpio.o(i.GPIO_StructInit)
    GPIO_WriteBit                            0x080014f1   Thumb Code    12  stm32f4xx_gpio.o(i.GPIO_WriteBit)
    I2C_AcknowledgeConfig                    0x080014fd   Thumb Code    24  stm32f4xx_i2c.o(i.I2C_AcknowledgeConfig)
    I2C_CheckEvent                           0x08001515   Thumb Code    62  stm32f4xx_i2c.o(i.I2C_CheckEvent)
    I2C_Cmd                                  0x08001553   Thumb Code    24  stm32f4xx_i2c.o(i.I2C_Cmd)
    I2C_GenerateSTART                        0x0800156b   Thumb Code    24  stm32f4xx_i2c.o(i.I2C_GenerateSTART)
    I2C_GenerateSTOP                         0x08001583   Thumb Code    24  stm32f4xx_i2c.o(i.I2C_GenerateSTOP)
    I2C_Init                                 0x0800159d   Thumb Code   218  stm32f4xx_i2c.o(i.I2C_Init)
    I2C_ReceiveData                          0x08001685   Thumb Code     8  stm32f4xx_i2c.o(i.I2C_ReceiveData)
    I2C_Send7bitAddress                      0x0800168d   Thumb Code    16  stm32f4xx_i2c.o(i.I2C_Send7bitAddress)
    I2C_SendData                             0x0800169d   Thumb Code     4  stm32f4xx_i2c.o(i.I2C_SendData)
    I2C_StructInit                           0x080016a1   Thumb Code    30  stm32f4xx_i2c.o(i.I2C_StructInit)
    NVIC_Init                                0x080016c1   Thumb Code   106  misc.o(i.NVIC_Init)
    NVIC_PriorityGroupConfig                 0x08001739   Thumb Code    10  misc.o(i.NVIC_PriorityGroupConfig)
    PWR_BackupAccessCmd                      0x0800174d   Thumb Code     6  stm32f4xx_pwr.o(i.PWR_BackupAccessCmd)
    RCC_AHB1PeriphClockCmd                   0x08001759   Thumb Code    26  stm32f4xx_rcc.o(i.RCC_AHB1PeriphClockCmd)
    RCC_APB1PeriphClockCmd                   0x08001779   Thumb Code    26  stm32f4xx_rcc.o(i.RCC_APB1PeriphClockCmd)
    RCC_APB2PeriphClockCmd                   0x08001799   Thumb Code    26  stm32f4xx_rcc.o(i.RCC_APB2PeriphClockCmd)
    RCC_BackupResetCmd                       0x080017b9   Thumb Code     6  stm32f4xx_rcc.o(i.RCC_BackupResetCmd)
    RCC_GetClocksFreq                        0x080017c5   Thumb Code   214  stm32f4xx_rcc.o(i.RCC_GetClocksFreq)
    RCC_GetFlagStatus                        0x080018ad   Thumb Code    60  stm32f4xx_rcc.o(i.RCC_GetFlagStatus)
    RCC_LSEConfig                            0x080018ed   Thumb Code    40  stm32f4xx_rcc.o(i.RCC_LSEConfig)
    RCC_RTCCLKCmd                            0x08001919   Thumb Code     6  stm32f4xx_rcc.o(i.RCC_RTCCLKCmd)
    RCC_RTCCLKConfig                         0x08001925   Thumb Code    50  stm32f4xx_rcc.o(i.RCC_RTCCLKConfig)
    RTC_DateStructInit                       0x08001993   Thumb Code    14  stm32f4xx_rtc.o(i.RTC_DateStructInit)
    RTC_EnterInitMode                        0x080019a1   Thumb Code    76  stm32f4xx_rtc.o(i.RTC_EnterInitMode)
    RTC_ExitInitMode                         0x080019f1   Thumb Code    14  stm32f4xx_rtc.o(i.RTC_ExitInitMode)
    RTC_GetDate                              0x08001a05   Thumb Code    68  stm32f4xx_rtc.o(i.RTC_GetDate)
    RTC_GetTime                              0x08001a51   Thumb Code    72  stm32f4xx_rtc.o(i.RTC_GetTime)
    RTC_Init                                 0x08001aa1   Thumb Code    94  stm32f4xx_rtc.o(i.RTC_Init)
    RTC_SetDate                              0x08001b05   Thumb Code   190  stm32f4xx_rtc.o(i.RTC_SetDate)
    RTC_SetTime                              0x08001bcd   Thumb Code   198  stm32f4xx_rtc.o(i.RTC_SetTime)
    RTC_StructInit                           0x08001c9d   Thumb Code    14  stm32f4xx_rtc.o(i.RTC_StructInit)
    RTC_TimeStructInit                       0x08001cab   Thumb Code    12  stm32f4xx_rtc.o(i.RTC_TimeStructInit)
    RTC_WaitForSynchro                       0x08001cb9   Thumb Code    92  stm32f4xx_rtc.o(i.RTC_WaitForSynchro)
    SPI_Cmd                                  0x08001d19   Thumb Code    24  stm32f4xx_spi.o(i.SPI_Cmd)
    SPI_DataSizeConfig                       0x08001d31   Thumb Code    18  stm32f4xx_spi.o(i.SPI_DataSizeConfig)
    SPI_I2S_DMACmd                           0x08001d43   Thumb Code    18  stm32f4xx_spi.o(i.SPI_I2S_DMACmd)
    SPI_I2S_GetFlagStatus                    0x08001d55   Thumb Code    18  stm32f4xx_spi.o(i.SPI_I2S_GetFlagStatus)
    SPI_I2S_SendData                         0x08001d67   Thumb Code     4  stm32f4xx_spi.o(i.SPI_I2S_SendData)
    SPI_Init                                 0x08001d6b   Thumb Code    60  stm32f4xx_spi.o(i.SPI_Init)
    SPI_StructInit                           0x08001da7   Thumb Code    24  stm32f4xx_spi.o(i.SPI_StructInit)
    SysTick_Handler                          0x08001ead   Thumb Code    46  systick_delay.o(i.SysTick_Handler)
    SystemInit                               0x08001ee9   Thumb Code    88  system_stm32f4xx.o(i.SystemInit)
    USART1_IRQHandler                        0x08001f51   Thumb Code    50  usart1.o(i.USART1_IRQHandler)
    USART_ClearFlag                          0x08001f8d   Thumb Code    18  stm32f4xx_usart.o(i.USART_ClearFlag)
    USART_ClearITPendingBit                  0x08001f9f   Thumb Code    30  stm32f4xx_usart.o(i.USART_ClearITPendingBit)
    USART_Cmd                                0x08001fbd   Thumb Code    24  stm32f4xx_usart.o(i.USART_Cmd)
    USART_DMACmd                             0x08001fd5   Thumb Code    18  stm32f4xx_usart.o(i.USART_DMACmd)
    USART_GetFlagStatus                      0x08001fe7   Thumb Code    26  stm32f4xx_usart.o(i.USART_GetFlagStatus)
    USART_GetITStatus                        0x08002001   Thumb Code    84  stm32f4xx_usart.o(i.USART_GetITStatus)
    USART_ITConfig                           0x08002055   Thumb Code    74  stm32f4xx_usart.o(i.USART_ITConfig)
    USART_Init                               0x080020a1   Thumb Code   204  stm32f4xx_usart.o(i.USART_Init)
    USART_ReceiveData                        0x08002175   Thumb Code    10  stm32f4xx_usart.o(i.USART_ReceiveData)
    USART_SendData                           0x0800217f   Thumb Code     8  stm32f4xx_usart.o(i.USART_SendData)
    USART_StructInit                         0x08002187   Thumb Code    24  stm32f4xx_usart.o(i.USART_StructInit)
    __0printf                                0x080021a1   Thumb Code    22  printfa.o(i.__0printf)
    __1printf                                0x080021a1   Thumb Code     0  printfa.o(i.__0printf)
    __2printf                                0x080021a1   Thumb Code     0  printfa.o(i.__0printf)
    __c89printf                              0x080021a1   Thumb Code     0  printfa.o(i.__0printf)
    printf                                   0x080021a1   Thumb Code     0  printfa.o(i.__0printf)
    __0snprintf                              0x080021c1   Thumb Code    44  printfa.o(i.__0snprintf)
    __1snprintf                              0x080021c1   Thumb Code     0  printfa.o(i.__0snprintf)
    __2snprintf                              0x080021c1   Thumb Code     0  printfa.o(i.__0snprintf)
    __c89snprintf                            0x080021c1   Thumb Code     0  printfa.o(i.__0snprintf)
    snprintf                                 0x080021c1   Thumb Code     0  printfa.o(i.__0snprintf)
    __hardfp_atof                            0x080021f1   Thumb Code    44  atof.o(i.__hardfp_atof)
    __read_errno                             0x08002229   Thumb Code     6  errno.o(i.__read_errno)
    __scatterload_copy                       0x08002235   Thumb Code    14  handlers.o(i.__scatterload_copy)
    __scatterload_null                       0x08002243   Thumb Code     2  handlers.o(i.__scatterload_null)
    __scatterload_zeroinit                   0x08002245   Thumb Code    14  handlers.o(i.__scatterload_zeroinit)
    __set_errno                              0x08002255   Thumb Code     6  errno.o(i.__set_errno)
    _is_digit                                0x080023e5   Thumb Code    14  scanf_fp.o(i._is_digit)
    calibrateAht20                           0x08002b39   Thumb Code    58  aht20.o(i.calibrateAht20)
    checkI2cEvent                            0x08002b79   Thumb Code    46  aht20.o(i.checkI2cEvent)
    connectWifiUseEsp32                      0x08002bad   Thumb Code    82  esp_at.o(i.connectWifiUseEsp32)
    delayMsUseSystick                        0x08002c1d   Thumb Code    48  systick_delay.o(i.delayMsUseSystick)
    delayOneMsUseInterruptModeInit           0x08002c51   Thumb Code    28  systick_delay.o(i.delayOneMsUseInterruptModeInit)
    delayUsUseSystick                        0x08002c71   Thumb Code    46  systick_delay.o(i.delayUsUseSystick)
    fillColorForSt7789                       0x08002ca9   Thumb Code    72  st7789.o(i.fillColorForSt7789)
    forSystickRegisterCallback               0x08002cf1   Thumb Code    10  system_operation_scheduling.o(i.forSystickRegisterCallback)
    fputc                                    0x08002d01   Thumb Code    40  usart1.o(i.fputc)
    getCurrentTickCount                      0x08002d2d   Thumb Code    84  systick_delay.o(i.getCurrentTickCount)
    getEsp32sRsponseStr                      0x08002d85   Thumb Code     4  esp_at.o(i.getEsp32sRsponseStr)
    getPassedTimeUseMsUnit                   0x08002d8d   Thumb Code    36  systick_delay.o(i.getPassedTimeUseMsUnit)
    getRtcTime                               0x08002db5   Thumb Code    68  rtc.o(i.getRtcTime)
    getSntpTime                              0x08002df9   Thumb Code    42  esp_at.o(i.getSntpTime)
    getUrlInfoByHttp                         0x08002e39   Thumb Code    46  esp_at.o(i.getUrlInfoByHttp)
    getWifiInfo                              0x08002e8d   Thumb Code    76  esp_at.o(i.getWifiInfo)
    initAht20                                0x08002ef5   Thumb Code    34  aht20.o(i.initAht20)
    initBoardOnLowLevel                      0x08002f17   Thumb Code    12  board.o(i.initBoardOnLowLevel)
    initDma1Stream4                          0x08002f25   Thumb Code    96  st7789.o(i.initDma1Stream4)
    initEsp32                                0x08002f8d   Thumb Code    54  esp_at.o(i.initEsp32)
    initExternalDevices                      0x08002fd5   Thumb Code    50  board.o(i.initExternalDevices)
    initI2c2                                 0x0800303d   Thumb Code   142  aht20.o(i.initI2c2)
    initPeripheralNvic                       0x080030d9   Thumb Code    42  board.o(i.initPeripheralNvic)
    initPeripheralRccClock                   0x08003103   Thumb Code   154  board.o(i.initPeripheralRccClock)
    initRtc                                  0x0800319d   Thumb Code    28  rtc.o(i.initRtc)
    initSpi2                                 0x080031b9   Thumb Code   248  st7789.o(i.initSpi2)
    initSt7798                               0x080032c1   Thumb Code   304  st7789.o(i.initSt7798)
    initUsart1                               0x0800343d   Thumb Code   148  usart1.o(i.initUsart1)
    initUsart2                               0x080034d9   Thumb Code   124  esp_at.o(i.initUsart2)
    initWirelessUseEsp32                     0x0800355d   Thumb Code    86  board.o(i.initWirelessUseEsp32)
    isBusyOfAht20                            0x08003639   Thumb Code    34  aht20.o(i.isBusyOfAht20)
    isCalibrateOfAht20                       0x0800365b   Thumb Code    34  aht20.o(i.isCalibrateOfAht20)
    isExceedsScreenBoundary                  0x0800367d   Thumb Code    32  st7789.o(i.isExceedsScreenBoundary)
    main                                     0x0800369d   Thumb Code    24  main.o(i.main)
    matchEsp32sAck                           0x080036b5   Thumb Code    46  esp_at.o(i.matchEsp32sAck)
    parseCwjapResponseToGetApInfo            0x080037c9   Thumb Code    64  esp_at.o(i.parseCwjapResponseToGetApInfo)
    parseCwstateResponseToGetWifiInfo        0x08003835   Thumb Code    68  esp_at.o(i.parseCwstateResponseToGetWifiInfo)
    parseSntpTimeInfo                        0x0800389d   Thumb Code   162  esp_at.o(i.parseSntpTimeInfo)
    parseWeatherInfo                         0x08003971   Thumb Code   246  esp_at.o(i.parseWeatherInfo)
    readMeasureData                          0x08003b89   Thumb Code   152  aht20.o(i.readMeasureData)
    readMulByteByI2c2                        0x08003c31   Thumb Code   124  aht20.o(i.readMulByteByI2c2)
    readStateOfAht20                         0x08003cb5   Thumb Code    40  aht20.o(i.readStateOfAht20)
    receiveAndRecognizeResponseMsgFromEsp32ByUsart2 0x08003cdd   Thumb Code   128  esp_at.o(i.receiveAndRecognizeResponseMsgFromEsp32ByUsart2)
    registerSystickPeriodicCallback          0x08003d65   Thumb Code     6  systick_delay.o(i.registerSystickPeriodicCallback)
    resetSt7789                              0x08003d71   Thumb Code    36  st7789.o(i.resetSt7789)
    searchAsciiOrChineseModel                0x08003d99   Thumb Code   172  st7789.o(i.searchAsciiOrChineseModel)
    sendCommandAndReceiveRespondMsg          0x08003e45   Thumb Code    30  esp_at.o(i.sendCommandAndReceiveRespondMsg)
    sendDataToEsp32ByUsart2                  0x08003e65   Thumb Code    40  esp_at.o(i.sendDataToEsp32ByUsart2)
    sendFontDataToSt7789                     0x08003e91   Thumb Code   284  st7789.o(i.sendFontDataToSt7789)
    setBackGroundLed                         0x08003fb1   Thumb Code    26  st7789.o(i.setBackGroundLed)
    setRangeForSt7789                        0x08003fd1   Thumb Code    94  st7789.o(i.setRangeForSt7789)
    setRtcTime                               0x0800402f   Thumb Code    82  rtc.o(i.setRtcTime)
    setTimeZoneAndSntpServer                 0x08004081   Thumb Code    14  esp_at.o(i.setTimeZoneAndSntpServer)
    setWifiModeToStation                     0x080040a5   Thumb Code    14  esp_at.o(i.setWifiModeToStation)
    showImage                                0x080040c5   Thumb Code    88  st7789.o(i.showImage)
    showMainPage                             0x0800411d   Thumb Code   274  show_page.o(i.showMainPage)
    showOneAscii                             0x08004295   Thumb Code    52  st7789.o(i.showOneAscii)
    showOneChinese                           0x080042c9   Thumb Code    54  st7789.o(i.showOneChinese)
    showString                               0x080042ff   Thumb Code   150  st7789.o(i.showString)
    showWaitWifiConnectPage                  0x08004395   Thumb Code    96  show_page.o(i.showWaitWifiConnectPage)
    showWelcomePage                          0x08004421   Thumb Code   100  show_page.o(i.showWelcomePage)
    showWirelessErrorPage                    0x080044b5   Thumb Code    52  show_page.o(i.showWirelessErrorPage)
    startMeasureOfAht20                      0x08004505   Thumb Code    60  aht20.o(i.startMeasureOfAht20)
    syncSntpTimeToRtcTime                    0x08004545   Thumb Code   148  system_operation_scheduling.o(i.syncSntpTimeToRtcTime)
    systemSchedulingLogic                    0x08004645   Thumb Code    92  system_operation_scheduling.o(i.systemSchedulingLogic)
    updataShowDate                           0x080046b9   Thumb Code   126  show_page.o(i.updataShowDate)
    updataShowInnerHumidity                  0x08004775   Thumb Code    92  show_page.o(i.updataShowInnerHumidity)
    updataShowInnerTemperature               0x080047e1   Thumb Code   102  show_page.o(i.updataShowInnerTemperature)
    updataShowOutdoorCity                    0x0800485d   Thumb Code    44  show_page.o(i.updataShowOutdoorCity)
    updataShowOutdoorTemperature             0x08004891   Thumb Code   102  show_page.o(i.updataShowOutdoorTemperature)
    updataShowOutdoorWeatherIcon             0x0800490d   Thumb Code   152  show_page.o(i.updataShowOutdoorWeatherIcon)
    updataShowTime                           0x080049c5   Thumb Code    68  show_page.o(i.updataShowTime)
    updataShowWifiSsid                       0x08004a19   Thumb Code    46  show_page.o(i.updataShowWifiSsid)
    updateInnorTemperatureHumidityToScreen   0x08004a55   Thumb Code   116  system_operation_scheduling.o(i.updateInnorTemperatureHumidityToScreen)
    updateOutdoorWeatherToScreen             0x08004b1d   Thumb Code   128  system_operation_scheduling.o(i.updateOutdoorWeatherToScreen)
    updateRtcTimeToScreen                    0x08004bf5   Thumb Code    78  system_operation_scheduling.o(i.updateRtcTimeToScreen)
    updateWifiInfoToScreen                   0x08004c49   Thumb Code   116  system_operation_scheduling.o(i.updateWifiInfoToScreen)
    waitEsp32Restart                         0x08004d71   Thumb Code    36  esp_at.o(i.waitEsp32Restart)
    waitReadyResponseMsg                     0x08004d9d   Thumb Code    22  esp_at.o(i.waitReadyResponseMsg)
    waitWifiConnect                          0x08004db5   Thumb Code   114  board.o(i.waitWifiConnect)
    writeDataToSt7789                        0x08004f65   Thumb Code   174  st7789.o(i.writeDataToSt7789)
    writeDataToSt7789UseDma                  0x0800501d   Thumb Code   180  st7789.o(i.writeDataToSt7789UseDma)
    writeMulByteByI2c2                       0x080050e1   Thumb Code   110  aht20.o(i.writeMulByteByI2c2)
    font16_maple                             0x08005774   Data          16  font16_maple.o(.constdata)
    font20_maple_bold                        0x08006c3c   Data          16  font20_maple_bold.o(.constdata)
    font24_maple_bold                        0x08008374   Data          16  font24_maple_bold.o(.constdata)
    font24_maple_semibold                    0x080087ec   Data          16  font24_maple_semibold.o(.constdata)
    font32_maple_bold                        0x0800a48c   Data          16  font32_maple_bold.o(.constdata)
    font54_maple_bold                        0x0800af94   Data          16  font54_maple_bold.o(.constdata)
    font54_maple_semibold                    0x0800ba9c   Data          16  font54_maple_semibold.o(.constdata)
    font64_maple_extrabold                   0x0800c7ac   Data          16  font64_maple_extrabold.o(.constdata)
    font76_maple_extrabold                   0x0800db08   Data          16  font76_maple_extrabold.o(.constdata)
    img_meihua                               0x0801d838   Data           8  img_meihua.o(.constdata)
    img_error                                0x0802a040   Data           8  img_error.o(.constdata)
    img_wifi                                 0x080386e8   Data           8  img_wifi.o(.constdata)
    icon_wifi                                0x08038b70   Data           8  icon_wifi.o(.constdata)
    icon_wenduji                             0x080393d8   Data           8  icon_wenduji.o(.constdata)
    icon_qing                                0x0803aaa8   Data           8  icon_qing.o(.constdata)
    icon_duoyun                              0x0803c178   Data           8  icon_duoyun.o(.constdata)
    icon_leizhenyu                           0x0803d848   Data           8  icon_leizhenyu.o(.constdata)
    icon_na                                  0x0803ef18   Data           8  icon_na.o(.constdata)
    icon_yintian                             0x080405e8   Data           8  icon_yintian.o(.constdata)
    icon_yueliang                            0x08041cb8   Data           8  icon_yueliang.o(.constdata)
    icon_zhongxue                            0x08043388   Data           8  icon_zhongxue.o(.constdata)
    icon_zhongyu                             0x08044a58   Data           8  icon_zhongyu.o(.constdata)
    __ctype_categories                       0x08044a60   Data          64  ctype_c.o(.constdata)
    Region$$Table$$Base                      0x08044bd4   Number         0  anon$$obj.o(Region$$Table)
    Region$$Table$$Limit                     0x08044bf4   Number         0  anon$$obj.o(Region$$Table)
    SystemCoreClock                          0x20000038   Data           4  system_stm32f4xx.o(.data)
    AHBPrescTable                            0x2000003c   Data          16  system_stm32f4xx.o(.data)
    __stdout                                 0x2000005c   Data           4  stdout.o(.data)
    __initial_sp                             0x200036a0   Data           0  startup_stm32f40_41xxx.o(STACK)



==============================================================================

Memory Map of the image

  Image Entry point : 0x08000189

  Load Region LR_IROM1 (Base: 0x08000000, Size: 0x00044c58, Max: 0x00080000, ABSOLUTE)

    Execution Region ER_IROM1 (Exec base: 0x08000000, Load base: 0x08000000, Size: 0x00044bf4, Max: 0x00080000, ABSOLUTE)

    Exec Addr    Load Addr    Size         Type   Attr      Idx    E Section Name        Object

    0x08000000   0x08000000   0x00000188   Data   RO         1336    RESET               startup_stm32f40_41xxx.o
    0x08000188   0x08000188   0x00000000   Code   RO         6393  * .ARM.Collect$$$$00000000  mc_w.l(entry.o)
    0x08000188   0x08000188   0x00000004   Code   RO         6685    .ARM.Collect$$$$00000001  mc_w.l(entry2.o)
    0x0800018c   0x0800018c   0x00000004   Code   RO         6688    .ARM.Collect$$$$00000004  mc_w.l(entry5.o)
    0x08000190   0x08000190   0x00000000   Code   RO         6690    .ARM.Collect$$$$00000008  mc_w.l(entry7b.o)
    0x08000190   0x08000190   0x00000000   Code   RO         6692    .ARM.Collect$$$$0000000A  mc_w.l(entry8b.o)
    0x08000190   0x08000190   0x00000008   Code   RO         6693    .ARM.Collect$$$$0000000B  mc_w.l(entry9a.o)
    0x08000198   0x08000198   0x00000000   Code   RO         6695    .ARM.Collect$$$$0000000D  mc_w.l(entry10a.o)
    0x08000198   0x08000198   0x00000000   Code   RO         6697    .ARM.Collect$$$$0000000F  mc_w.l(entry11a.o)
    0x08000198   0x08000198   0x00000004   Code   RO         6686    .ARM.Collect$$$$00002712  mc_w.l(entry2.o)
    0x0800019c   0x0800019c   0x00000024   Code   RO         1337    .text               startup_stm32f40_41xxx.o
    0x080001c0   0x080001c0   0x00000062   Code   RO         6396    .text               mc_w.l(uldiv.o)
    0x08000222   0x08000222   0x00000024   Code   RO         6398    .text               mc_w.l(memcpya.o)
    0x08000246   0x08000246   0x00000024   Code   RO         6400    .text               mc_w.l(memseta.o)
    0x0800026a   0x0800026a   0x00000024   Code   RO         6402    .text               mc_w.l(strstr.o)
    0x0800028e   0x0800028e   0x00000018   Code   RO         6404    .text               mc_w.l(strncpy.o)
    0x080002a6   0x080002a6   0x0000000e   Code   RO         6406    .text               mc_w.l(strlen.o)
    0x080002b4   0x080002b4   0x0000001c   Code   RO         6408    .text               mc_w.l(strcmp.o)
    0x080002d0   0x080002d0   0x0000001a   Code   RO         6410    .text               mc_w.l(memcmp.o)
    0x080002ea   0x080002ea   0x00000002   PAD
    0x080002ec   0x080002ec   0x00000038   Code   RO         6675    .text               mc_w.l(__0sscanf.o)
    0x08000324   0x08000324   0x0000014c   Code   RO         6677    .text               mc_w.l(_scanf_int.o)
    0x08000470   0x08000470   0x000000e0   Code   RO         6679    .text               mc_w.l(_scanf_str.o)
    0x08000550   0x08000550   0x00000026   Code   RO         6681    .text               mf_w.l(f2d.o)
    0x08000576   0x08000576   0x00000038   Code   RO         6683    .text               mf_w.l(d2f.o)
    0x080005ae   0x080005ae   0x0000002c   Code   RO         6700    .text               mc_w.l(uidiv.o)
    0x080005da   0x080005da   0x0000001e   Code   RO         6702    .text               mc_w.l(llshl.o)
    0x080005f8   0x080005f8   0x00000020   Code   RO         6704    .text               mc_w.l(llushr.o)
    0x08000618   0x08000618   0x0000001c   Code   RO         6713    .text               mc_w.l(_chval.o)
    0x08000634   0x08000634   0x00000028   Code   RO         6715    .text               mc_w.l(scanf_char.o)
    0x0800065c   0x0800065c   0x00000040   Code   RO         6717    .text               mc_w.l(_sgetc.o)
    0x0800069c   0x0800069c   0x0000009c   Code   RO         6719    .text               mc_w.l(strtod.o)
    0x08000738   0x08000738   0x00000000   Code   RO         6721    .text               mc_w.l(iusefp.o)
    0x08000738   0x08000738   0x0000006e   Code   RO         6722    .text               mf_w.l(fepilogue.o)
    0x080007a6   0x080007a6   0x0000014e   Code   RO         6724    .text               mf_w.l(dadd.o)
    0x080008f4   0x080008f4   0x000000e4   Code   RO         6726    .text               mf_w.l(dmul.o)
    0x080009d8   0x080009d8   0x000000de   Code   RO         6728    .text               mf_w.l(ddiv.o)
    0x08000ab6   0x08000ab6   0x00000030   Code   RO         6730    .text               mf_w.l(dfixul.o)
    0x08000ae6   0x08000ae6   0x00000002   PAD
    0x08000ae8   0x08000ae8   0x00000030   Code   RO         6732    .text               mf_w.l(cdrcmple.o)
    0x08000b18   0x08000b18   0x00000024   Code   RO         6734    .text               mc_w.l(init.o)
    0x08000b3c   0x08000b3c   0x00000024   Code   RO         6736    .text               mc_w.l(llsshr.o)
    0x08000b60   0x08000b60   0x0000000a   Code   RO         6738    .text               mc_w.l(isspace_c.o)
    0x08000b6a   0x08000b6a   0x00000002   PAD
    0x08000b6c   0x08000b6c   0x0000032c   Code   RO         6740    .text               mc_w.l(_scanf.o)
    0x08000e98   0x08000e98   0x00000360   Code   RO         6742    .text               mc_w.l(scanf_fp.o)
    0x080011f8   0x080011f8   0x000000ba   Code   RO         6746    .text               mf_w.l(depilogue.o)
    0x080012b2   0x080012b2   0x00000002   PAD
    0x080012b4   0x080012b4   0x00000028   Code   RO         6748    .text               mc_w.l(ctype_c.o)
    0x080012dc   0x080012dc   0x00000018   Code   RO         6751    .text               mf_w.l(dfltul.o)
    0x080012f4   0x080012f4   0x00000034   Code   RO         2458    i.DMA_ClearFlag     stm32f4xx_dma.o
    0x08001328   0x08001328   0x00000016   Code   RO         2460    i.DMA_Cmd           stm32f4xx_dma.o
    0x0800133e   0x0800133e   0x00000002   PAD
    0x08001340   0x08001340   0x00000044   Code   RO         2469    i.DMA_GetFlagStatus  stm32f4xx_dma.o
    0x08001384   0x08001384   0x00000058   Code   RO         2472    i.DMA_Init          stm32f4xx_dma.o
    0x080013dc   0x080013dc   0x00000022   Code   RO         2476    i.DMA_StructInit    stm32f4xx_dma.o
    0x080013fe   0x080013fe   0x00000090   Code   RO         3260    i.GPIO_Init         stm32f4xx_gpio.o
    0x0800148e   0x0800148e   0x00000046   Code   RO         3261    i.GPIO_PinAFConfig  stm32f4xx_gpio.o
    0x080014d4   0x080014d4   0x00000006   Code   RO         3267    i.GPIO_ResetBits    stm32f4xx_gpio.o
    0x080014da   0x080014da   0x00000004   Code   RO         3268    i.GPIO_SetBits      stm32f4xx_gpio.o
    0x080014de   0x080014de   0x00000012   Code   RO         3269    i.GPIO_StructInit   stm32f4xx_gpio.o
    0x080014f0   0x080014f0   0x0000000c   Code   RO         3272    i.GPIO_WriteBit     stm32f4xx_gpio.o
    0x080014fc   0x080014fc   0x00000018   Code   RO         3548    i.I2C_AcknowledgeConfig  stm32f4xx_i2c.o
    0x08001514   0x08001514   0x0000003e   Code   RO         3551    i.I2C_CheckEvent    stm32f4xx_i2c.o
    0x08001552   0x08001552   0x00000018   Code   RO         3554    i.I2C_Cmd           stm32f4xx_i2c.o
    0x0800156a   0x0800156a   0x00000018   Code   RO         3562    i.I2C_GenerateSTART  stm32f4xx_i2c.o
    0x08001582   0x08001582   0x00000018   Code   RO         3563    i.I2C_GenerateSTOP  stm32f4xx_i2c.o
    0x0800159a   0x0800159a   0x00000002   PAD
    0x0800159c   0x0800159c   0x000000e8   Code   RO         3569    i.I2C_Init          stm32f4xx_i2c.o
    0x08001684   0x08001684   0x00000008   Code   RO         3574    i.I2C_ReceiveData   stm32f4xx_i2c.o
    0x0800168c   0x0800168c   0x00000010   Code   RO         3576    i.I2C_Send7bitAddress  stm32f4xx_i2c.o
    0x0800169c   0x0800169c   0x00000004   Code   RO         3577    i.I2C_SendData      stm32f4xx_i2c.o
    0x080016a0   0x080016a0   0x0000001e   Code   RO         3580    i.I2C_StructInit    stm32f4xx_i2c.o
    0x080016be   0x080016be   0x00000002   PAD
    0x080016c0   0x080016c0   0x00000078   Code   RO         1385    i.NVIC_Init         misc.o
    0x08001738   0x08001738   0x00000014   Code   RO         1386    i.NVIC_PriorityGroupConfig  misc.o
    0x0800174c   0x0800174c   0x0000000c   Code   RO         4051    i.PWR_BackupAccessCmd  stm32f4xx_pwr.o
    0x08001758   0x08001758   0x00000020   Code   RO         4186    i.RCC_AHB1PeriphClockCmd  stm32f4xx_rcc.o
    0x08001778   0x08001778   0x00000020   Code   RO         4195    i.RCC_APB1PeriphClockCmd  stm32f4xx_rcc.o
    0x08001798   0x08001798   0x00000020   Code   RO         4198    i.RCC_APB2PeriphClockCmd  stm32f4xx_rcc.o
    0x080017b8   0x080017b8   0x0000000c   Code   RO         4202    i.RCC_BackupResetCmd  stm32f4xx_rcc.o
    0x080017c4   0x080017c4   0x000000e8   Code   RO         4207    i.RCC_GetClocksFreq  stm32f4xx_rcc.o
    0x080018ac   0x080018ac   0x00000040   Code   RO         4208    i.RCC_GetFlagStatus  stm32f4xx_rcc.o
    0x080018ec   0x080018ec   0x0000002c   Code   RO         4216    i.RCC_LSEConfig     stm32f4xx_rcc.o
    0x08001918   0x08001918   0x0000000c   Code   RO         4230    i.RCC_RTCCLKCmd     stm32f4xx_rcc.o
    0x08001924   0x08001924   0x0000003c   Code   RO         4231    i.RCC_RTCCLKConfig  stm32f4xx_rcc.o
    0x08001960   0x08001960   0x00000016   Code   RO         4593    i.RTC_Bcd2ToByte    stm32f4xx_rtc.o
    0x08001976   0x08001976   0x0000001c   Code   RO         4595    i.RTC_ByteToBcd2    stm32f4xx_rtc.o
    0x08001992   0x08001992   0x0000000e   Code   RO         4602    i.RTC_DateStructInit  stm32f4xx_rtc.o
    0x080019a0   0x080019a0   0x00000050   Code   RO         4605    i.RTC_EnterInitMode  stm32f4xx_rtc.o
    0x080019f0   0x080019f0   0x00000014   Code   RO         4606    i.RTC_ExitInitMode  stm32f4xx_rtc.o
    0x08001a04   0x08001a04   0x0000004c   Code   RO         4609    i.RTC_GetDate       stm32f4xx_rtc.o
    0x08001a50   0x08001a50   0x00000050   Code   RO         4614    i.RTC_GetTime       stm32f4xx_rtc.o
    0x08001aa0   0x08001aa0   0x00000064   Code   RO         4619    i.RTC_Init          stm32f4xx_rtc.o
    0x08001b04   0x08001b04   0x000000c8   Code   RO         4625    i.RTC_SetDate       stm32f4xx_rtc.o
    0x08001bcc   0x08001bcc   0x000000d0   Code   RO         4626    i.RTC_SetTime       stm32f4xx_rtc.o
    0x08001c9c   0x08001c9c   0x0000000e   Code   RO         4629    i.RTC_StructInit    stm32f4xx_rtc.o
    0x08001caa   0x08001caa   0x0000000c   Code   RO         4641    i.RTC_TimeStructInit  stm32f4xx_rtc.o
    0x08001cb6   0x08001cb6   0x00000002   PAD
    0x08001cb8   0x08001cb8   0x00000060   Code   RO         4642    i.RTC_WaitForSynchro  stm32f4xx_rtc.o
    0x08001d18   0x08001d18   0x00000018   Code   RO         5344    i.SPI_Cmd           stm32f4xx_spi.o
    0x08001d30   0x08001d30   0x00000012   Code   RO         5345    i.SPI_DataSizeConfig  stm32f4xx_spi.o
    0x08001d42   0x08001d42   0x00000012   Code   RO         5350    i.SPI_I2S_DMACmd    stm32f4xx_spi.o
    0x08001d54   0x08001d54   0x00000012   Code   RO         5352    i.SPI_I2S_GetFlagStatus  stm32f4xx_spi.o
    0x08001d66   0x08001d66   0x00000004   Code   RO         5356    i.SPI_I2S_SendData  stm32f4xx_spi.o
    0x08001d6a   0x08001d6a   0x0000003c   Code   RO         5357    i.SPI_Init          stm32f4xx_spi.o
    0x08001da6   0x08001da6   0x00000018   Code   RO         5360    i.SPI_StructInit    stm32f4xx_spi.o
    0x08001dbe   0x08001dbe   0x00000002   PAD
    0x08001dc0   0x08001dc0   0x000000ec   Code   RO         1344    i.SetSysClock       system_stm32f4xx.o
    0x08001eac   0x08001eac   0x0000003c   Code   RO          395    i.SysTick_Handler   systick_delay.o
    0x08001ee8   0x08001ee8   0x00000068   Code   RO         1346    i.SystemInit        system_stm32f4xx.o
    0x08001f50   0x08001f50   0x0000003c   Code   RO          615    i.USART1_IRQHandler  usart1.o
    0x08001f8c   0x08001f8c   0x00000012   Code   RO         6132    i.USART_ClearFlag   stm32f4xx_usart.o
    0x08001f9e   0x08001f9e   0x0000001e   Code   RO         6133    i.USART_ClearITPendingBit  stm32f4xx_usart.o
    0x08001fbc   0x08001fbc   0x00000018   Code   RO         6136    i.USART_Cmd         stm32f4xx_usart.o
    0x08001fd4   0x08001fd4   0x00000012   Code   RO         6137    i.USART_DMACmd      stm32f4xx_usart.o
    0x08001fe6   0x08001fe6   0x0000001a   Code   RO         6139    i.USART_GetFlagStatus  stm32f4xx_usart.o
    0x08002000   0x08002000   0x00000054   Code   RO         6140    i.USART_GetITStatus  stm32f4xx_usart.o
    0x08002054   0x08002054   0x0000004a   Code   RO         6142    i.USART_ITConfig    stm32f4xx_usart.o
    0x0800209e   0x0800209e   0x00000002   PAD
    0x080020a0   0x080020a0   0x000000d4   Code   RO         6143    i.USART_Init        stm32f4xx_usart.o
    0x08002174   0x08002174   0x0000000a   Code   RO         6150    i.USART_ReceiveData  stm32f4xx_usart.o
    0x0800217e   0x0800217e   0x00000008   Code   RO         6153    i.USART_SendData    stm32f4xx_usart.o
    0x08002186   0x08002186   0x00000018   Code   RO         6159    i.USART_StructInit  stm32f4xx_usart.o
    0x0800219e   0x0800219e   0x00000002   PAD
    0x080021a0   0x080021a0   0x00000020   Code   RO         6647    i.__0printf         mc_w.l(printfa.o)
    0x080021c0   0x080021c0   0x00000030   Code   RO         6648    i.__0snprintf       mc_w.l(printfa.o)
    0x080021f0   0x080021f0   0x00000038   Code   RO         6387    i.__hardfp_atof     m_wm.l(atof.o)
    0x08002228   0x08002228   0x0000000c   Code   RO         6707    i.__read_errno      mc_w.l(errno.o)
    0x08002234   0x08002234   0x0000000e   Code   RO         6755    i.__scatterload_copy  mc_w.l(handlers.o)
    0x08002242   0x08002242   0x00000002   Code   RO         6756    i.__scatterload_null  mc_w.l(handlers.o)
    0x08002244   0x08002244   0x0000000e   Code   RO         6757    i.__scatterload_zeroinit  mc_w.l(handlers.o)
    0x08002252   0x08002252   0x00000002   PAD
    0x08002254   0x08002254   0x0000000c   Code   RO         6708    i.__set_errno       mc_w.l(errno.o)
    0x08002260   0x08002260   0x00000184   Code   RO         6654    i._fp_digits        mc_w.l(printfa.o)
    0x080023e4   0x080023e4   0x0000000e   Code   RO         6744    i._is_digit         mc_w.l(scanf_fp.o)
    0x080023f2   0x080023f2   0x00000002   PAD
    0x080023f4   0x080023f4   0x000006dc   Code   RO         6655    i._printf_core      mc_w.l(printfa.o)
    0x08002ad0   0x08002ad0   0x00000024   Code   RO         6656    i._printf_post_padding  mc_w.l(printfa.o)
    0x08002af4   0x08002af4   0x0000002e   Code   RO         6657    i._printf_pre_padding  mc_w.l(printfa.o)
    0x08002b22   0x08002b22   0x00000016   Code   RO         6658    i._snputc           mc_w.l(printfa.o)
    0x08002b38   0x08002b38   0x00000040   Code   RO          683    i.calibrateAht20    aht20.o
    0x08002b78   0x08002b78   0x00000034   Code   RO          684    i.checkI2cEvent     aht20.o
    0x08002bac   0x08002bac   0x00000070   Code   RO          885    i.connectWifiUseEsp32  esp_at.o
    0x08002c1c   0x08002c1c   0x00000034   Code   RO          396    i.delayMsUseSystick  systick_delay.o
    0x08002c50   0x08002c50   0x00000020   Code   RO          397    i.delayOneMsUseInterruptModeInit  systick_delay.o
    0x08002c70   0x08002c70   0x00000038   Code   RO          398    i.delayUsUseSystick  systick_delay.o
    0x08002ca8   0x08002ca8   0x00000048   Code   RO          770    i.fillColorForSt7789  st7789.o
    0x08002cf0   0x08002cf0   0x00000010   Code   RO          319    i.forSystickRegisterCallback  system_operation_scheduling.o
    0x08002d00   0x08002d00   0x0000002c   Code   RO          616    i.fputc             usart1.o
    0x08002d2c   0x08002d2c   0x00000058   Code   RO          401    i.getCurrentTickCount  systick_delay.o
    0x08002d84   0x08002d84   0x00000008   Code   RO          886    i.getEsp32sRsponseStr  esp_at.o
    0x08002d8c   0x08002d8c   0x00000028   Code   RO          402    i.getPassedTimeUseMsUnit  systick_delay.o
    0x08002db4   0x08002db4   0x00000044   Code   RO          579    i.getRtcTime        rtc.o
    0x08002df8   0x08002df8   0x00000040   Code   RO          887    i.getSntpTime       esp_at.o
    0x08002e38   0x08002e38   0x00000054   Code   RO          888    i.getUrlInfoByHttp  esp_at.o
    0x08002e8c   0x08002e8c   0x00000068   Code   RO          889    i.getWifiInfo       esp_at.o
    0x08002ef4   0x08002ef4   0x00000022   Code   RO          685    i.initAht20         aht20.o
    0x08002f16   0x08002f16   0x0000000c   Code   RO          174    i.initBoardOnLowLevel  board.o
    0x08002f22   0x08002f22   0x00000002   PAD
    0x08002f24   0x08002f24   0x00000068   Code   RO          771    i.initDma1Stream4   st7789.o
    0x08002f8c   0x08002f8c   0x00000048   Code   RO          890    i.initEsp32         esp_at.o
    0x08002fd4   0x08002fd4   0x00000068   Code   RO          175    i.initExternalDevices  board.o
    0x0800303c   0x0800303c   0x0000009c   Code   RO          686    i.initI2c2          aht20.o
    0x080030d8   0x080030d8   0x0000002a   Code   RO          176    i.initPeripheralNvic  board.o
    0x08003102   0x08003102   0x0000009a   Code   RO          177    i.initPeripheralRccClock  board.o
    0x0800319c   0x0800319c   0x0000001c   Code   RO          580    i.initRtc           rtc.o
    0x080031b8   0x080031b8   0x00000108   Code   RO          772    i.initSpi2          st7789.o
    0x080032c0   0x080032c0   0x0000017c   Code   RO          773    i.initSt7798        st7789.o
    0x0800343c   0x0800343c   0x0000009c   Code   RO          618    i.initUsart1        usart1.o
    0x080034d8   0x080034d8   0x00000084   Code   RO          891    i.initUsart2        esp_at.o
    0x0800355c   0x0800355c   0x000000dc   Code   RO          178    i.initWirelessUseEsp32  board.o
    0x08003638   0x08003638   0x00000022   Code   RO          687    i.isBusyOfAht20     aht20.o
    0x0800365a   0x0800365a   0x00000022   Code   RO          688    i.isCalibrateOfAht20  aht20.o
    0x0800367c   0x0800367c   0x00000020   Code   RO          774    i.isExceedsScreenBoundary  st7789.o
    0x0800369c   0x0800369c   0x00000018   Code   RO            4    i.main              main.o
    0x080036b4   0x080036b4   0x00000034   Code   RO          893    i.matchEsp32sAck    esp_at.o
    0x080036e8   0x080036e8   0x000000e0   Code   RO          894    i.monthStrToNum     esp_at.o
    0x080037c8   0x080037c8   0x0000006c   Code   RO          895    i.parseCwjapResponseToGetApInfo  esp_at.o
    0x08003834   0x08003834   0x00000068   Code   RO          896    i.parseCwstateResponseToGetWifiInfo  esp_at.o
    0x0800389c   0x0800389c   0x000000d4   Code   RO          897    i.parseSntpTimeInfo  esp_at.o
    0x08003970   0x08003970   0x000001b0   Code   RO          898    i.parseWeatherInfo  esp_at.o
    0x08003b20   0x08003b20   0x00000068   Code   RO          320    i.periodicCallbackForSystick  system_operation_scheduling.o
    0x08003b88   0x08003b88   0x000000a8   Code   RO          689    i.readMeasureData   aht20.o
    0x08003c30   0x08003c30   0x00000084   Code   RO          690    i.readMulByteByI2c2  aht20.o
    0x08003cb4   0x08003cb4   0x00000028   Code   RO          691    i.readStateOfAht20  aht20.o
    0x08003cdc   0x08003cdc   0x00000088   Code   RO          899    i.receiveAndRecognizeResponseMsgFromEsp32ByUsart2  esp_at.o
    0x08003d64   0x08003d64   0x0000000c   Code   RO          404    i.registerSystickPeriodicCallback  systick_delay.o
    0x08003d70   0x08003d70   0x00000028   Code   RO          775    i.resetSt7789       st7789.o
    0x08003d98   0x08003d98   0x000000ac   Code   RO          776    i.searchAsciiOrChineseModel  st7789.o
    0x08003e44   0x08003e44   0x0000001e   Code   RO          900    i.sendCommandAndReceiveRespondMsg  esp_at.o
    0x08003e62   0x08003e62   0x00000002   PAD
    0x08003e64   0x08003e64   0x0000002c   Code   RO          901    i.sendDataToEsp32ByUsart2  esp_at.o
    0x08003e90   0x08003e90   0x00000120   Code   RO          777    i.sendFontDataToSt7789  st7789.o
    0x08003fb0   0x08003fb0   0x00000020   Code   RO          778    i.setBackGroundLed  st7789.o
    0x08003fd0   0x08003fd0   0x0000005e   Code   RO          779    i.setRangeForSt7789  st7789.o
    0x0800402e   0x0800402e   0x00000052   Code   RO          581    i.setRtcTime        rtc.o
    0x08004080   0x08004080   0x00000024   Code   RO          902    i.setTimeZoneAndSntpServer  esp_at.o
    0x080040a4   0x080040a4   0x00000020   Code   RO          903    i.setWifiModeToStation  esp_at.o
    0x080040c4   0x080040c4   0x00000058   Code   RO          780    i.showImage         st7789.o
    0x0800411c   0x0800411c   0x00000178   Code   RO          228    i.showMainPage      show_page.o
    0x08004294   0x08004294   0x00000034   Code   RO          781    i.showOneAscii      st7789.o
    0x080042c8   0x080042c8   0x00000036   Code   RO          782    i.showOneChinese    st7789.o
    0x080042fe   0x080042fe   0x00000096   Code   RO          783    i.showString        st7789.o
    0x08004394   0x08004394   0x0000008c   Code   RO          229    i.showWaitWifiConnectPage  show_page.o
    0x08004420   0x08004420   0x00000094   Code   RO          230    i.showWelcomePage   show_page.o
    0x080044b4   0x080044b4   0x00000050   Code   RO          231    i.showWirelessErrorPage  show_page.o
    0x08004504   0x08004504   0x00000040   Code   RO          692    i.startMeasureOfAht20  aht20.o
    0x08004544   0x08004544   0x00000100   Code   RO          321    i.syncSntpTimeToRtcTime  system_operation_scheduling.o
    0x08004644   0x08004644   0x00000074   Code   RO          322    i.systemSchedulingLogic  system_operation_scheduling.o
    0x080046b8   0x080046b8   0x000000bc   Code   RO          232    i.updataShowDate    show_page.o
    0x08004774   0x08004774   0x0000006c   Code   RO          233    i.updataShowInnerHumidity  show_page.o
    0x080047e0   0x080047e0   0x0000007c   Code   RO          234    i.updataShowInnerTemperature  show_page.o
    0x0800485c   0x0800485c   0x00000034   Code   RO          235    i.updataShowOutdoorCity  show_page.o
    0x08004890   0x08004890   0x0000007c   Code   RO          236    i.updataShowOutdoorTemperature  show_page.o
    0x0800490c   0x0800490c   0x000000b8   Code   RO          237    i.updataShowOutdoorWeatherIcon  show_page.o
    0x080049c4   0x080049c4   0x00000054   Code   RO          238    i.updataShowTime    show_page.o
    0x08004a18   0x08004a18   0x0000003c   Code   RO          239    i.updataShowWifiSsid  show_page.o
    0x08004a54   0x08004a54   0x000000c8   Code   RO          323    i.updateInnorTemperatureHumidityToScreen  system_operation_scheduling.o
    0x08004b1c   0x08004b1c   0x000000d8   Code   RO          324    i.updateOutdoorWeatherToScreen  system_operation_scheduling.o
    0x08004bf4   0x08004bf4   0x00000054   Code   RO          325    i.updateRtcTimeToScreen  system_operation_scheduling.o
    0x08004c48   0x08004c48   0x00000128   Code   RO          326    i.updateWifiInfoToScreen  system_operation_scheduling.o
    0x08004d70   0x08004d70   0x0000002c   Code   RO          904    i.waitEsp32Restart  esp_at.o
    0x08004d9c   0x08004d9c   0x00000016   Code   RO          905    i.waitReadyResponseMsg  esp_at.o
    0x08004db2   0x08004db2   0x00000002   PAD
    0x08004db4   0x08004db4   0x00000128   Code   RO          179    i.waitWifiConnect   board.o
    0x08004edc   0x08004edc   0x00000088   Code   RO          906    i.weekdayStrToNum   esp_at.o
    0x08004f64   0x08004f64   0x000000b8   Code   RO          784    i.writeDataToSt7789  st7789.o
    0x0800501c   0x0800501c   0x000000c4   Code   RO          785    i.writeDataToSt7789UseDma  st7789.o
    0x080050e0   0x080050e0   0x0000007c   Code   RO          693    i.writeMulByteByI2c2  aht20.o
    0x0800515c   0x0800515c   0x00000007   Data   RO          240    .constdata          show_page.o
    0x08005163   0x08005163   0x00000001   PAD
    0x08005164   0x08005164   0x00000020   Data   RO          908    .constdata          esp_at.o
    0x08005184   0x08005184   0x00000600   Data   RO         1040    .constdata          font16_maple.o
    0x08005784   0x08005784   0x000014c8   Data   RO         1053    .constdata          font20_maple_bold.o
    0x08006c4c   0x08006c4c   0x00001738   Data   RO         1067    .constdata          font24_maple_bold.o
    0x08008384   0x08008384   0x00000478   Data   RO         1081    .constdata          font24_maple_semibold.o
    0x080087fc   0x080087fc   0x00001ca0   Data   RO         1095    .constdata          font32_maple_bold.o
    0x0800a49c   0x0800a49c   0x00000b08   Data   RO         1109    .constdata          font54_maple_bold.o
    0x0800afa4   0x0800afa4   0x00000b08   Data   RO         1123    .constdata          font54_maple_semibold.o
    0x0800baac   0x0800baac   0x00000d10   Data   RO         1137    .constdata          font64_maple_extrabold.o
    0x0800c7bc   0x0800c7bc   0x0000135c   Data   RO         1151    .constdata          font76_maple_extrabold.o
    0x0800db18   0x0800db18   0x0000fd28   Data   RO         1165    .constdata          img_meihua.o
    0x0801d840   0x0801d840   0x0000c808   Data   RO         1178    .constdata          img_error.o
    0x0802a048   0x0802a048   0x0000e6a8   Data   RO         1191    .constdata          img_wifi.o
    0x080386f0   0x080386f0   0x00000488   Data   RO         1204    .constdata          icon_wifi.o
    0x08038b78   0x08038b78   0x00000868   Data   RO         1217    .constdata          icon_wenduji.o
    0x080393e0   0x080393e0   0x000016d0   Data   RO         1230    .constdata          icon_qing.o
    0x0803aab0   0x0803aab0   0x000016d0   Data   RO         1243    .constdata          icon_duoyun.o
    0x0803c180   0x0803c180   0x000016d0   Data   RO         1256    .constdata          icon_leizhenyu.o
    0x0803d850   0x0803d850   0x000016d0   Data   RO         1269    .constdata          icon_na.o
    0x0803ef20   0x0803ef20   0x000016d0   Data   RO         1282    .constdata          icon_yintian.o
    0x080405f0   0x080405f0   0x000016d0   Data   RO         1295    .constdata          icon_yueliang.o
    0x08041cc0   0x08041cc0   0x000016d0   Data   RO         1308    .constdata          icon_zhongxue.o
    0x08043390   0x08043390   0x000016d0   Data   RO         1321    .constdata          icon_zhongyu.o
    0x08044a60   0x08044a60   0x00000040   Data   RO         6749    .constdata          mc_w.l(ctype_c.o)
    0x08044aa0   0x08044aa0   0x00000068   Data   RO          328    .conststring        system_operation_scheduling.o
    0x08044b08   0x08044b08   0x00000023   Data   RO          909    .conststring        esp_at.o
    0x08044b2b   0x08044b2b   0x00000001   PAD
    0x08044b2c   0x08044b2c   0x00000053   Data   RO         1054    .conststring        font20_maple_bold.o
    0x08044b7f   0x08044b7f   0x00000001   PAD
    0x08044b80   0x08044b80   0x00000013   Data   RO         1068    .conststring        font24_maple_bold.o
    0x08044b93   0x08044b93   0x00000001   PAD
    0x08044b94   0x08044b94   0x0000001f   Data   RO         1096    .conststring        font32_maple_bold.o
    0x08044bb3   0x08044bb3   0x00000001   PAD
    0x08044bb4   0x08044bb4   0x0000000e   Data   RO         1110    .conststring        font54_maple_bold.o
    0x08044bc2   0x08044bc2   0x00000002   PAD
    0x08044bc4   0x08044bc4   0x0000000e   Data   RO         1152    .conststring        font76_maple_extrabold.o
    0x08044bd2   0x08044bd2   0x00000002   PAD
    0x08044bd4   0x08044bd4   0x00000020   Data   RO         6753    Region$$Table       anon$$obj.o


    Execution Region RW_IRAM1 (Exec base: 0x20000000, Load base: 0x08044bf4, Size: 0x000036a0, Max: 0x00020000, ABSOLUTE)

    Exec Addr    Load Addr    Size         Type   Attr      Idx    E Section Name        Object

    0x20000000   0x08044bf4   0x00000024   Data   RW          329    .data               system_operation_scheduling.o
    0x20000024   0x08044c18   0x00000004   PAD
    0x20000028   0x08044c1c   0x0000000c   Data   RW          405    .data               systick_delay.o
    0x20000034   0x08044c28   0x00000004   Data   RW          623    .data               usart1.o
    0x20000038   0x08044c2c   0x00000014   Data   RW         1347    .data               system_stm32f4xx.o
    0x2000004c   0x08044c40   0x00000010   Data   RW         4239    .data               stm32f4xx_rcc.o
    0x2000005c   0x08044c50   0x00000004   Data   RW         6699    .data               mc_w.l(stdout.o)
    0x20000060   0x08044c54   0x00000004   Data   RW         6709    .data               mc_w.l(errno.o)
    0x20000064        -       0x00000118   Zero   RW          327    .bss                system_operation_scheduling.o
    0x2000017c        -       0x00002d20   Zero   RW          786    .bss                st7789.o
    0x20002e9c        -       0x00000400   Zero   RW          907    .bss                esp_at.o
    0x2000329c   0x08044c58   0x00000004   PAD
    0x200032a0        -       0x00000400   Zero   RW         1334    STACK               startup_stm32f40_41xxx.o


==============================================================================

Image component sizes


      Code (inc. data)   RO Data    RW Data    ZI Data      Debug   Object Name

       902         68          0          0          0       8073   aht20.o
       828        370          0          0          0       3647   board.o
      2188        608         67          0       1024      17554   esp_at.o
         0          0       1536          0          0       1647   font16_maple.o
         0          0       5403          0          0       1695   font20_maple_bold.o
         0          0       5963          0          0       1695   font24_maple_bold.o
         0          0       1144          0          0       1743   font24_maple_semibold.o
         0          0       7359          0          0       1695   font32_maple_bold.o
         0          0       2838          0          0       1655   font54_maple_bold.o
         0          0       2824          0          0       1667   font54_maple_semibold.o
         0          0       3344          0          0       1679   font64_maple_extrabold.o
         0          0       4970          0          0       1679   font76_maple_extrabold.o
         0          0       5840          0          0       1528   icon_duoyun.o
         0          0       5840          0          0       1540   icon_leizhenyu.o
         0          0       5840          0          0       1512   icon_na.o
         0          0       5840          0          0       1520   icon_qing.o
         0          0       2152          0          0       1532   icon_wenduji.o
         0          0       1160          0          0       1520   icon_wifi.o
         0          0       5840          0          0       1532   icon_yintian.o
         0          0       5840          0          0       1536   icon_yueliang.o
         0          0       5840          0          0       1536   icon_zhongxue.o
         0          0       5840          0          0       1532   icon_zhongyu.o
         0          0      51208          0          0       1524   img_error.o
         0          0      64808          0          0       1524   img_meihua.o
         0          0      59048          0          0       1516   img_wifi.o
        24          0          0          0          0     297782   main.o
       140         24          0          0          0       1719   misc.o
       178          0          0          0          0       2232   rtc.o
      1668        414          7          0          0       8475   show_page.o
      2202        140          0          0      11552      13812   st7789.o
        36          8        392          0       1024        888   startup_stm32f40_41xxx.o
       264         34          0          0          0       4630   stm32f4xx_dma.o
       254          0          0          0          0       4425   stm32f4xx_gpio.o
       448         14          0          0          0       7277   stm32f4xx_i2c.o
        12          6          0          0          0        586   stm32f4xx_pwr.o
       520         66          0         16          0       8143   stm32f4xx_rcc.o
       950         56          0          0          0       9858   stm32f4xx_rtc.o
       166          0          0          0          0       5111   stm32f4xx_spi.o
       528          8          0          0          0       8567   stm32f4xx_usart.o
      1288        518        104         36        280       6888   system_operation_scheduling.o
       340         32          0         20          0       2105   system_stm32f4xx.o
       340         46          0         12          0     316772   systick_delay.o
       260         22          0          4          0       2157   usart1.o

    ----------------------------------------------------------------------
     13556       2434     261088         92      13884     765708   Object Totals
         0          0         32          0          0          0   (incl. Generated)
        20          0          9          4          4          0   (incl. Padding)

    ----------------------------------------------------------------------

      Code (inc. data)   RO Data    RW Data    ZI Data      Debug   Library Member Name

        56         12          0          0          0        132   atof.o
        56          8          0          0          0         84   __0sscanf.o
        28          0          0          0          0         68   _chval.o
       812          4          0          0          0        112   _scanf.o
       332          0          0          0          0         96   _scanf_int.o
       224          0          0          0          0         96   _scanf_str.o
        64          0          0          0          0         84   _sgetc.o
        40          6         64          0          0         68   ctype_c.o
         0          0          0          0          0          0   entry.o
         0          0          0          0          0          0   entry10a.o
         0          0          0          0          0          0   entry11a.o
         8          4          0          0          0          0   entry2.o
         4          0          0          0          0          0   entry5.o
         0          0          0          0          0          0   entry7b.o
         0          0          0          0          0          0   entry8b.o
         8          4          0          0          0          0   entry9a.o
        24         12          0          4          0        136   errno.o
        30          0          0          0          0          0   handlers.o
        36          8          0          0          0         68   init.o
        10          0          0          0          0         68   isspace_c.o
         0          0          0          0          0          0   iusefp.o
        30          0          0          0          0         68   llshl.o
        36          0          0          0          0         68   llsshr.o
        32          0          0          0          0         68   llushr.o
        26          0          0          0          0         80   memcmp.o
        36          0          0          0          0         68   memcpya.o
        36          0          0          0          0        108   memseta.o
      2328         94          0          0          0        604   printfa.o
        40          8          0          0          0         84   scanf_char.o
       878         12          0          0          0        216   scanf_fp.o
         0          0          0          4          0          0   stdout.o
        28          0          0          0          0         76   strcmp.o
        14          0          0          0          0         68   strlen.o
        24          0          0          0          0         76   strncpy.o
        36          0          0          0          0         80   strstr.o
       156         12          0          0          0        120   strtod.o
        44          0          0          0          0         80   uidiv.o
        98          0          0          0          0         92   uldiv.o
        48          0          0          0          0         68   cdrcmple.o
        56          0          0          0          0         88   d2f.o
       334          0          0          0          0        148   dadd.o
       222          0          0          0          0        100   ddiv.o
       186          0          0          0          0        176   depilogue.o
        48          0          0          0          0         68   dfixul.o
        24          0          0          0          0         76   dfltul.o
       228          0          0          0          0         96   dmul.o
        38          0          0          0          0         68   f2d.o
       110          0          0          0          0        168   fepilogue.o

    ----------------------------------------------------------------------
      6880        184         64          8          0       4024   Library Totals
        12          0          0          0          0          0   (incl. Padding)

    ----------------------------------------------------------------------

      Code (inc. data)   RO Data    RW Data    ZI Data      Debug   Library Name

        56         12          0          0          0        132   m_wm.l
      5518        172         64          8          0       2836   mc_w.l
      1294          0          0          0          0       1056   mf_w.l

    ----------------------------------------------------------------------
      6880        184         64          8          0       4024   Library Totals

    ----------------------------------------------------------------------

==============================================================================


      Code (inc. data)   RO Data    RW Data    ZI Data      Debug   

     20436       2618     261152        100      13884     752856   Grand Totals
     20436       2618     261152        100      13884     752856   ELF Image Totals
     20436       2618     261152        100          0          0   ROM Totals

==============================================================================

    Total RO  Size (Code + RO Data)               281588 ( 274.99kB)
    Total RW  Size (RW Data + ZI Data)             13984 (  13.66kB)
    Total ROM Size (Code + RO Data + RW Data)     281688 ( 275.09kB)

==============================================================================

